<?xml version="1.0"?>
<link_info>
   <banner>TI ARM Linker PC v5.2.2</banner>
   <copyright>Copyright (c) 1996-2015 Texas Instruments Incorporated</copyright>
   <link_time>0x570cf9e4</link_time>
   <link_errors>0x0</link_errors>
   <output_file>TMS570LS1227_DEMO.out</output_file>
   <entry_point>
      <name>_c_int00</name>
      <address>0x7ebc</address>
   </entry_point>
   <input_file_list>
      <input_file id="fl-2">
         <path>.\TMS570LS1227_DEMO\source\</path>
         <kind>object</kind>
         <file>can.obj</file>
         <name>can.obj</name>
      </input_file>
      <input_file id="fl-3">
         <path>.\TMS570LS1227_DEMO\source\</path>
         <kind>object</kind>
         <file>dabort.obj</file>
         <name>dabort.obj</name>
      </input_file>
      <input_file id="fl-4">
         <path>.\TMS570LS1227_DEMO\source\</path>
         <kind>object</kind>
         <file>esm.obj</file>
         <name>esm.obj</name>
      </input_file>
      <input_file id="fl-5">
         <path>.\TMS570LS1227_DEMO\source\</path>
         <kind>object</kind>
         <file>gio.obj</file>
         <name>gio.obj</name>
      </input_file>
      <input_file id="fl-6">
         <path>.\TMS570LS1227_DEMO\source\</path>
         <kind>object</kind>
         <file>notification.obj</file>
         <name>notification.obj</name>
      </input_file>
      <input_file id="fl-7">
         <path>.\TMS570LS1227_DEMO\source\</path>
         <kind>object</kind>
         <file>pinmux.obj</file>
         <name>pinmux.obj</name>
      </input_file>
      <input_file id="fl-8">
         <path>.\TMS570LS1227_DEMO\source\</path>
         <kind>object</kind>
         <file>sci.obj</file>
         <name>sci.obj</name>
      </input_file>
      <input_file id="fl-9">
         <path>.\TMS570LS1227_DEMO\source\</path>
         <kind>object</kind>
         <file>sys_core.obj</file>
         <name>sys_core.obj</name>
      </input_file>
      <input_file id="fl-a">
         <path>.\TMS570LS1227_DEMO\source\</path>
         <kind>object</kind>
         <file>sys_dma.obj</file>
         <name>sys_dma.obj</name>
      </input_file>
      <input_file id="fl-b">
         <path>.\TMS570LS1227_DEMO\source\</path>
         <kind>object</kind>
         <file>sys_intvecs.obj</file>
         <name>sys_intvecs.obj</name>
      </input_file>
      <input_file id="fl-c">
         <path>.\TMS570LS1227_DEMO\source\</path>
         <kind>object</kind>
         <file>sys_main.obj</file>
         <name>sys_main.obj</name>
      </input_file>
      <input_file id="fl-d">
         <path>.\TMS570LS1227_DEMO\source\</path>
         <kind>object</kind>
         <file>sys_mpu.obj</file>
         <name>sys_mpu.obj</name>
      </input_file>
      <input_file id="fl-e">
         <path>.\TMS570LS1227_DEMO\source\</path>
         <kind>object</kind>
         <file>sys_pcr.obj</file>
         <name>sys_pcr.obj</name>
      </input_file>
      <input_file id="fl-f">
         <path>.\TMS570LS1227_DEMO\source\</path>
         <kind>object</kind>
         <file>sys_phantom.obj</file>
         <name>sys_phantom.obj</name>
      </input_file>
      <input_file id="fl-10">
         <path>.\TMS570LS1227_DEMO\source\</path>
         <kind>object</kind>
         <file>sys_pmm.obj</file>
         <name>sys_pmm.obj</name>
      </input_file>
      <input_file id="fl-11">
         <path>.\TMS570LS1227_DEMO\source\</path>
         <kind>object</kind>
         <file>sys_pmu.obj</file>
         <name>sys_pmu.obj</name>
      </input_file>
      <input_file id="fl-12">
         <path>.\TMS570LS1227_DEMO\source\</path>
         <kind>object</kind>
         <file>sys_selftest.obj</file>
         <name>sys_selftest.obj</name>
      </input_file>
      <input_file id="fl-13">
         <path>.\TMS570LS1227_DEMO\source\</path>
         <kind>object</kind>
         <file>sys_startup.obj</file>
         <name>sys_startup.obj</name>
      </input_file>
      <input_file id="fl-14">
         <path>.\TMS570LS1227_DEMO\source\</path>
         <kind>object</kind>
         <file>sys_vim.obj</file>
         <name>sys_vim.obj</name>
      </input_file>
      <input_file id="fl-15">
         <path>.\TMS570LS1227_DEMO\source\</path>
         <kind>object</kind>
         <file>system.obj</file>
         <name>system.obj</name>
      </input_file>
      <input_file id="fl-16">
         <path>.\TMS570LS1227_DEMO\App\</path>
         <kind>object</kind>
         <file>CanProtocol.obj</file>
         <name>CanProtocol.obj</name>
      </input_file>
      <input_file id="fl-17">
         <path>.\TMS570LS1227_DEMO\App\</path>
         <kind>object</kind>
         <file>printf.obj</file>
         <name>printf.obj</name>
      </input_file>
      <input_file id="fl-1c">
         <path>D:\Program Files (x86)\ccs\ccsv6\tools\compiler\ti-cgt-arm_5.2.2\lib\</path>
         <kind>archive</kind>
         <file>rtsv7R4_T_be_v3D16_eabi.lib</file>
         <name>autoinit.obj</name>
      </input_file>
      <input_file id="fl-1d">
         <path>D:\Program Files (x86)\ccs\ccsv6\tools\compiler\ti-cgt-arm_5.2.2\lib\</path>
         <kind>archive</kind>
         <file>rtsv7R4_T_be_v3D16_eabi.lib</file>
         <name>copy_decompress_none.obj</name>
      </input_file>
      <input_file id="fl-1e">
         <path>D:\Program Files (x86)\ccs\ccsv6\tools\compiler\ti-cgt-arm_5.2.2\lib\</path>
         <kind>archive</kind>
         <file>rtsv7R4_T_be_v3D16_eabi.lib</file>
         <name>copy_decompress_rle.obj</name>
      </input_file>
      <input_file id="fl-1f">
         <path>D:\Program Files (x86)\ccs\ccsv6\tools\compiler\ti-cgt-arm_5.2.2\lib\</path>
         <kind>archive</kind>
         <file>rtsv7R4_T_be_v3D16_eabi.lib</file>
         <name>copy_zero_init.obj</name>
      </input_file>
      <input_file id="fl-20">
         <path>D:\Program Files (x86)\ccs\ccsv6\tools\compiler\ti-cgt-arm_5.2.2\lib\</path>
         <kind>archive</kind>
         <file>rtsv7R4_T_be_v3D16_eabi.lib</file>
         <name>cpy_tbl.obj</name>
      </input_file>
      <input_file id="fl-21">
         <path>D:\Program Files (x86)\ccs\ccsv6\tools\compiler\ti-cgt-arm_5.2.2\lib\</path>
         <kind>archive</kind>
         <file>rtsv7R4_T_be_v3D16_eabi.lib</file>
         <name>defs.obj</name>
      </input_file>
      <input_file id="fl-22">
         <path>D:\Program Files (x86)\ccs\ccsv6\tools\compiler\ti-cgt-arm_5.2.2\lib\</path>
         <kind>archive</kind>
         <file>rtsv7R4_T_be_v3D16_eabi.lib</file>
         <name>exit.obj</name>
      </input_file>
      <input_file id="fl-23">
         <path>D:\Program Files (x86)\ccs\ccsv6\tools\compiler\ti-cgt-arm_5.2.2\lib\</path>
         <kind>archive</kind>
         <file>rtsv7R4_T_be_v3D16_eabi.lib</file>
         <name>memcpy_t2.obj</name>
      </input_file>
      <input_file id="fl-24">
         <path>D:\Program Files (x86)\ccs\ccsv6\tools\compiler\ti-cgt-arm_5.2.2\lib\</path>
         <kind>archive</kind>
         <file>rtsv7R4_T_be_v3D16_eabi.lib</file>
         <name>memset_t2.obj</name>
      </input_file>
      <input_file id="fl-25">
         <path>D:\Program Files (x86)\ccs\ccsv6\tools\compiler\ti-cgt-arm_5.2.2\lib\</path>
         <kind>archive</kind>
         <file>rtsv7R4_T_be_v3D16_eabi.lib</file>
         <name>u_div32.obj</name>
      </input_file>
      <input_file id="fl-26">
         <path>D:\Program Files (x86)\ccs\ccsv6\tools\compiler\ti-cgt-arm_5.2.2\lib\</path>
         <kind>archive</kind>
         <file>rtsv7R4_T_be_v3D16_eabi.lib</file>
         <name>_lock.obj</name>
      </input_file>
   </input_file_list>
   <object_component_list>
      <object_component id="oc-39">
         <name>.intvecs</name>
         <load_address>0x0</load_address>
         <run_address>0x0</run_address>
         <size>0x20</size>
         <input_file_ref idref="fl-b"/>
      </object_component>
      <object_component id="oc-80">
         <name>.text</name>
         <load_address>0x20</load_address>
         <run_address>0x20</run_address>
         <size>0x2cdc</size>
         <input_file_ref idref="fl-12"/>
      </object_component>
      <object_component id="oc-a5">
         <name>.text</name>
         <load_address>0x2cfc</load_address>
         <run_address>0x2cfc</run_address>
         <size>0xe60</size>
         <input_file_ref idref="fl-2"/>
      </object_component>
      <object_component id="oc-7a">
         <name>.text</name>
         <load_address>0x3b5c</load_address>
         <run_address>0x3b5c</run_address>
         <size>0xb28</size>
         <input_file_ref idref="fl-15"/>
      </object_component>
      <object_component id="oc-b1">
         <name>.text</name>
         <load_address>0x4684</load_address>
         <run_address>0x4684</run_address>
         <size>0xa8c</size>
         <input_file_ref idref="fl-17"/>
      </object_component>
      <object_component id="oc-45">
         <name>.text</name>
         <load_address>0x5110</load_address>
         <run_address>0x5110</run_address>
         <size>0xa4c</size>
         <input_file_ref idref="fl-14"/>
      </object_component>
      <object_component id="oc-f4">
         <name>.text</name>
         <load_address>0x5b5c</load_address>
         <run_address>0x5b5c</run_address>
         <size>0x8cc</size>
         <input_file_ref idref="fl-7"/>
      </object_component>
      <object_component id="oc-112">
         <name>.text</name>
         <load_address>0x6428</load_address>
         <run_address>0x6428</run_address>
         <size>0x750</size>
         <input_file_ref idref="fl-8"/>
      </object_component>
      <object_component id="oc-ab">
         <name>.text</name>
         <load_address>0x6b78</load_address>
         <run_address>0x6b78</run_address>
         <size>0x734</size>
         <input_file_ref idref="fl-16"/>
      </object_component>
      <object_component id="oc-86">
         <name>.text</name>
         <load_address>0x72ac</load_address>
         <run_address>0x72ac</run_address>
         <size>0x5e8</size>
         <input_file_ref idref="fl-4"/>
      </object_component>
      <object_component id="oc-75">
         <name>.text</name>
         <load_address>0x7894</load_address>
         <run_address>0x7894</run_address>
         <size>0x34c</size>
         <input_file_ref idref="fl-9"/>
      </object_component>
      <object_component id="oc-44">
         <name>.text:retain</name>
         <load_address>0x7be0</load_address>
         <run_address>0x7be0</run_address>
         <size>0x2dc</size>
         <input_file_ref idref="fl-14"/>
      </object_component>
      <object_component id="oc-1e">
         <name>.text:retain</name>
         <load_address>0x7ebc</load_address>
         <run_address>0x7ebc</run_address>
         <size>0x27c</size>
         <input_file_ref idref="fl-13"/>
      </object_component>
      <object_component id="oc-33">
         <name>.text:retain</name>
         <load_address>0x8138</load_address>
         <run_address>0x8138</run_address>
         <size>0x204</size>
         <input_file_ref idref="fl-8"/>
      </object_component>
      <object_component id="oc-24">
         <name>.text:retain</name>
         <load_address>0x833c</load_address>
         <run_address>0x833c</run_address>
         <size>0x200</size>
         <input_file_ref idref="fl-2"/>
      </object_component>
      <object_component id="oc-2d">
         <name>.text:retain</name>
         <load_address>0x853c</load_address>
         <run_address>0x853c</run_address>
         <size>0x114</size>
         <input_file_ref idref="fl-4"/>
      </object_component>
      <object_component id="oc-c8">
         <name>.text</name>
         <load_address>0x8650</load_address>
         <run_address>0x8650</run_address>
         <size>0xe8</size>
         <input_file_ref idref="fl-3"/>
      </object_component>
      <object_component id="oc-fc">
         <name>.text</name>
         <load_address>0x8738</load_address>
         <run_address>0x8738</run_address>
         <size>0xe0</size>
         <input_file_ref idref="fl-11"/>
      </object_component>
      <object_component id="oc-9f">
         <name>.text</name>
         <load_address>0x8818</load_address>
         <run_address>0x8818</run_address>
         <size>0xbc</size>
         <input_file_ref idref="fl-6"/>
      </object_component>
      <object_component id="oc-50">
         <name>.text</name>
         <load_address>0x88d4</load_address>
         <run_address>0x88d4</run_address>
         <size>0x9c</size>
         <input_file_ref idref="fl-23"/>
      </object_component>
      <object_component id="oc-69">
         <name>.text</name>
         <load_address>0x8970</load_address>
         <run_address>0x8970</run_address>
         <size>0x7a</size>
         <input_file_ref idref="fl-24"/>
      </object_component>
      <object_component id="oc-8c">
         <name>.text</name>
         <load_address>0x89ec</load_address>
         <run_address>0x89ec</run_address>
         <size>0x6c</size>
         <input_file_ref idref="fl-1c"/>
      </object_component>
      <object_component id="oc-5c">
         <name>.text</name>
         <load_address>0x8a58</load_address>
         <run_address>0x8a58</run_address>
         <size>0x6a</size>
         <input_file_ref idref="fl-1e"/>
      </object_component>
      <object_component id="oc-149">
         <name>.text</name>
         <load_address>0x8ac4</load_address>
         <run_address>0x8ac4</run_address>
         <size>0x54</size>
         <input_file_ref idref="fl-25"/>
      </object_component>
      <object_component id="oc-10a">
         <name>.text</name>
         <load_address>0x8b18</load_address>
         <run_address>0x8b18</run_address>
         <size>0x4c</size>
         <input_file_ref idref="fl-20"/>
      </object_component>
      <object_component id="oc-98">
         <name>.text</name>
         <load_address>0x8b64</load_address>
         <run_address>0x8b64</run_address>
         <size>0x40</size>
         <input_file_ref idref="fl-22"/>
      </object_component>
      <object_component id="oc-92">
         <name>.text</name>
         <load_address>0x8ba4</load_address>
         <run_address>0x8ba4</run_address>
         <size>0x38</size>
         <input_file_ref idref="fl-c"/>
      </object_component>
      <object_component id="oc-1df">
         <name>.text</name>
         <load_address>0x8bdc</load_address>
         <run_address>0x8bdc</run_address>
         <size>0x14</size>
         <input_file_ref idref="fl-26"/>
      </object_component>
      <object_component id="oc-c">
         <name>.text:decompress:none</name>
         <load_address>0x8bf0</load_address>
         <run_address>0x8bf0</run_address>
         <size>0xe</size>
         <input_file_ref idref="fl-1d"/>
      </object_component>
      <object_component id="oc-18">
         <name>.text:decompress:ZI</name>
         <load_address>0x8bfe</load_address>
         <run_address>0x8bfe</run_address>
         <size>0xc</size>
         <input_file_ref idref="fl-1f"/>
      </object_component>
      <object_component id="oc-12">
         <name>.text:decompress:rle24</name>
         <load_address>0x8c0a</load_address>
         <run_address>0x8c0a</run_address>
         <size>0x6</size>
         <input_file_ref idref="fl-1e"/>
      </object_component>
      <object_component id="oc-3e">
         <name>.text:retain</name>
         <load_address>0x8c10</load_address>
         <run_address>0x8c10</run_address>
         <size>0x4</size>
         <input_file_ref idref="fl-f"/>
      </object_component>
      <object_component id="oc-2a">
         <name>.const:s_vim_init</name>
         <load_address>0x8c14</load_address>
         <run_address>0x8c14</run_address>
         <size>0x200</size>
         <input_file_ref idref="fl-14"/>
      </object_component>
      <object_component id="oc-14e">
         <name>.const:.string:$P$T0$1</name>
         <load_address>0x8e14</load_address>
         <run_address>0x8e14</run_address>
         <size>0x24</size>
         <input_file_ref idref="fl-17"/>
      </object_component>
      <object_component id="oc-129">
         <name>.const</name>
         <load_address>0x8e38</load_address>
         <run_address>0x8e38</run_address>
         <size>0x20</size>
         <input_file_ref idref="fl-2"/>
      </object_component>
      <object_component id="oc-25e">
         <name>.cinit..data.load</name>
         <load_address>0x8e58</load_address>
         <run_address>0x8e58</run_address>
         <size>0x2a</size>
      </object_component>
      <object_component id="oc-25b">
         <name>__TI_handler_table</name>
         <load_address>0x8e84</load_address>
         <run_address>0x8e84</run_address>
         <size>0xc</size>
      </object_component>
      <object_component id="oc-25d">
         <name>.cinit..bss.load</name>
         <load_address>0x8e90</load_address>
         <run_address>0x8e90</run_address>
         <size>0x8</size>
      </object_component>
      <object_component id="oc-25c">
         <name>__TI_cinit_table</name>
         <load_address>0x8e98</load_address>
         <run_address>0x8e98</run_address>
         <size>0x10</size>
      </object_component>
      <object_component id="oc-c4">
         <name>.bss:g_sciTransfer_t</name>
         <uninitialized>true</uninitialized>
         <run_address>0x800167c</run_address>
         <size>0x28</size>
         <input_file_ref idref="fl-8"/>
      </object_component>
      <object_component id="oc-135">
         <name>.bss:CanRxCmdRingBuffer</name>
         <uninitialized>true</uninitialized>
         <run_address>0x8001604</run_address>
         <size>0x78</size>
         <input_file_ref idref="fl-16"/>
      </object_component>
      <object_component id="oc-b7">
         <name>.common:RxMessage</name>
         <uninitialized>true</uninitialized>
         <run_address>0x80016a4</run_address>
         <size>0x14</size>
      </object_component>
      <object_component id="oc-132">
         <name>.data</name>
         <load_address>0x8001600</load_address>
         <run_address>0x8001600</run_address>
         <size>0x4</size>
         <input_file_ref idref="fl-16"/>
      </object_component>
      <object_component id="oc-151">
         <name>.data:_ftable</name>
         <load_address>0x8001500</load_address>
         <run_address>0x8001500</run_address>
         <size>0xf0</size>
         <input_file_ref idref="fl-21"/>
      </object_component>
      <object_component id="oc-11c">
         <name>.data</name>
         <load_address>0x80015f8</load_address>
         <run_address>0x80015f8</run_address>
         <size>0x8</size>
         <input_file_ref idref="fl-22"/>
      </object_component>
      <object_component id="oc-119">
         <name>.data</name>
         <load_address>0x80015f0</load_address>
         <run_address>0x80015f0</run_address>
         <size>0x8</size>
         <input_file_ref idref="fl-26"/>
      </object_component>
      <object_component id="oc-b8">
         <name>.debug_info</name>
         <load_address>0x0</load_address>
         <run_address>0x0</run_address>
         <size>0x321</size>
         <input_file_ref idref="fl-2"/>
      </object_component>
      <object_component id="oc-12a">
         <name>.debug_info</name>
         <load_address>0x321</load_address>
         <run_address>0x321</run_address>
         <size>0xfa</size>
         <input_file_ref idref="fl-2"/>
      </object_component>
      <object_component id="oc-a6">
         <name>.debug_info</name>
         <load_address>0x41b</load_address>
         <run_address>0x41b</run_address>
         <size>0x18c5</size>
         <input_file_ref idref="fl-2"/>
      </object_component>
      <object_component id="oc-25">
         <name>.debug_info</name>
         <load_address>0x1ce0</load_address>
         <run_address>0x1ce0</run_address>
         <size>0x290</size>
         <input_file_ref idref="fl-2"/>
      </object_component>
      <object_component id="oc-13a">
         <name>.debug_info</name>
         <load_address>0x1f70</load_address>
         <run_address>0x1f70</run_address>
         <size>0x30b</size>
         <input_file_ref idref="fl-2"/>
      </object_component>
      <object_component id="oc-bb">
         <name>.debug_info</name>
         <load_address>0x227b</load_address>
         <run_address>0x227b</run_address>
         <size>0x157</size>
         <input_file_ref idref="fl-2"/>
      </object_component>
      <object_component id="oc-156">
         <name>.debug_info</name>
         <load_address>0x23d2</load_address>
         <run_address>0x23d2</run_address>
         <size>0xc8</size>
         <input_file_ref idref="fl-2"/>
      </object_component>
      <object_component id="oc-13f">
         <name>.debug_info</name>
         <load_address>0x249a</load_address>
         <run_address>0x249a</run_address>
         <size>0x8b</size>
         <input_file_ref idref="fl-2"/>
      </object_component>
      <object_component id="oc-d0">
         <name>.debug_info</name>
         <load_address>0x2525</load_address>
         <run_address>0x2525</run_address>
         <size>0x18c</size>
         <input_file_ref idref="fl-2"/>
      </object_component>
      <object_component id="oc-144">
         <name>.debug_info</name>
         <load_address>0x26b1</load_address>
         <run_address>0x26b1</run_address>
         <size>0x18b</size>
         <input_file_ref idref="fl-2"/>
      </object_component>
      <object_component id="oc-d5">
         <name>.debug_info</name>
         <load_address>0x283c</load_address>
         <run_address>0x283c</run_address>
         <size>0x86</size>
         <input_file_ref idref="fl-2"/>
      </object_component>
      <object_component id="oc-15b">
         <name>.debug_info</name>
         <load_address>0x28c2</load_address>
         <run_address>0x28c2</run_address>
         <size>0x4e</size>
         <input_file_ref idref="fl-2"/>
      </object_component>
      <object_component id="oc-162">
         <name>.debug_info</name>
         <load_address>0x2910</load_address>
         <run_address>0x2910</run_address>
         <size>0x437</size>
         <input_file_ref idref="fl-2"/>
      </object_component>
      <object_component id="oc-12d">
         <name>.debug_info</name>
         <load_address>0x2d47</load_address>
         <run_address>0x2d47</run_address>
         <size>0x15f</size>
         <input_file_ref idref="fl-2"/>
      </object_component>
      <object_component id="oc-167">
         <name>.debug_info</name>
         <load_address>0x2ea6</load_address>
         <run_address>0x2ea6</run_address>
         <size>0x2d0</size>
         <input_file_ref idref="fl-2"/>
      </object_component>
      <object_component id="oc-c9">
         <name>.debug_info</name>
         <load_address>0x3176</load_address>
         <run_address>0x3176</run_address>
         <size>0x12c</size>
         <input_file_ref idref="fl-3"/>
      </object_component>
      <object_component id="oc-109">
         <name>.debug_info</name>
         <load_address>0x32a2</load_address>
         <run_address>0x32a2</run_address>
         <size>0x188</size>
         <input_file_ref idref="fl-4"/>
      </object_component>
      <object_component id="oc-87">
         <name>.debug_info</name>
         <load_address>0x342a</load_address>
         <run_address>0x342a</run_address>
         <size>0xda1</size>
         <input_file_ref idref="fl-4"/>
      </object_component>
      <object_component id="oc-2e">
         <name>.debug_info</name>
         <load_address>0x41cb</load_address>
         <run_address>0x41cb</run_address>
         <size>0x1c1</size>
         <input_file_ref idref="fl-4"/>
      </object_component>
      <object_component id="oc-16e">
         <name>.debug_info</name>
         <load_address>0x438c</load_address>
         <run_address>0x438c</run_address>
         <size>0x1de</size>
         <input_file_ref idref="fl-4"/>
      </object_component>
      <object_component id="oc-104">
         <name>.debug_info</name>
         <load_address>0x456a</load_address>
         <run_address>0x456a</run_address>
         <size>0x129</size>
         <input_file_ref idref="fl-4"/>
      </object_component>
      <object_component id="oc-209">
         <name>.debug_info</name>
         <load_address>0x4693</load_address>
         <run_address>0x4693</run_address>
         <size>0x10b</size>
         <input_file_ref idref="fl-5"/>
      </object_component>
      <object_component id="oc-178">
         <name>.debug_info</name>
         <load_address>0x479e</load_address>
         <run_address>0x479e</run_address>
         <size>0x1f9</size>
         <input_file_ref idref="fl-5"/>
      </object_component>
      <object_component id="oc-231">
         <name>.debug_info</name>
         <load_address>0x4997</load_address>
         <run_address>0x4997</run_address>
         <size>0x12a</size>
         <input_file_ref idref="fl-5"/>
      </object_component>
      <object_component id="oc-123">
         <name>.debug_info</name>
         <load_address>0x4ac1</load_address>
         <run_address>0x4ac1</run_address>
         <size>0x30c</size>
         <input_file_ref idref="fl-6"/>
      </object_component>
      <object_component id="oc-a0">
         <name>.debug_info</name>
         <load_address>0x4dcd</load_address>
         <run_address>0x4dcd</run_address>
         <size>0xa62</size>
         <input_file_ref idref="fl-6"/>
      </object_component>
      <object_component id="oc-194">
         <name>.debug_info</name>
         <load_address>0x582f</load_address>
         <run_address>0x582f</run_address>
         <size>0x791</size>
         <input_file_ref idref="fl-6"/>
      </object_component>
      <object_component id="oc-199">
         <name>.debug_info</name>
         <load_address>0x5fc0</load_address>
         <run_address>0x5fc0</run_address>
         <size>0x4de</size>
         <input_file_ref idref="fl-6"/>
      </object_component>
      <object_component id="oc-19e">
         <name>.debug_info</name>
         <load_address>0x649e</load_address>
         <run_address>0x649e</run_address>
         <size>0x3ce</size>
         <input_file_ref idref="fl-6"/>
      </object_component>
      <object_component id="oc-1ef">
         <name>.debug_info</name>
         <load_address>0x686c</load_address>
         <run_address>0x686c</run_address>
         <size>0x7cd</size>
         <input_file_ref idref="fl-6"/>
      </object_component>
      <object_component id="oc-124">
         <name>.debug_info</name>
         <load_address>0x7039</load_address>
         <run_address>0x7039</run_address>
         <size>0x673</size>
         <input_file_ref idref="fl-6"/>
      </object_component>
      <object_component id="oc-eb">
         <name>.debug_info</name>
         <load_address>0x76ac</load_address>
         <run_address>0x76ac</run_address>
         <size>0x2c</size>
         <input_file_ref idref="fl-6"/>
      </object_component>
      <object_component id="oc-1c9">
         <name>.debug_info</name>
         <load_address>0x76d8</load_address>
         <run_address>0x76d8</run_address>
         <size>0x37b</size>
         <input_file_ref idref="fl-6"/>
      </object_component>
      <object_component id="oc-1a3">
         <name>.debug_info</name>
         <load_address>0x7a53</load_address>
         <run_address>0x7a53</run_address>
         <size>0x1ca</size>
         <input_file_ref idref="fl-6"/>
      </object_component>
      <object_component id="oc-173">
         <name>.debug_info</name>
         <load_address>0x7c1d</load_address>
         <run_address>0x7c1d</run_address>
         <size>0x435</size>
         <input_file_ref idref="fl-6"/>
      </object_component>
      <object_component id="oc-1bc">
         <name>.debug_info</name>
         <load_address>0x8052</load_address>
         <run_address>0x8052</run_address>
         <size>0x551</size>
         <input_file_ref idref="fl-6"/>
      </object_component>
      <object_component id="oc-1a8">
         <name>.debug_info</name>
         <load_address>0x85a3</load_address>
         <run_address>0x85a3</run_address>
         <size>0x3d3</size>
         <input_file_ref idref="fl-6"/>
      </object_component>
      <object_component id="oc-1b2">
         <name>.debug_info</name>
         <load_address>0x8976</load_address>
         <run_address>0x8976</run_address>
         <size>0x1de</size>
         <input_file_ref idref="fl-6"/>
      </object_component>
      <object_component id="oc-1f4">
         <name>.debug_info</name>
         <load_address>0x8b54</load_address>
         <run_address>0x8b54</run_address>
         <size>0x243</size>
         <input_file_ref idref="fl-6"/>
      </object_component>
      <object_component id="oc-211">
         <name>.debug_info</name>
         <load_address>0x8d97</load_address>
         <run_address>0x8d97</run_address>
         <size>0x18e</size>
         <input_file_ref idref="fl-6"/>
      </object_component>
      <object_component id="oc-1c1">
         <name>.debug_info</name>
         <load_address>0x8f25</load_address>
         <run_address>0x8f25</run_address>
         <size>0x17a</size>
         <input_file_ref idref="fl-6"/>
      </object_component>
      <object_component id="oc-17d">
         <name>.debug_info</name>
         <load_address>0x909f</load_address>
         <run_address>0x909f</run_address>
         <size>0x6a6</size>
         <input_file_ref idref="fl-6"/>
      </object_component>
      <object_component id="oc-182">
         <name>.debug_info</name>
         <load_address>0x9745</load_address>
         <run_address>0x9745</run_address>
         <size>0x13e</size>
         <input_file_ref idref="fl-6"/>
      </object_component>
      <object_component id="oc-191">
         <name>.debug_info</name>
         <load_address>0x9883</load_address>
         <run_address>0x9883</run_address>
         <size>0xf2</size>
         <input_file_ref idref="fl-7"/>
      </object_component>
      <object_component id="oc-f5">
         <name>.debug_info</name>
         <load_address>0x9975</load_address>
         <run_address>0x9975</run_address>
         <size>0x243</size>
         <input_file_ref idref="fl-7"/>
      </object_component>
      <object_component id="oc-1ad">
         <name>.debug_info</name>
         <load_address>0x9bb8</load_address>
         <run_address>0x9bb8</run_address>
         <size>0x508</size>
         <input_file_ref idref="fl-7"/>
      </object_component>
      <object_component id="oc-218">
         <name>.debug_info</name>
         <load_address>0xa0c0</load_address>
         <run_address>0xa0c0</run_address>
         <size>0x43c</size>
         <input_file_ref idref="fl-7"/>
      </object_component>
      <object_component id="oc-18e">
         <name>.debug_info</name>
         <load_address>0xa4fc</load_address>
         <run_address>0xa4fc</run_address>
         <size>0x16c</size>
         <input_file_ref idref="fl-8"/>
      </object_component>
      <object_component id="oc-c5">
         <name>.debug_info</name>
         <load_address>0xa668</load_address>
         <run_address>0xa668</run_address>
         <size>0xfc</size>
         <input_file_ref idref="fl-8"/>
      </object_component>
      <object_component id="oc-113">
         <name>.debug_info</name>
         <load_address>0xa764</load_address>
         <run_address>0xa764</run_address>
         <size>0xd72</size>
         <input_file_ref idref="fl-8"/>
      </object_component>
      <object_component id="oc-34">
         <name>.debug_info</name>
         <load_address>0xb4d6</load_address>
         <run_address>0xb4d6</run_address>
         <size>0x247</size>
         <input_file_ref idref="fl-8"/>
      </object_component>
      <object_component id="oc-20c">
         <name>.debug_info</name>
         <load_address>0xb71d</load_address>
         <run_address>0xb71d</run_address>
         <size>0x9f</size>
         <input_file_ref idref="fl-8"/>
      </object_component>
      <object_component id="oc-76">
         <name>.debug_info</name>
         <load_address>0xb7bc</load_address>
         <run_address>0xb7bc</run_address>
         <size>0xa79</size>
         <input_file_ref idref="fl-9"/>
      </object_component>
      <object_component id="oc-3a">
         <name>.debug_info</name>
         <load_address>0xc235</load_address>
         <run_address>0xc235</run_address>
         <size>0x134</size>
         <input_file_ref idref="fl-b"/>
      </object_component>
      <object_component id="oc-93">
         <name>.debug_info</name>
         <load_address>0xc369</load_address>
         <run_address>0xc369</run_address>
         <size>0x1d3</size>
         <input_file_ref idref="fl-c"/>
      </object_component>
      <object_component id="oc-21d">
         <name>.debug_info</name>
         <load_address>0xc53c</load_address>
         <run_address>0xc53c</run_address>
         <size>0x111</size>
         <input_file_ref idref="fl-e"/>
      </object_component>
      <object_component id="oc-238">
         <name>.debug_info</name>
         <load_address>0xc64d</load_address>
         <run_address>0xc64d</run_address>
         <size>0x242</size>
         <input_file_ref idref="fl-e"/>
      </object_component>
      <object_component id="oc-1b7">
         <name>.debug_info</name>
         <load_address>0xc88f</load_address>
         <run_address>0xc88f</run_address>
         <size>0x2af</size>
         <input_file_ref idref="fl-e"/>
      </object_component>
      <object_component id="oc-3f">
         <name>.debug_info</name>
         <load_address>0xcb3e</load_address>
         <run_address>0xcb3e</run_address>
         <size>0x172</size>
         <input_file_ref idref="fl-f"/>
      </object_component>
      <object_component id="oc-fd">
         <name>.debug_info</name>
         <load_address>0xccb0</load_address>
         <run_address>0xccb0</run_address>
         <size>0x46f</size>
         <input_file_ref idref="fl-11"/>
      </object_component>
      <object_component id="oc-102">
         <name>.debug_info</name>
         <load_address>0xd11f</load_address>
         <run_address>0xd11f</run_address>
         <size>0x4e1</size>
         <input_file_ref idref="fl-12"/>
      </object_component>
      <object_component id="oc-81">
         <name>.debug_info</name>
         <load_address>0xd600</load_address>
         <run_address>0xd600</run_address>
         <size>0x3614</size>
         <input_file_ref idref="fl-12"/>
      </object_component>
      <object_component id="oc-1f">
         <name>.debug_info</name>
         <load_address>0x10c14</load_address>
         <run_address>0x10c14</run_address>
         <size>0x5dd</size>
         <input_file_ref idref="fl-13"/>
      </object_component>
      <object_component id="oc-c2">
         <name>.debug_info</name>
         <load_address>0x111f1</load_address>
         <run_address>0x111f1</run_address>
         <size>0x323</size>
         <input_file_ref idref="fl-14"/>
      </object_component>
      <object_component id="oc-2b">
         <name>.debug_info</name>
         <load_address>0x11514</load_address>
         <run_address>0x11514</run_address>
         <size>0xf6</size>
         <input_file_ref idref="fl-14"/>
      </object_component>
      <object_component id="oc-46">
         <name>.debug_info</name>
         <load_address>0x1160a</load_address>
         <run_address>0x1160a</run_address>
         <size>0x53c</size>
         <input_file_ref idref="fl-14"/>
      </object_component>
      <object_component id="oc-4b">
         <name>.debug_info</name>
         <load_address>0x11b46</load_address>
         <run_address>0x11b46</run_address>
         <size>0x235</size>
         <input_file_ref idref="fl-14"/>
      </object_component>
      <object_component id="oc-187">
         <name>.debug_info</name>
         <load_address>0x11d7b</load_address>
         <run_address>0x11d7b</run_address>
         <size>0x5d</size>
         <input_file_ref idref="fl-14"/>
      </object_component>
      <object_component id="oc-fb">
         <name>.debug_info</name>
         <load_address>0x11dd8</load_address>
         <run_address>0x11dd8</run_address>
         <size>0x38e</size>
         <input_file_ref idref="fl-15"/>
      </object_component>
      <object_component id="oc-7b">
         <name>.debug_info</name>
         <load_address>0x12166</load_address>
         <run_address>0x12166</run_address>
         <size>0x8af</size>
         <input_file_ref idref="fl-15"/>
      </object_component>
      <object_component id="oc-139">
         <name>.debug_info</name>
         <load_address>0x12a15</load_address>
         <run_address>0x12a15</run_address>
         <size>0x1d6</size>
         <input_file_ref idref="fl-16"/>
      </object_component>
      <object_component id="oc-133">
         <name>.debug_info</name>
         <load_address>0x12beb</load_address>
         <run_address>0x12beb</run_address>
         <size>0x1a9</size>
         <input_file_ref idref="fl-16"/>
      </object_component>
      <object_component id="oc-136">
         <name>.debug_info</name>
         <load_address>0x12d94</load_address>
         <run_address>0x12d94</run_address>
         <size>0x108</size>
         <input_file_ref idref="fl-16"/>
      </object_component>
      <object_component id="oc-ac">
         <name>.debug_info</name>
         <load_address>0x12e9c</load_address>
         <run_address>0x12e9c</run_address>
         <size>0xa69</size>
         <input_file_ref idref="fl-16"/>
      </object_component>
      <object_component id="oc-155">
         <name>.debug_info</name>
         <load_address>0x13905</load_address>
         <run_address>0x13905</run_address>
         <size>0x193</size>
         <input_file_ref idref="fl-17"/>
      </object_component>
      <object_component id="oc-14f">
         <name>.debug_info</name>
         <load_address>0x13a98</load_address>
         <run_address>0x13a98</run_address>
         <size>0xed</size>
         <input_file_ref idref="fl-17"/>
      </object_component>
      <object_component id="oc-b2">
         <name>.debug_info</name>
         <load_address>0x13b85</load_address>
         <run_address>0x13b85</run_address>
         <size>0x1285</size>
         <input_file_ref idref="fl-17"/>
      </object_component>
      <object_component id="oc-111">
         <name>.debug_info</name>
         <load_address>0x14e0a</load_address>
         <run_address>0x14e0a</run_address>
         <size>0x2a0</size>
         <input_file_ref idref="fl-1c"/>
      </object_component>
      <object_component id="oc-8f">
         <name>.debug_info</name>
         <load_address>0x150aa</load_address>
         <run_address>0x150aa</run_address>
         <size>0x15a</size>
         <input_file_ref idref="fl-1c"/>
      </object_component>
      <object_component id="oc-e3">
         <name>.debug_info</name>
         <load_address>0x15204</load_address>
         <run_address>0x15204</run_address>
         <size>0x84</size>
         <input_file_ref idref="fl-1c"/>
      </object_component>
      <object_component id="oc-1d4">
         <name>.debug_info</name>
         <load_address>0x15288</load_address>
         <run_address>0x15288</run_address>
         <size>0x39</size>
         <input_file_ref idref="fl-1c"/>
      </object_component>
      <object_component id="oc-1d9">
         <name>.debug_info</name>
         <load_address>0x152c1</load_address>
         <run_address>0x152c1</run_address>
         <size>0xcd</size>
         <input_file_ref idref="fl-1c"/>
      </object_component>
      <object_component id="oc-5b">
         <name>.debug_info</name>
         <load_address>0x1538e</load_address>
         <run_address>0x1538e</run_address>
         <size>0x123</size>
         <input_file_ref idref="fl-1d"/>
      </object_component>
      <object_component id="oc-e">
         <name>.debug_info</name>
         <load_address>0x154b1</load_address>
         <run_address>0x154b1</run_address>
         <size>0x1c2</size>
         <input_file_ref idref="fl-1d"/>
      </object_component>
      <object_component id="oc-56">
         <name>.debug_info</name>
         <load_address>0x15673</load_address>
         <run_address>0x15673</run_address>
         <size>0x46</size>
         <input_file_ref idref="fl-1d"/>
      </object_component>
      <object_component id="oc-dc">
         <name>.debug_info</name>
         <load_address>0x156b9</load_address>
         <run_address>0x156b9</run_address>
         <size>0x2c</size>
         <input_file_ref idref="fl-1d"/>
      </object_component>
      <object_component id="oc-63">
         <name>.debug_info</name>
         <load_address>0x156e5</load_address>
         <run_address>0x156e5</run_address>
         <size>0x117</size>
         <input_file_ref idref="fl-1e"/>
      </object_component>
      <object_component id="oc-5e">
         <name>.debug_info</name>
         <load_address>0x157fc</load_address>
         <run_address>0x157fc</run_address>
         <size>0x22a</size>
         <input_file_ref idref="fl-1e"/>
      </object_component>
      <object_component id="oc-14">
         <name>.debug_info</name>
         <load_address>0x15a26</load_address>
         <run_address>0x15a26</run_address>
         <size>0x1bc</size>
         <input_file_ref idref="fl-1e"/>
      </object_component>
      <object_component id="oc-64">
         <name>.debug_info</name>
         <load_address>0x15be2</load_address>
         <run_address>0x15be2</run_address>
         <size>0x39</size>
         <input_file_ref idref="fl-1e"/>
      </object_component>
      <object_component id="oc-74">
         <name>.debug_info</name>
         <load_address>0x15c1b</load_address>
         <run_address>0x15c1b</run_address>
         <size>0x112</size>
         <input_file_ref idref="fl-1f"/>
      </object_component>
      <object_component id="oc-19">
         <name>.debug_info</name>
         <load_address>0x15d2d</load_address>
         <run_address>0x15d2d</run_address>
         <size>0x18d</size>
         <input_file_ref idref="fl-1f"/>
      </object_component>
      <object_component id="oc-6f">
         <name>.debug_info</name>
         <load_address>0x15eba</load_address>
         <run_address>0x15eba</run_address>
         <size>0x46</size>
         <input_file_ref idref="fl-1f"/>
      </object_component>
      <object_component id="oc-1d1">
         <name>.debug_info</name>
         <load_address>0x15f00</load_address>
         <run_address>0x15f00</run_address>
         <size>0x1c3</size>
         <input_file_ref idref="fl-20"/>
      </object_component>
      <object_component id="oc-10b">
         <name>.debug_info</name>
         <load_address>0x160c3</load_address>
         <run_address>0x160c3</run_address>
         <size>0x17f</size>
         <input_file_ref idref="fl-20"/>
      </object_component>
      <object_component id="oc-220">
         <name>.debug_info</name>
         <load_address>0x16242</load_address>
         <run_address>0x16242</run_address>
         <size>0x2c</size>
         <input_file_ref idref="fl-20"/>
      </object_component>
      <object_component id="oc-206">
         <name>.debug_info</name>
         <load_address>0x1626e</load_address>
         <run_address>0x1626e</run_address>
         <size>0xf3</size>
         <input_file_ref idref="fl-21"/>
      </object_component>
      <object_component id="oc-152">
         <name>.debug_info</name>
         <load_address>0x16361</load_address>
         <run_address>0x16361</run_address>
         <size>0xda</size>
         <input_file_ref idref="fl-21"/>
      </object_component>
      <object_component id="oc-22a">
         <name>.debug_info</name>
         <load_address>0x1643b</load_address>
         <run_address>0x1643b</run_address>
         <size>0xae</size>
         <input_file_ref idref="fl-21"/>
      </object_component>
      <object_component id="oc-120">
         <name>.debug_info</name>
         <load_address>0x164e9</load_address>
         <run_address>0x164e9</run_address>
         <size>0x174</size>
         <input_file_ref idref="fl-22"/>
      </object_component>
      <object_component id="oc-11d">
         <name>.debug_info</name>
         <load_address>0x1665d</load_address>
         <run_address>0x1665d</run_address>
         <size>0x119</size>
         <input_file_ref idref="fl-22"/>
      </object_component>
      <object_component id="oc-99">
         <name>.debug_info</name>
         <load_address>0x16776</load_address>
         <run_address>0x16776</run_address>
         <size>0x1f0</size>
         <input_file_ref idref="fl-22"/>
      </object_component>
      <object_component id="oc-53">
         <name>.debug_info</name>
         <load_address>0x16966</load_address>
         <run_address>0x16966</run_address>
         <size>0xfa</size>
         <input_file_ref idref="fl-23"/>
      </object_component>
      <object_component id="oc-6b">
         <name>.debug_info</name>
         <load_address>0x16a60</load_address>
         <run_address>0x16a60</run_address>
         <size>0x12a</size>
         <input_file_ref idref="fl-24"/>
      </object_component>
      <object_component id="oc-14c">
         <name>.debug_info</name>
         <load_address>0x16b8a</load_address>
         <run_address>0x16b8a</run_address>
         <size>0x174</size>
         <input_file_ref idref="fl-25"/>
      </object_component>
      <object_component id="oc-1e7">
         <name>.debug_info</name>
         <load_address>0x16cfe</load_address>
         <run_address>0x16cfe</run_address>
         <size>0x107</size>
         <input_file_ref idref="fl-26"/>
      </object_component>
      <object_component id="oc-11a">
         <name>.debug_info</name>
         <load_address>0x16e05</load_address>
         <run_address>0x16e05</run_address>
         <size>0xf6</size>
         <input_file_ref idref="fl-26"/>
      </object_component>
      <object_component id="oc-1e3">
         <name>.debug_info</name>
         <load_address>0x16efb</load_address>
         <run_address>0x16efb</run_address>
         <size>0x202</size>
         <input_file_ref idref="fl-26"/>
      </object_component>
      <object_component id="oc-25f">
         <name>.debug_info</name>
         <load_address>0x170fd</load_address>
         <run_address>0x170fd</run_address>
         <size>0xad</size>
      </object_component>
      <object_component id="oc-161">
         <name>.debug_line</name>
         <load_address>0x0</load_address>
         <run_address>0x0</run_address>
         <size>0x157</size>
         <input_file_ref idref="fl-2"/>
      </object_component>
      <object_component id="oc-1fa">
         <name>.debug_line</name>
         <load_address>0x157</load_address>
         <run_address>0x157</run_address>
         <size>0x45</size>
         <input_file_ref idref="fl-2"/>
      </object_component>
      <object_component id="oc-a9">
         <name>.debug_line</name>
         <load_address>0x19c</load_address>
         <run_address>0x19c</run_address>
         <size>0x478</size>
         <input_file_ref idref="fl-2"/>
      </object_component>
      <object_component id="oc-28">
         <name>.debug_line</name>
         <load_address>0x614</load_address>
         <run_address>0x614</run_address>
         <size>0x9b</size>
         <input_file_ref idref="fl-2"/>
      </object_component>
      <object_component id="oc-13d">
         <name>.debug_line</name>
         <load_address>0x6af</load_address>
         <run_address>0x6af</run_address>
         <size>0x81</size>
         <input_file_ref idref="fl-2"/>
      </object_component>
      <object_component id="oc-be">
         <name>.debug_line</name>
         <load_address>0x730</load_address>
         <run_address>0x730</run_address>
         <size>0x86</size>
         <input_file_ref idref="fl-2"/>
      </object_component>
      <object_component id="oc-159">
         <name>.debug_line</name>
         <load_address>0x7b6</load_address>
         <run_address>0x7b6</run_address>
         <size>0x74</size>
         <input_file_ref idref="fl-2"/>
      </object_component>
      <object_component id="oc-142">
         <name>.debug_line</name>
         <load_address>0x82a</load_address>
         <run_address>0x82a</run_address>
         <size>0x20</size>
         <input_file_ref idref="fl-2"/>
      </object_component>
      <object_component id="oc-d3">
         <name>.debug_line</name>
         <load_address>0x84a</load_address>
         <run_address>0x84a</run_address>
         <size>0x81</size>
         <input_file_ref idref="fl-2"/>
      </object_component>
      <object_component id="oc-147">
         <name>.debug_line</name>
         <load_address>0x8cb</load_address>
         <run_address>0x8cb</run_address>
         <size>0x75</size>
         <input_file_ref idref="fl-2"/>
      </object_component>
      <object_component id="oc-d8">
         <name>.debug_line</name>
         <load_address>0x940</load_address>
         <run_address>0x940</run_address>
         <size>0x84</size>
         <input_file_ref idref="fl-2"/>
      </object_component>
      <object_component id="oc-15e">
         <name>.debug_line</name>
         <load_address>0x9c4</load_address>
         <run_address>0x9c4</run_address>
         <size>0x75</size>
         <input_file_ref idref="fl-2"/>
      </object_component>
      <object_component id="oc-165">
         <name>.debug_line</name>
         <load_address>0xa39</load_address>
         <run_address>0xa39</run_address>
         <size>0x81</size>
         <input_file_ref idref="fl-2"/>
      </object_component>
      <object_component id="oc-130">
         <name>.debug_line</name>
         <load_address>0xaba</load_address>
         <run_address>0xaba</run_address>
         <size>0x7d</size>
         <input_file_ref idref="fl-2"/>
      </object_component>
      <object_component id="oc-16a">
         <name>.debug_line</name>
         <load_address>0xb37</load_address>
         <run_address>0xb37</run_address>
         <size>0x81</size>
         <input_file_ref idref="fl-2"/>
      </object_component>
      <object_component id="oc-cc">
         <name>.debug_line</name>
         <load_address>0xbb8</load_address>
         <run_address>0xbb8</run_address>
         <size>0x8a</size>
         <input_file_ref idref="fl-3"/>
      </object_component>
      <object_component id="oc-1cf">
         <name>.debug_line</name>
         <load_address>0xc42</load_address>
         <run_address>0xc42</run_address>
         <size>0x7d</size>
         <input_file_ref idref="fl-4"/>
      </object_component>
      <object_component id="oc-8a">
         <name>.debug_line</name>
         <load_address>0xcbf</load_address>
         <run_address>0xcbf</run_address>
         <size>0x29b</size>
         <input_file_ref idref="fl-4"/>
      </object_component>
      <object_component id="oc-31">
         <name>.debug_line</name>
         <load_address>0xf5a</load_address>
         <run_address>0xf5a</run_address>
         <size>0x80</size>
         <input_file_ref idref="fl-4"/>
      </object_component>
      <object_component id="oc-171">
         <name>.debug_line</name>
         <load_address>0xfda</load_address>
         <run_address>0xfda</run_address>
         <size>0x81</size>
         <input_file_ref idref="fl-4"/>
      </object_component>
      <object_component id="oc-107">
         <name>.debug_line</name>
         <load_address>0x105b</load_address>
         <run_address>0x105b</run_address>
         <size>0x7d</size>
         <input_file_ref idref="fl-4"/>
      </object_component>
      <object_component id="oc-230">
         <name>.debug_line</name>
         <load_address>0x10d8</load_address>
         <run_address>0x10d8</run_address>
         <size>0x20</size>
         <input_file_ref idref="fl-5"/>
      </object_component>
      <object_component id="oc-17b">
         <name>.debug_line</name>
         <load_address>0x10f8</load_address>
         <run_address>0x10f8</run_address>
         <size>0x81</size>
         <input_file_ref idref="fl-5"/>
      </object_component>
      <object_component id="oc-234">
         <name>.debug_line</name>
         <load_address>0x1179</load_address>
         <run_address>0x1179</run_address>
         <size>0x7d</size>
         <input_file_ref idref="fl-5"/>
      </object_component>
      <object_component id="oc-1ee">
         <name>.debug_line</name>
         <load_address>0x11f6</load_address>
         <run_address>0x11f6</run_address>
         <size>0x20</size>
         <input_file_ref idref="fl-6"/>
      </object_component>
      <object_component id="oc-a3">
         <name>.debug_line</name>
         <load_address>0x1216</load_address>
         <run_address>0x1216</run_address>
         <size>0x110</size>
         <input_file_ref idref="fl-6"/>
      </object_component>
      <object_component id="oc-197">
         <name>.debug_line</name>
         <load_address>0x1326</load_address>
         <run_address>0x1326</run_address>
         <size>0x81</size>
         <input_file_ref idref="fl-6"/>
      </object_component>
      <object_component id="oc-19c">
         <name>.debug_line</name>
         <load_address>0x13a7</load_address>
         <run_address>0x13a7</run_address>
         <size>0x84</size>
         <input_file_ref idref="fl-6"/>
      </object_component>
      <object_component id="oc-1a1">
         <name>.debug_line</name>
         <load_address>0x142b</load_address>
         <run_address>0x142b</run_address>
         <size>0x81</size>
         <input_file_ref idref="fl-6"/>
      </object_component>
      <object_component id="oc-1f2">
         <name>.debug_line</name>
         <load_address>0x14ac</load_address>
         <run_address>0x14ac</run_address>
         <size>0x81</size>
         <input_file_ref idref="fl-6"/>
      </object_component>
      <object_component id="oc-127">
         <name>.debug_line</name>
         <load_address>0x152d</load_address>
         <run_address>0x152d</run_address>
         <size>0x81</size>
         <input_file_ref idref="fl-6"/>
      </object_component>
      <object_component id="oc-ee">
         <name>.debug_line</name>
         <load_address>0x15ae</load_address>
         <run_address>0x15ae</run_address>
         <size>0x75</size>
         <input_file_ref idref="fl-6"/>
      </object_component>
      <object_component id="oc-1cc">
         <name>.debug_line</name>
         <load_address>0x1623</load_address>
         <run_address>0x1623</run_address>
         <size>0x86</size>
         <input_file_ref idref="fl-6"/>
      </object_component>
      <object_component id="oc-1a6">
         <name>.debug_line</name>
         <load_address>0x16a9</load_address>
         <run_address>0x16a9</run_address>
         <size>0x81</size>
         <input_file_ref idref="fl-6"/>
      </object_component>
      <object_component id="oc-176">
         <name>.debug_line</name>
         <load_address>0x172a</load_address>
         <run_address>0x172a</run_address>
         <size>0x83</size>
         <input_file_ref idref="fl-6"/>
      </object_component>
      <object_component id="oc-1bf">
         <name>.debug_line</name>
         <load_address>0x17ad</load_address>
         <run_address>0x17ad</run_address>
         <size>0x80</size>
         <input_file_ref idref="fl-6"/>
      </object_component>
      <object_component id="oc-1ab">
         <name>.debug_line</name>
         <load_address>0x182d</load_address>
         <run_address>0x182d</run_address>
         <size>0x81</size>
         <input_file_ref idref="fl-6"/>
      </object_component>
      <object_component id="oc-1b5">
         <name>.debug_line</name>
         <load_address>0x18ae</load_address>
         <run_address>0x18ae</run_address>
         <size>0x83</size>
         <input_file_ref idref="fl-6"/>
      </object_component>
      <object_component id="oc-1f7">
         <name>.debug_line</name>
         <load_address>0x1931</load_address>
         <run_address>0x1931</run_address>
         <size>0x81</size>
         <input_file_ref idref="fl-6"/>
      </object_component>
      <object_component id="oc-214">
         <name>.debug_line</name>
         <load_address>0x19b2</load_address>
         <run_address>0x19b2</run_address>
         <size>0x7d</size>
         <input_file_ref idref="fl-6"/>
      </object_component>
      <object_component id="oc-1c4">
         <name>.debug_line</name>
         <load_address>0x1a2f</load_address>
         <run_address>0x1a2f</run_address>
         <size>0x81</size>
         <input_file_ref idref="fl-6"/>
      </object_component>
      <object_component id="oc-180">
         <name>.debug_line</name>
         <load_address>0x1ab0</load_address>
         <run_address>0x1ab0</run_address>
         <size>0x84</size>
         <input_file_ref idref="fl-6"/>
      </object_component>
      <object_component id="oc-185">
         <name>.debug_line</name>
         <load_address>0x1b34</load_address>
         <run_address>0x1b34</run_address>
         <size>0x83</size>
         <input_file_ref idref="fl-6"/>
      </object_component>
      <object_component id="oc-217">
         <name>.debug_line</name>
         <load_address>0x1bb7</load_address>
         <run_address>0x1bb7</run_address>
         <size>0x20</size>
         <input_file_ref idref="fl-7"/>
      </object_component>
      <object_component id="oc-f8">
         <name>.debug_line</name>
         <load_address>0x1bd7</load_address>
         <run_address>0x1bd7</run_address>
         <size>0xea</size>
         <input_file_ref idref="fl-7"/>
      </object_component>
      <object_component id="oc-1b0">
         <name>.debug_line</name>
         <load_address>0x1cc1</load_address>
         <run_address>0x1cc1</run_address>
         <size>0x84</size>
         <input_file_ref idref="fl-7"/>
      </object_component>
      <object_component id="oc-21b">
         <name>.debug_line</name>
         <load_address>0x1d45</load_address>
         <run_address>0x1d45</run_address>
         <size>0x80</size>
         <input_file_ref idref="fl-7"/>
      </object_component>
      <object_component id="oc-20b">
         <name>.debug_line</name>
         <load_address>0x1dc5</load_address>
         <run_address>0x1dc5</run_address>
         <size>0x7d</size>
         <input_file_ref idref="fl-8"/>
      </object_component>
      <object_component id="oc-18d">
         <name>.debug_line</name>
         <load_address>0x1e42</load_address>
         <run_address>0x1e42</run_address>
         <size>0x45</size>
         <input_file_ref idref="fl-8"/>
      </object_component>
      <object_component id="oc-116">
         <name>.debug_line</name>
         <load_address>0x1e87</load_address>
         <run_address>0x1e87</run_address>
         <size>0x294</size>
         <input_file_ref idref="fl-8"/>
      </object_component>
      <object_component id="oc-37">
         <name>.debug_line</name>
         <load_address>0x211b</load_address>
         <run_address>0x211b</run_address>
         <size>0xa1</size>
         <input_file_ref idref="fl-8"/>
      </object_component>
      <object_component id="oc-20f">
         <name>.debug_line</name>
         <load_address>0x21bc</load_address>
         <run_address>0x21bc</run_address>
         <size>0x45</size>
         <input_file_ref idref="fl-8"/>
      </object_component>
      <object_component id="oc-79">
         <name>.debug_line</name>
         <load_address>0x2201</load_address>
         <run_address>0x2201</run_address>
         <size>0x2f6</size>
         <input_file_ref idref="fl-9"/>
      </object_component>
      <object_component id="oc-3d">
         <name>.debug_line</name>
         <load_address>0x24f7</load_address>
         <run_address>0x24f7</run_address>
         <size>0x61</size>
         <input_file_ref idref="fl-b"/>
      </object_component>
      <object_component id="oc-96">
         <name>.debug_line</name>
         <load_address>0x2558</load_address>
         <run_address>0x2558</run_address>
         <size>0x6d</size>
         <input_file_ref idref="fl-c"/>
      </object_component>
      <object_component id="oc-237">
         <name>.debug_line</name>
         <load_address>0x25c5</load_address>
         <run_address>0x25c5</run_address>
         <size>0x20</size>
         <input_file_ref idref="fl-e"/>
      </object_component>
      <object_component id="oc-23b">
         <name>.debug_line</name>
         <load_address>0x25e5</load_address>
         <run_address>0x25e5</run_address>
         <size>0x81</size>
         <input_file_ref idref="fl-e"/>
      </object_component>
      <object_component id="oc-1ba">
         <name>.debug_line</name>
         <load_address>0x2666</load_address>
         <run_address>0x2666</run_address>
         <size>0x81</size>
         <input_file_ref idref="fl-e"/>
      </object_component>
      <object_component id="oc-42">
         <name>.debug_line</name>
         <load_address>0x26e7</load_address>
         <run_address>0x26e7</run_address>
         <size>0x5d</size>
         <input_file_ref idref="fl-f"/>
      </object_component>
      <object_component id="oc-100">
         <name>.debug_line</name>
         <load_address>0x2744</load_address>
         <run_address>0x2744</run_address>
         <size>0x137</size>
         <input_file_ref idref="fl-11"/>
      </object_component>
      <object_component id="oc-1c8">
         <name>.debug_line</name>
         <load_address>0x287b</load_address>
         <run_address>0x287b</run_address>
         <size>0x149</size>
         <input_file_ref idref="fl-12"/>
      </object_component>
      <object_component id="oc-84">
         <name>.debug_line</name>
         <load_address>0x29c4</load_address>
         <run_address>0x29c4</run_address>
         <size>0xd42</size>
         <input_file_ref idref="fl-12"/>
      </object_component>
      <object_component id="oc-22">
         <name>.debug_line</name>
         <load_address>0x3706</load_address>
         <run_address>0x3706</run_address>
         <size>0x10d</size>
         <input_file_ref idref="fl-13"/>
      </object_component>
      <object_component id="oc-16d">
         <name>.debug_line</name>
         <load_address>0x3813</load_address>
         <run_address>0x3813</run_address>
         <size>0xde</size>
         <input_file_ref idref="fl-14"/>
      </object_component>
      <object_component id="oc-c1">
         <name>.debug_line</name>
         <load_address>0x38f1</load_address>
         <run_address>0x38f1</run_address>
         <size>0x49</size>
         <input_file_ref idref="fl-14"/>
      </object_component>
      <object_component id="oc-49">
         <name>.debug_line</name>
         <load_address>0x393a</load_address>
         <run_address>0x393a</run_address>
         <size>0x1c9</size>
         <input_file_ref idref="fl-14"/>
      </object_component>
      <object_component id="oc-4e">
         <name>.debug_line</name>
         <load_address>0x3b03</load_address>
         <run_address>0x3b03</run_address>
         <size>0xc4</size>
         <input_file_ref idref="fl-14"/>
      </object_component>
      <object_component id="oc-18a">
         <name>.debug_line</name>
         <load_address>0x3bc7</load_address>
         <run_address>0x3bc7</run_address>
         <size>0x49</size>
         <input_file_ref idref="fl-14"/>
      </object_component>
      <object_component id="oc-193">
         <name>.debug_line</name>
         <load_address>0x3c10</load_address>
         <run_address>0x3c10</run_address>
         <size>0x148</size>
         <input_file_ref idref="fl-15"/>
      </object_component>
      <object_component id="oc-7e">
         <name>.debug_line</name>
         <load_address>0x3d58</load_address>
         <run_address>0x3d58</run_address>
         <size>0x255</size>
         <input_file_ref idref="fl-15"/>
      </object_component>
      <object_component id="oc-200">
         <name>.debug_line</name>
         <load_address>0x3fad</load_address>
         <run_address>0x3fad</run_address>
         <size>0xd1</size>
         <input_file_ref idref="fl-16"/>
      </object_component>
      <object_component id="oc-1fc">
         <name>.debug_line</name>
         <load_address>0x407e</load_address>
         <run_address>0x407e</run_address>
         <size>0x4a</size>
         <input_file_ref idref="fl-16"/>
      </object_component>
      <object_component id="oc-1fe">
         <name>.debug_line</name>
         <load_address>0x40c8</load_address>
         <run_address>0x40c8</run_address>
         <size>0x4a</size>
         <input_file_ref idref="fl-16"/>
      </object_component>
      <object_component id="oc-af">
         <name>.debug_line</name>
         <load_address>0x4112</load_address>
         <run_address>0x4112</run_address>
         <size>0x202</size>
         <input_file_ref idref="fl-16"/>
      </object_component>
      <object_component id="oc-208">
         <name>.debug_line</name>
         <load_address>0x4314</load_address>
         <run_address>0x4314</run_address>
         <size>0xd1</size>
         <input_file_ref idref="fl-17"/>
      </object_component>
      <object_component id="oc-203">
         <name>.debug_line</name>
         <load_address>0x43e5</load_address>
         <run_address>0x43e5</run_address>
         <size>0x45</size>
         <input_file_ref idref="fl-17"/>
      </object_component>
      <object_component id="oc-b5">
         <name>.debug_line</name>
         <load_address>0x442a</load_address>
         <run_address>0x442a</run_address>
         <size>0x3d8</size>
         <input_file_ref idref="fl-17"/>
      </object_component>
      <object_component id="oc-1d3">
         <name>.debug_line</name>
         <load_address>0x4802</load_address>
         <run_address>0x4802</run_address>
         <size>0x81</size>
         <input_file_ref idref="fl-1c"/>
      </object_component>
      <object_component id="oc-8e">
         <name>.debug_line</name>
         <load_address>0x4883</load_address>
         <run_address>0x4883</run_address>
         <size>0x81</size>
         <input_file_ref idref="fl-1c"/>
      </object_component>
      <object_component id="oc-e6">
         <name>.debug_line</name>
         <load_address>0x4904</load_address>
         <run_address>0x4904</run_address>
         <size>0x20</size>
         <input_file_ref idref="fl-1c"/>
      </object_component>
      <object_component id="oc-1d7">
         <name>.debug_line</name>
         <load_address>0x4924</load_address>
         <run_address>0x4924</run_address>
         <size>0x2e</size>
         <input_file_ref idref="fl-1c"/>
      </object_component>
      <object_component id="oc-1dc">
         <name>.debug_line</name>
         <load_address>0x4952</load_address>
         <run_address>0x4952</run_address>
         <size>0x73</size>
         <input_file_ref idref="fl-1c"/>
      </object_component>
      <object_component id="oc-e2">
         <name>.debug_line</name>
         <load_address>0x49c5</load_address>
         <run_address>0x49c5</run_address>
         <size>0x72</size>
         <input_file_ref idref="fl-1d"/>
      </object_component>
      <object_component id="oc-10">
         <name>.debug_line</name>
         <load_address>0x4a37</load_address>
         <run_address>0x4a37</run_address>
         <size>0x58</size>
         <input_file_ref idref="fl-1d"/>
      </object_component>
      <object_component id="oc-59">
         <name>.debug_line</name>
         <load_address>0x4a8f</load_address>
         <run_address>0x4a8f</run_address>
         <size>0x3a</size>
         <input_file_ref idref="fl-1d"/>
      </object_component>
      <object_component id="oc-df">
         <name>.debug_line</name>
         <load_address>0x4ac9</load_address>
         <run_address>0x4ac9</run_address>
         <size>0x72</size>
         <input_file_ref idref="fl-1d"/>
      </object_component>
      <object_component id="oc-ea">
         <name>.debug_line</name>
         <load_address>0x4b3b</load_address>
         <run_address>0x4b3b</run_address>
         <size>0x72</size>
         <input_file_ref idref="fl-1e"/>
      </object_component>
      <object_component id="oc-5d">
         <name>.debug_line</name>
         <load_address>0x4bad</load_address>
         <run_address>0x4bad</run_address>
         <size>0x9e</size>
         <input_file_ref idref="fl-1e"/>
      </object_component>
      <object_component id="oc-13">
         <name>.debug_line</name>
         <load_address>0x4c4b</load_address>
         <run_address>0x4c4b</run_address>
         <size>0x4b</size>
         <input_file_ref idref="fl-1e"/>
      </object_component>
      <object_component id="oc-67">
         <name>.debug_line</name>
         <load_address>0x4c96</load_address>
         <run_address>0x4c96</run_address>
         <size>0x39</size>
         <input_file_ref idref="fl-1e"/>
      </object_component>
      <object_component id="oc-f2">
         <name>.debug_line</name>
         <load_address>0x4ccf</load_address>
         <run_address>0x4ccf</run_address>
         <size>0x72</size>
         <input_file_ref idref="fl-1f"/>
      </object_component>
      <object_component id="oc-1c">
         <name>.debug_line</name>
         <load_address>0x4d41</load_address>
         <run_address>0x4d41</run_address>
         <size>0x4f</size>
         <input_file_ref idref="fl-1f"/>
      </object_component>
      <object_component id="oc-72">
         <name>.debug_line</name>
         <load_address>0x4d90</load_address>
         <run_address>0x4d90</run_address>
         <size>0x34</size>
         <input_file_ref idref="fl-1f"/>
      </object_component>
      <object_component id="oc-21f">
         <name>.debug_line</name>
         <load_address>0x4dc4</load_address>
         <run_address>0x4dc4</run_address>
         <size>0x80</size>
         <input_file_ref idref="fl-20"/>
      </object_component>
      <object_component id="oc-10e">
         <name>.debug_line</name>
         <load_address>0x4e44</load_address>
         <run_address>0x4e44</run_address>
         <size>0x7a</size>
         <input_file_ref idref="fl-20"/>
      </object_component>
      <object_component id="oc-223">
         <name>.debug_line</name>
         <load_address>0x4ebe</load_address>
         <run_address>0x4ebe</run_address>
         <size>0x2e</size>
         <input_file_ref idref="fl-20"/>
      </object_component>
      <object_component id="oc-229">
         <name>.debug_line</name>
         <load_address>0x4eec</load_address>
         <run_address>0x4eec</run_address>
         <size>0x20</size>
         <input_file_ref idref="fl-21"/>
      </object_component>
      <object_component id="oc-205">
         <name>.debug_line</name>
         <load_address>0x4f0c</load_address>
         <run_address>0x4f0c</run_address>
         <size>0x2a</size>
         <input_file_ref idref="fl-21"/>
      </object_component>
      <object_component id="oc-22d">
         <name>.debug_line</name>
         <load_address>0x4f36</load_address>
         <run_address>0x4f36</run_address>
         <size>0x71</size>
         <input_file_ref idref="fl-21"/>
      </object_component>
      <object_component id="oc-1ec">
         <name>.debug_line</name>
         <load_address>0x4fa7</load_address>
         <run_address>0x4fa7</run_address>
         <size>0x71</size>
         <input_file_ref idref="fl-22"/>
      </object_component>
      <object_component id="oc-1ea">
         <name>.debug_line</name>
         <load_address>0x5018</load_address>
         <run_address>0x5018</run_address>
         <size>0x2a</size>
         <input_file_ref idref="fl-22"/>
      </object_component>
      <object_component id="oc-9c">
         <name>.debug_line</name>
         <load_address>0x5042</load_address>
         <run_address>0x5042</run_address>
         <size>0x80</size>
         <input_file_ref idref="fl-22"/>
      </object_component>
      <object_component id="oc-51">
         <name>.debug_line</name>
         <load_address>0x50c2</load_address>
         <run_address>0x50c2</run_address>
         <size>0x88</size>
         <input_file_ref idref="fl-23"/>
      </object_component>
      <object_component id="oc-6a">
         <name>.debug_line</name>
         <load_address>0x514a</load_address>
         <run_address>0x514a</run_address>
         <size>0x79</size>
         <input_file_ref idref="fl-24"/>
      </object_component>
      <object_component id="oc-14a">
         <name>.debug_line</name>
         <load_address>0x51c3</load_address>
         <run_address>0x51c3</run_address>
         <size>0x62</size>
         <input_file_ref idref="fl-25"/>
      </object_component>
      <object_component id="oc-227">
         <name>.debug_line</name>
         <load_address>0x5225</load_address>
         <run_address>0x5225</run_address>
         <size>0x20</size>
         <input_file_ref idref="fl-26"/>
      </object_component>
      <object_component id="oc-1e6">
         <name>.debug_line</name>
         <load_address>0x5245</load_address>
         <run_address>0x5245</run_address>
         <size>0x2b</size>
         <input_file_ref idref="fl-26"/>
      </object_component>
      <object_component id="oc-1e2">
         <name>.debug_line</name>
         <load_address>0x5270</load_address>
         <run_address>0x5270</run_address>
         <size>0x68</size>
         <input_file_ref idref="fl-26"/>
      </object_component>
      <object_component id="oc-aa">
         <name>.debug_frame</name>
         <load_address>0x0</load_address>
         <run_address>0x0</run_address>
         <size>0x2ac</size>
         <input_file_ref idref="fl-2"/>
      </object_component>
      <object_component id="oc-29">
         <name>.debug_frame</name>
         <load_address>0x2ac</load_address>
         <run_address>0x2ac</run_address>
         <size>0xd4</size>
         <input_file_ref idref="fl-2"/>
      </object_component>
      <object_component id="oc-8b">
         <name>.debug_frame</name>
         <load_address>0x380</load_address>
         <run_address>0x380</run_address>
         <size>0x1e4</size>
         <input_file_ref idref="fl-4"/>
      </object_component>
      <object_component id="oc-32">
         <name>.debug_frame</name>
         <load_address>0x564</load_address>
         <run_address>0x564</run_address>
         <size>0xd3</size>
         <input_file_ref idref="fl-4"/>
      </object_component>
      <object_component id="oc-a4">
         <name>.debug_frame</name>
         <load_address>0x637</load_address>
         <run_address>0x637</run_address>
         <size>0x13d</size>
         <input_file_ref idref="fl-6"/>
      </object_component>
      <object_component id="oc-f9">
         <name>.debug_frame</name>
         <load_address>0x774</load_address>
         <run_address>0x774</run_address>
         <size>0x99</size>
         <input_file_ref idref="fl-7"/>
      </object_component>
      <object_component id="oc-117">
         <name>.debug_frame</name>
         <load_address>0x80d</load_address>
         <run_address>0x80d</run_address>
         <size>0x1da</size>
         <input_file_ref idref="fl-8"/>
      </object_component>
      <object_component id="oc-38">
         <name>.debug_frame</name>
         <load_address>0x9e7</load_address>
         <run_address>0x9e7</run_address>
         <size>0xd4</size>
         <input_file_ref idref="fl-8"/>
      </object_component>
      <object_component id="oc-97">
         <name>.debug_frame</name>
         <load_address>0xabb</load_address>
         <run_address>0xabb</run_address>
         <size>0x86</size>
         <input_file_ref idref="fl-c"/>
      </object_component>
      <object_component id="oc-43">
         <name>.debug_frame</name>
         <load_address>0xb41</load_address>
         <run_address>0xb41</run_address>
         <size>0x7f</size>
         <input_file_ref idref="fl-f"/>
      </object_component>
      <object_component id="oc-85">
         <name>.debug_frame</name>
         <load_address>0xbc0</load_address>
         <run_address>0xbc0</run_address>
         <size>0x59e</size>
         <input_file_ref idref="fl-12"/>
      </object_component>
      <object_component id="oc-23">
         <name>.debug_frame</name>
         <load_address>0x115e</load_address>
         <run_address>0x115e</run_address>
         <size>0x7e</size>
         <input_file_ref idref="fl-13"/>
      </object_component>
      <object_component id="oc-4a">
         <name>.debug_frame</name>
         <load_address>0x11dc</load_address>
         <run_address>0x11dc</run_address>
         <size>0xe4</size>
         <input_file_ref idref="fl-14"/>
      </object_component>
      <object_component id="oc-4f">
         <name>.debug_frame</name>
         <load_address>0x12c0</load_address>
         <run_address>0x12c0</run_address>
         <size>0xd4</size>
         <input_file_ref idref="fl-14"/>
      </object_component>
      <object_component id="oc-7f">
         <name>.debug_frame</name>
         <load_address>0x1394</load_address>
         <run_address>0x1394</run_address>
         <size>0x143</size>
         <input_file_ref idref="fl-15"/>
      </object_component>
      <object_component id="oc-b0">
         <name>.debug_frame</name>
         <load_address>0x14d7</load_address>
         <run_address>0x14d7</run_address>
         <size>0x150</size>
         <input_file_ref idref="fl-16"/>
      </object_component>
      <object_component id="oc-b6">
         <name>.debug_frame</name>
         <load_address>0x1627</load_address>
         <run_address>0x1627</run_address>
         <size>0x28c</size>
         <input_file_ref idref="fl-17"/>
      </object_component>
      <object_component id="oc-91">
         <name>.debug_frame</name>
         <load_address>0x18b3</load_address>
         <run_address>0x18b3</run_address>
         <size>0x8a</size>
         <input_file_ref idref="fl-1c"/>
      </object_component>
      <object_component id="oc-11">
         <name>.debug_frame</name>
         <load_address>0x193d</load_address>
         <run_address>0x193d</run_address>
         <size>0x7f</size>
         <input_file_ref idref="fl-1d"/>
      </object_component>
      <object_component id="oc-61">
         <name>.debug_frame</name>
         <load_address>0x19bc</load_address>
         <run_address>0x19bc</run_address>
         <size>0x8e</size>
         <input_file_ref idref="fl-1e"/>
      </object_component>
      <object_component id="oc-17">
         <name>.debug_frame</name>
         <load_address>0x1a4a</load_address>
         <run_address>0x1a4a</run_address>
         <size>0x7f</size>
         <input_file_ref idref="fl-1e"/>
      </object_component>
      <object_component id="oc-1d">
         <name>.debug_frame</name>
         <load_address>0x1ac9</load_address>
         <run_address>0x1ac9</run_address>
         <size>0x7f</size>
         <input_file_ref idref="fl-1f"/>
      </object_component>
      <object_component id="oc-10f">
         <name>.debug_frame</name>
         <load_address>0x1b48</load_address>
         <run_address>0x1b48</run_address>
         <size>0x8e</size>
         <input_file_ref idref="fl-20"/>
      </object_component>
      <object_component id="oc-9d">
         <name>.debug_frame</name>
         <load_address>0x1bd6</load_address>
         <run_address>0x1bd6</run_address>
         <size>0xb3</size>
         <input_file_ref idref="fl-22"/>
      </object_component>
      <object_component id="oc-1e1">
         <name>.debug_frame</name>
         <load_address>0x1c89</load_address>
         <run_address>0x1c89</run_address>
[...]
         <value>0xeac</value>
         <object_component_ref idref="oc-80"/>
      </symbol>
      <symbol id="sm-53a">
         <name>custom_dabort</name>
         <value>0xdf4</value>
         <object_component_ref idref="oc-80"/>
      </symbol>
      <symbol id="sm-53b">
         <name>memoryInit</name>
         <value>0x174</value>
         <object_component_ref idref="oc-80"/>
      </symbol>
      <symbol id="sm-53c">
         <name>stcSelfCheck</name>
         <value>0x1b8</value>
         <object_component_ref idref="oc-80"/>
      </symbol>
      <symbol id="sm-53d">
         <name>efcGetConfigValue</name>
         <value>0x2660</value>
         <object_component_ref idref="oc-80"/>
      </symbol>
      <symbol id="sm-53e">
         <name>can2ParityCheck</name>
         <value>0x14e8</value>
         <object_component_ref idref="oc-80"/>
      </symbol>
      <symbol id="sm-53f">
         <name>het1ParityCheck</name>
         <value>0xf58</value>
         <object_component_ref idref="oc-80"/>
      </symbol>
      <symbol id="sm-540">
         <name>adc1ParityCheck</name>
         <value>0x126c</value>
         <object_component_ref idref="oc-80"/>
      </symbol>
      <symbol id="sm-541">
         <name>checkefcSelfTest</name>
         <value>0x7bc</value>
         <object_component_ref idref="oc-80"/>
      </symbol>
      <symbol id="sm-542">
         <name>checkRAMECC</name>
         <value>0x19d0</value>
         <object_component_ref idref="oc-80"/>
      </symbol>
      <symbol id="sm-543">
         <name>stcSelfCheckFail</name>
         <value>0xdf8</value>
         <object_component_ref idref="oc-80"/>
      </symbol>
      <symbol id="sm-544">
         <name>ccmSelfCheck</name>
         <value>0x30</value>
         <object_component_ref idref="oc-80"/>
      </symbol>
      <symbol id="sm-545">
         <name>efcCheck</name>
         <value>0x660</value>
         <object_component_ref idref="oc-80"/>
      </symbol>
      <symbol id="sm-546">
         <name>het2ParityCheck</name>
         <value>0x10c0</value>
         <object_component_ref idref="oc-80"/>
      </symbol>
      <symbol id="sm-547">
         <name>adc2ParityCheck</name>
         <value>0x1358</value>
         <object_component_ref idref="oc-80"/>
      </symbol>
      <symbol id="sm-548">
         <name>cpuSelfTest</name>
         <value>0x234</value>
         <object_component_ref idref="oc-80"/>
      </symbol>
      <symbol id="sm-549">
         <name>htu1ParityCheck</name>
         <value>0x1004</value>
         <object_component_ref idref="oc-80"/>
      </symbol>
      <symbol id="sm-54a">
         <name>checkFlashECC</name>
         <value>0xd18</value>
         <object_component_ref idref="oc-80"/>
      </symbol>
      <symbol id="sm-54b">
         <name>cpuSelfTestFail</name>
         <value>0xdfc</value>
         <object_component_ref idref="oc-80"/>
      </symbol>
      <symbol id="sm-54c">
         <name>checkPLL1Slip</name>
         <value>0x1e8c</value>
         <object_component_ref idref="oc-80"/>
      </symbol>
      <symbol id="sm-54d">
         <name>mibspi1ParityCheck</name>
         <value>0x1684</value>
         <object_component_ref idref="oc-80"/>
      </symbol>
      <symbol id="sm-54e">
         <name>ccmr4GetConfigValue</name>
         <value>0x26fc</value>
         <object_component_ref idref="oc-80"/>
      </symbol>
      <symbol id="sm-54f">
         <name>htu2ParityCheck</name>
         <value>0x11bc</value>
         <object_component_ref idref="oc-80"/>
      </symbol>
      <symbol id="sm-550">
         <name>pbistPortTestStatus</name>
         <value>0x608</value>
         <object_component_ref idref="oc-80"/>
      </symbol>
      <symbol id="sm-551">
         <name>checkFlashEEPROMECC</name>
         <value>0x1cf4</value>
         <object_component_ref idref="oc-80"/>
      </symbol>
      <symbol id="sm-552">
         <name>pbistGetConfigValue</name>
         <value>0x2470</value>
         <object_component_ref idref="oc-80"/>
      </symbol>
      <symbol id="sm-553">
         <name>vimParityCheck</name>
         <value>0xe00</value>
         <object_component_ref idref="oc-80"/>
      </symbol>
      <symbol id="sm-554">
         <name>pbistIsTestCompleted</name>
         <value>0x5a8</value>
         <object_component_ref idref="oc-80"/>
      </symbol>
      <symbol id="sm-555">
         <name>disableParity</name>
         <value>0x2b58</value>
         <object_component_ref idref="oc-80"/>
      </symbol>
      <symbol id="sm-556">
         <name>pbistRun</name>
         <value>0x4ac</value>
         <object_component_ref idref="oc-80"/>
      </symbol>
      <symbol id="sm-557">
         <name>pbistFail</name>
         <value>0x23ec</value>
         <object_component_ref idref="oc-80"/>
      </symbol>
      <symbol id="sm-558">
         <name>selftestFailNotification</name>
         <value>0x20</value>
         <object_component_ref idref="oc-80"/>
      </symbol>
      <symbol id="sm-559">
         <name>errata_PBIST_4</name>
         <value>0x276c</value>
         <object_component_ref idref="oc-80"/>
      </symbol>
      <symbol id="sm-55a">
         <name>mibspi3ParityCheck</name>
         <value>0x178c</value>
         <object_component_ref idref="oc-80"/>
      </symbol>
      <symbol id="sm-55b">
         <name>efcSelfTest</name>
         <value>0x794</value>
         <object_component_ref idref="oc-80"/>
      </symbol>
      <symbol id="sm-55c">
         <name>checkB1RAMECC</name>
         <value>0xb28</value>
         <object_component_ref idref="oc-80"/>
      </symbol>
      <symbol id="sm-55d">
         <name>pbistStop</name>
         <value>0x578</value>
         <object_component_ref idref="oc-80"/>
      </symbol>
      <symbol id="sm-55e">
         <name>can3ParityCheck</name>
         <value>0x15b0</value>
         <object_component_ref idref="oc-80"/>
      </symbol>
      <symbol id="sm-55f">
         <name>checkRAMAddrParity</name>
         <value>0x2050</value>
         <object_component_ref idref="oc-80"/>
      </symbol>
      <symbol id="sm-560">
         <name>mibspi5ParityCheck</name>
         <value>0x18b0</value>
         <object_component_ref idref="oc-80"/>
      </symbol>
      <symbol id="sm-561">
         <name>checkB0RAMECC</name>
         <value>0x938</value>
         <object_component_ref idref="oc-80"/>
      </symbol>
      <symbol id="sm-562">
         <name>stcGetConfigValue</name>
         <value>0x25bc</value>
         <object_component_ref idref="oc-80"/>
      </symbol>
      <symbol id="sm-563">
         <name>pbistIsTestPassed</name>
         <value>0x5d4</value>
         <object_component_ref idref="oc-80"/>
      </symbol>
      <symbol id="sm-564">
         <name>checkClockMonitor</name>
         <value>0x1c18</value>
         <object_component_ref idref="oc-80"/>
      </symbol>
      <symbol id="sm-565">
         <name>fmcECCcheck</name>
         <value>0x898</value>
         <object_component_ref idref="oc-80"/>
      </symbol>
      <symbol id="sm-566">
         <name>fmcBus2Check</name>
         <value>0x85c</value>
         <object_component_ref idref="oc-80"/>
      </symbol>
      <symbol id="sm-567">
         <name>checkRAMUERRTest</name>
         <value>0x215c</value>
         <object_component_ref idref="oc-80"/>
      </symbol>
      <symbol id="sm-568">
         <name>efcStuckZeroTest</name>
         <value>0x6e8</value>
         <object_component_ref idref="oc-80"/>
      </symbol>
      <symbol id="sm-569">
         <name>checkPLL2Slip</name>
         <value>0x1f8c</value>
         <object_component_ref idref="oc-80"/>
      </symbol>
      <symbol id="sm-591">
         <name>_c_int00</name>
         <value>0x7ebc</value>
         <object_component_ref idref="oc-1e"/>
      </symbol>
      <symbol id="sm-63f">
         <name>vimChannelMap</name>
         <value>0x51e4</value>
         <object_component_ref idref="oc-45"/>
      </symbol>
      <symbol id="sm-640">
         <name>vimInit</name>
         <value>0x5110</value>
         <object_component_ref idref="oc-45"/>
      </symbol>
      <symbol id="sm-641">
         <name>vimEnableInterrupt</name>
         <value>0x5280</value>
         <object_component_ref idref="oc-45"/>
      </symbol>
      <symbol id="sm-642">
         <name>vimDisableInterrupt</name>
         <value>0x5448</value>
         <object_component_ref idref="oc-45"/>
      </symbol>
      <symbol id="sm-643">
         <name>vimGetConfigValue</name>
         <value>0x54f4</value>
         <object_component_ref idref="oc-45"/>
      </symbol>
      <symbol id="sm-644">
         <name>vimParityErrorHandler</name>
         <value>0x7be0</value>
         <object_component_ref idref="oc-44"/>
      </symbol>
      <symbol id="sm-69e">
         <name>systemGetConfigValue</name>
         <value>0x3ebc</value>
         <object_component_ref idref="oc-7a"/>
      </symbol>
      <symbol id="sm-69f">
         <name>trimLPO</name>
         <value>0x3bbc</value>
         <object_component_ref idref="oc-7a"/>
      </symbol>
      <symbol id="sm-6a0">
         <name>systemInit</name>
         <value>0x3dc0</value>
         <object_component_ref idref="oc-7a"/>
      </symbol>
      <symbol id="sm-6a1">
         <name>tcmflashGetConfigValue</name>
         <value>0x42d0</value>
         <object_component_ref idref="oc-7a"/>
      </symbol>
      <symbol id="sm-6a2">
         <name>sramGetConfigValue</name>
         <value>0x447c</value>
         <object_component_ref idref="oc-7a"/>
      </symbol>
      <symbol id="sm-6a3">
         <name>periphInit</name>
         <value>0x3c44</value>
         <object_component_ref idref="oc-7a"/>
      </symbol>
      <symbol id="sm-6a4">
         <name>setupFlash</name>
         <value>0x3c04</value>
         <object_component_ref idref="oc-7a"/>
      </symbol>
      <symbol id="sm-6a5">
         <name>setupPLL</name>
         <value>0x3b5c</value>
         <object_component_ref idref="oc-7a"/>
      </symbol>
      <symbol id="sm-6a6">
         <name>mapClocks</name>
         <value>0x3c98</value>
         <object_component_ref idref="oc-7a"/>
      </symbol>
      <symbol id="sm-6a7">
         <name>systemPowerDown</name>
         <value>0x3e8c</value>
         <object_component_ref idref="oc-7a"/>
      </symbol>
      <symbol id="sm-6f4">
         <name>canSetID</name>
         <value>0x6c7c</value>
         <object_component_ref idref="oc-ab"/>
      </symbol>
      <symbol id="sm-6f5">
         <name>canGetIDType</name>
         <value>0x6c08</value>
         <object_component_ref idref="oc-ab"/>
      </symbol>
      <symbol id="sm-6f6">
         <name>cansetIDType</name>
         <value>0x6b78</value>
         <object_component_ref idref="oc-ab"/>
      </symbol>
      <symbol id="sm-6f7">
         <name>CAN_MessageGet</name>
         <value>0x6d70</value>
         <object_component_ref idref="oc-ab"/>
      </symbol>
      <symbol id="sm-6f8">
         <name>Can_cmd_parse</name>
         <value>0x7178</value>
         <object_component_ref idref="oc-ab"/>
      </symbol>
      <symbol id="sm-6f9">
         <name>Can_change_return_id</name>
         <value>0x6f80</value>
         <object_component_ref idref="oc-ab"/>
      </symbol>
      <symbol id="sm-6fa">
         <name>CanRxCmdRingBuffer</name>
         <value>0x8001604</value>
         <object_component_ref idref="oc-135"/>
      </symbol>
      <symbol id="sm-6fb">
         <name>CanRxCmdButtomCounter</name>
         <value>0x8001602</value>
         <object_component_ref idref="oc-132"/>
      </symbol>
      <symbol id="sm-6fc">
         <name>Can_Process</name>
         <value>0x70f4</value>
         <object_component_ref idref="oc-ab"/>
      </symbol>
      <symbol id="sm-6fd">
         <name>Can_return_sn_msg</name>
         <value>0x7210</value>
         <object_component_ref idref="oc-ab"/>
      </symbol>
      <symbol id="sm-6fe">
         <name>CanSetSrcAddr</name>
         <value>0x8001600</value>
         <object_component_ref idref="oc-132"/>
      </symbol>
      <symbol id="sm-6ff">
         <name>CanRxCmdTopCounter</name>
         <value>0x8001601</value>
         <object_component_ref idref="oc-132"/>
      </symbol>
      <symbol id="sm-700">
         <name>CanReceivecompleteFlg</name>
         <value>0x8001603</value>
         <object_component_ref idref="oc-132"/>
      </symbol>
      <symbol id="sm-75a">
         <name>snprintf</name>
         <value>0x4e6c</value>
         <object_component_ref idref="oc-b1"/>
      </symbol>
      <symbol id="sm-75b">
         <name>sprintf</name>
         <value>0x4ff0</value>
         <object_component_ref idref="oc-b1"/>
      </symbol>
      <symbol id="sm-75c">
         <name>vsnprintf</name>
         <value>0x4ae8</value>
         <object_component_ref idref="oc-b1"/>
      </symbol>
      <symbol id="sm-75d">
         <name>puts</name>
         <value>0x503c</value>
         <object_component_ref idref="oc-b1"/>
      </symbol>
      <symbol id="sm-75e">
         <name>vprintf</name>
         <value>0x4f44</value>
         <object_component_ref idref="oc-b1"/>
      </symbol>
      <symbol id="sm-75f">
         <name>PutChar</name>
         <value>0x469c</value>
         <object_component_ref idref="oc-b1"/>
      </symbol>
      <symbol id="sm-760">
         <name>PutHexa</name>
         <value>0x49a4</value>
         <object_component_ref idref="oc-b1"/>
      </symbol>
      <symbol id="sm-761">
         <name>PutString</name>
         <value>0x46c0</value>
         <object_component_ref idref="oc-b1"/>
      </symbol>
      <symbol id="sm-762">
         <name>PutUnsignedInt</name>
         <value>0x471c</value>
         <object_component_ref idref="oc-b1"/>
      </symbol>
      <symbol id="sm-763">
         <name>fprintf</name>
         <value>0x4f64</value>
         <object_component_ref idref="oc-b1"/>
      </symbol>
      <symbol id="sm-764">
         <name>PrintChar</name>
         <value>0x4684</value>
         <object_component_ref idref="oc-b1"/>
      </symbol>
      <symbol id="sm-765">
         <name>printf</name>
         <value>0x4fb0</value>
         <object_component_ref idref="oc-b1"/>
      </symbol>
      <symbol id="sm-766">
         <name>vsprintf</name>
         <value>0x4ebc</value>
         <object_component_ref idref="oc-b1"/>
      </symbol>
      <symbol id="sm-767">
         <name>fputs</name>
         <value>0x5098</value>
         <object_component_ref idref="oc-b1"/>
      </symbol>
      <symbol id="sm-768">
         <name>fputc</name>
         <value>0x5054</value>
         <object_component_ref idref="oc-b1"/>
      </symbol>
      <symbol id="sm-769">
         <name>PutSignedInt</name>
         <value>0x4810</value>
         <object_component_ref idref="oc-b1"/>
      </symbol>
      <symbol id="sm-76a">
         <name>vfprintf</name>
         <value>0x4ee4</value>
         <object_component_ref idref="oc-b1"/>
      </symbol>
      <symbol id="sm-795">
         <name>__TI_auto_init</name>
         <value>0x89ed</value>
         <object_component_ref idref="oc-8c"/>
      </symbol>
      <symbol id="sm-7ac">
         <name>__TI_decompress_none</name>
         <value>0x8bf1</value>
         <object_component_ref idref="oc-c"/>
      </symbol>
      <symbol id="sm-7ce">
         <name>__TI_decompress_rle24</name>
         <value>0x8c0b</value>
         <object_component_ref idref="oc-12"/>
      </symbol>
      <symbol id="sm-7e0">
         <name>__TI_zero_init</name>
         <value>0x8bff</value>
         <object_component_ref idref="oc-18"/>
      </symbol>
      <symbol id="sm-7fa">
         <name>copy_in</name>
         <value>0x8b19</value>
         <object_component_ref idref="oc-10a"/>
      </symbol>
      <symbol id="sm-80a">
         <name>_ftable</name>
         <value>0x8001500</value>
         <object_component_ref idref="oc-151"/>
      </symbol>
      <symbol id="sm-829">
         <name>C$$EXIT</name>
         <value>0x8b65</value>
         <object_component_ref idref="oc-98"/>
      </symbol>
      <symbol id="sm-82a">
         <name>abort</name>
         <value>0x8b69</value>
         <object_component_ref idref="oc-98"/>
      </symbol>
      <symbol id="sm-82b">
         <name>exit</name>
         <value>0x8b71</value>
         <object_component_ref idref="oc-98"/>
      </symbol>
      <symbol id="sm-82c">
         <name>__TI_dtors_ptr</name>
         <value>0x80015fc</value>
         <object_component_ref idref="oc-11c"/>
      </symbol>
      <symbol id="sm-82d">
         <name>__TI_cleanup_ptr</name>
         <value>0x80015f8</value>
         <object_component_ref idref="oc-11c"/>
      </symbol>
      <symbol id="sm-848">
         <name>memcpy</name>
         <value>0x88d5</value>
         <object_component_ref idref="oc-50"/>
      </symbol>
      <symbol id="sm-849">
         <name>__aeabi_memcpy</name>
         <value>0x88d5</value>
         <object_component_ref idref="oc-50"/>
      </symbol>
      <symbol id="sm-84a">
         <name>__aeabi_memcpy8</name>
         <value>0x88d5</value>
         <object_component_ref idref="oc-50"/>
      </symbol>
      <symbol id="sm-84b">
         <name>__aeabi_memcpy4</name>
         <value>0x88d5</value>
         <object_component_ref idref="oc-50"/>
      </symbol>
      <symbol id="sm-85a">
         <name>__aeabi_memset</name>
         <value>0x8973</value>
         <object_component_ref idref="oc-69"/>
      </symbol>
      <symbol id="sm-85b">
         <name>memset</name>
         <value>0x8979</value>
         <object_component_ref idref="oc-69"/>
      </symbol>
      <symbol id="sm-85c">
         <name>__aeabi_memset8</name>
         <value>0x8973</value>
         <object_component_ref idref="oc-69"/>
      </symbol>
      <symbol id="sm-85d">
         <name>__aeabi_memset4</name>
         <value>0x8973</value>
         <object_component_ref idref="oc-69"/>
      </symbol>
      <symbol id="sm-85e">
         <name>__aeabi_memclr8</name>
         <value>0x8971</value>
         <object_component_ref idref="oc-69"/>
      </symbol>
      <symbol id="sm-85f">
         <name>__aeabi_memclr4</name>
         <value>0x8971</value>
         <object_component_ref idref="oc-69"/>
      </symbol>
      <symbol id="sm-860">
         <name>__aeabi_memclr</name>
         <value>0x8971</value>
         <object_component_ref idref="oc-69"/>
      </symbol>
      <symbol id="sm-86f">
         <name>__aeabi_uidivmod</name>
         <value>0x8ac4</value>
         <object_component_ref idref="oc-149"/>
      </symbol>
      <symbol id="sm-870">
         <name>__aeabi_uidiv</name>
         <value>0x8ac4</value>
         <object_component_ref idref="oc-149"/>
      </symbol>
      <symbol id="sm-889">
         <name>_nop</name>
         <value>0x8beb</value>
         <object_component_ref idref="oc-1df"/>
      </symbol>
      <symbol id="sm-88a">
         <name>_lock</name>
         <value>0x80015f0</value>
         <object_component_ref idref="oc-119"/>
      </symbol>
      <symbol id="sm-88b">
         <name>_unlock</name>
         <value>0x80015f4</value>
         <object_component_ref idref="oc-119"/>
      </symbol>
      <symbol id="sm-88c">
         <name>_register_lock</name>
         <value>0x8be3</value>
         <object_component_ref idref="oc-1df"/>
      </symbol>
      <symbol id="sm-88d">
         <name>_register_unlock</name>
         <value>0x8bdd</value>
         <object_component_ref idref="oc-1df"/>
      </symbol>
      <symbol id="sm-88e">
         <name>__TI_static_base__</name>
         <value>0x0</value>
      </symbol>
      <symbol id="sm-891">
         <name>SHT$$INIT_ARRAY$$Base</name>
         <value>0x0</value>
      </symbol>
      <symbol id="sm-892">
         <name>SHT$$INIT_ARRAY$$Limit</name>
         <value>0x0</value>
      </symbol>
   </symbol_table>
   <title>Link successful</title>
</link_info>
