<?xml version="1.0"?>
<link_info>
   <banner>TI ARM Linker PC v5.2.2</banner>
   <copyright>Copyright (c) 1996-2015 Texas Instruments Incorporated</copyright>
   <link_time>0x57106696</link_time>
   <link_errors>0x0</link_errors>
   <output_file>TMS570LS1227_DEMO.out</output_file>
   <entry_point>
      <name>_c_int00</name>
      <address>0xa72c</address>
   </entry_point>
   <input_file_list>
      <input_file id="fl-2">
         <path>.\TMS570LS1227_DEMO\source\</path>
         <kind>object</kind>
         <file>can.obj</file>
         <name>can.obj</name>
      </input_file>
      <input_file id="fl-3">
         <path>.\TMS570LS1227_DEMO\source\</path>
         <kind>object</kind>
         <file>dabort.obj</file>
         <name>dabort.obj</name>
      </input_file>
      <input_file id="fl-4">
         <path>.\TMS570LS1227_DEMO\source\</path>
         <kind>object</kind>
         <file>esm.obj</file>
         <name>esm.obj</name>
      </input_file>
      <input_file id="fl-5">
         <path>.\TMS570LS1227_DEMO\source\</path>
         <kind>object</kind>
         <file>gio.obj</file>
         <name>gio.obj</name>
      </input_file>
      <input_file id="fl-6">
         <path>.\TMS570LS1227_DEMO\source\</path>
         <kind>object</kind>
         <file>het.obj</file>
         <name>het.obj</name>
      </input_file>
      <input_file id="fl-7">
         <path>.\TMS570LS1227_DEMO\source\</path>
         <kind>object</kind>
         <file>notification.obj</file>
         <name>notification.obj</name>
      </input_file>
      <input_file id="fl-8">
         <path>.\TMS570LS1227_DEMO\source\</path>
         <kind>object</kind>
         <file>pinmux.obj</file>
         <name>pinmux.obj</name>
      </input_file>
      <input_file id="fl-9">
         <path>.\TMS570LS1227_DEMO\source\</path>
         <kind>object</kind>
         <file>sci.obj</file>
         <name>sci.obj</name>
      </input_file>
      <input_file id="fl-a">
         <path>.\TMS570LS1227_DEMO\source\</path>
         <kind>object</kind>
         <file>spi.obj</file>
         <name>spi.obj</name>
      </input_file>
      <input_file id="fl-b">
         <path>.\TMS570LS1227_DEMO\source\</path>
         <kind>object</kind>
         <file>sys_core.obj</file>
         <name>sys_core.obj</name>
      </input_file>
      <input_file id="fl-c">
         <path>.\TMS570LS1227_DEMO\source\</path>
         <kind>object</kind>
         <file>sys_dma.obj</file>
         <name>sys_dma.obj</name>
      </input_file>
      <input_file id="fl-d">
         <path>.\TMS570LS1227_DEMO\source\</path>
         <kind>object</kind>
         <file>sys_intvecs.obj</file>
         <name>sys_intvecs.obj</name>
      </input_file>
      <input_file id="fl-e">
         <path>.\TMS570LS1227_DEMO\source\</path>
         <kind>object</kind>
         <file>sys_main.obj</file>
         <name>sys_main.obj</name>
      </input_file>
      <input_file id="fl-f">
         <path>.\TMS570LS1227_DEMO\source\</path>
         <kind>object</kind>
         <file>sys_mpu.obj</file>
         <name>sys_mpu.obj</name>
      </input_file>
      <input_file id="fl-10">
         <path>.\TMS570LS1227_DEMO\source\</path>
         <kind>object</kind>
         <file>sys_pcr.obj</file>
         <name>sys_pcr.obj</name>
      </input_file>
      <input_file id="fl-11">
         <path>.\TMS570LS1227_DEMO\source\</path>
         <kind>object</kind>
         <file>sys_phantom.obj</file>
         <name>sys_phantom.obj</name>
      </input_file>
      <input_file id="fl-12">
         <path>.\TMS570LS1227_DEMO\source\</path>
         <kind>object</kind>
         <file>sys_pmm.obj</file>
         <name>sys_pmm.obj</name>
      </input_file>
      <input_file id="fl-13">
         <path>.\TMS570LS1227_DEMO\source\</path>
         <kind>object</kind>
         <file>sys_pmu.obj</file>
         <name>sys_pmu.obj</name>
      </input_file>
      <input_file id="fl-14">
         <path>.\TMS570LS1227_DEMO\source\</path>
         <kind>object</kind>
         <file>sys_selftest.obj</file>
         <name>sys_selftest.obj</name>
      </input_file>
      <input_file id="fl-15">
         <path>.\TMS570LS1227_DEMO\source\</path>
         <kind>object</kind>
         <file>sys_startup.obj</file>
         <name>sys_startup.obj</name>
      </input_file>
      <input_file id="fl-16">
         <path>.\TMS570LS1227_DEMO\source\</path>
         <kind>object</kind>
         <file>sys_vim.obj</file>
         <name>sys_vim.obj</name>
      </input_file>
      <input_file id="fl-17">
         <path>.\TMS570LS1227_DEMO\source\</path>
         <kind>object</kind>
         <file>system.obj</file>
         <name>system.obj</name>
      </input_file>
      <input_file id="fl-18">
         <path>.\TMS570LS1227_DEMO\App\</path>
         <kind>object</kind>
         <file>ADS1247.obj</file>
         <name>ADS1247.obj</name>
      </input_file>
      <input_file id="fl-19">
         <path>.\TMS570LS1227_DEMO\App\</path>
         <kind>object</kind>
         <file>CanProtocol.obj</file>
         <name>CanProtocol.obj</name>
      </input_file>
      <input_file id="fl-1a">
         <path>.\TMS570LS1227_DEMO\App\</path>
         <kind>object</kind>
         <file>printf.obj</file>
         <name>printf.obj</name>
      </input_file>
      <input_file id="fl-1f">
         <path>D:\Program Files (x86)\ccs\ccsv6\tools\compiler\ti-cgt-arm_5.2.2\lib\</path>
         <kind>archive</kind>
         <file>rtsv7R4_T_be_v3D16_eabi.lib</file>
         <name>autoinit.obj</name>
      </input_file>
      <input_file id="fl-20">
         <path>D:\Program Files (x86)\ccs\ccsv6\tools\compiler\ti-cgt-arm_5.2.2\lib\</path>
         <kind>archive</kind>
         <file>rtsv7R4_T_be_v3D16_eabi.lib</file>
         <name>copy_decompress_none.obj</name>
      </input_file>
      <input_file id="fl-21">
         <path>D:\Program Files (x86)\ccs\ccsv6\tools\compiler\ti-cgt-arm_5.2.2\lib\</path>
         <kind>archive</kind>
         <file>rtsv7R4_T_be_v3D16_eabi.lib</file>
         <name>copy_decompress_rle.obj</name>
      </input_file>
      <input_file id="fl-22">
         <path>D:\Program Files (x86)\ccs\ccsv6\tools\compiler\ti-cgt-arm_5.2.2\lib\</path>
         <kind>archive</kind>
         <file>rtsv7R4_T_be_v3D16_eabi.lib</file>
         <name>copy_zero_init.obj</name>
      </input_file>
      <input_file id="fl-23">
         <path>D:\Program Files (x86)\ccs\ccsv6\tools\compiler\ti-cgt-arm_5.2.2\lib\</path>
         <kind>archive</kind>
         <file>rtsv7R4_T_be_v3D16_eabi.lib</file>
         <name>cpy_tbl.obj</name>
      </input_file>
      <input_file id="fl-24">
         <path>D:\Program Files (x86)\ccs\ccsv6\tools\compiler\ti-cgt-arm_5.2.2\lib\</path>
         <kind>archive</kind>
         <file>rtsv7R4_T_be_v3D16_eabi.lib</file>
         <name>defs.obj</name>
      </input_file>
      <input_file id="fl-25">
         <path>D:\Program Files (x86)\ccs\ccsv6\tools\compiler\ti-cgt-arm_5.2.2\lib\</path>
         <kind>archive</kind>
         <file>rtsv7R4_T_be_v3D16_eabi.lib</file>
         <name>exit.obj</name>
      </input_file>
      <input_file id="fl-26">
         <path>D:\Program Files (x86)\ccs\ccsv6\tools\compiler\ti-cgt-arm_5.2.2\lib\</path>
         <kind>archive</kind>
         <file>rtsv7R4_T_be_v3D16_eabi.lib</file>
         <name>memcpy_t2.obj</name>
      </input_file>
      <input_file id="fl-27">
         <path>D:\Program Files (x86)\ccs\ccsv6\tools\compiler\ti-cgt-arm_5.2.2\lib\</path>
         <kind>archive</kind>
         <file>rtsv7R4_T_be_v3D16_eabi.lib</file>
         <name>memset_t2.obj</name>
      </input_file>
      <input_file id="fl-28">
         <path>D:\Program Files (x86)\ccs\ccsv6\tools\compiler\ti-cgt-arm_5.2.2\lib\</path>
         <kind>archive</kind>
         <file>rtsv7R4_T_be_v3D16_eabi.lib</file>
         <name>u_div32.obj</name>
      </input_file>
      <input_file id="fl-29">
         <path>D:\Program Files (x86)\ccs\ccsv6\tools\compiler\ti-cgt-arm_5.2.2\lib\</path>
         <kind>archive</kind>
         <file>rtsv7R4_T_be_v3D16_eabi.lib</file>
         <name>_lock.obj</name>
      </input_file>
   </input_file_list>
   <object_component_list>
      <object_component id="oc-39">
         <name>.intvecs</name>
         <load_address>0x0</load_address>
         <run_address>0x0</run_address>
         <size>0x20</size>
         <input_file_ref idref="fl-d"/>
      </object_component>
      <object_component id="oc-80">
         <name>.text</name>
         <load_address>0x20</load_address>
         <run_address>0x20</run_address>
         <size>0x2cdc</size>
         <input_file_ref idref="fl-14"/>
      </object_component>
      <object_component id="oc-115">
         <name>.text</name>
         <load_address>0x2cfc</load_address>
         <run_address>0x2cfc</run_address>
         <size>0x11e8</size>
         <input_file_ref idref="fl-a"/>
      </object_component>
      <object_component id="oc-10f">
         <name>.text</name>
         <load_address>0x3ee4</load_address>
         <run_address>0x3ee4</run_address>
         <size>0xe5c</size>
         <input_file_ref idref="fl-2"/>
      </object_component>
      <object_component id="oc-7a">
         <name>.text</name>
         <load_address>0x4d40</load_address>
         <run_address>0x4d40</run_address>
         <size>0xb28</size>
         <input_file_ref idref="fl-17"/>
      </object_component>
      <object_component id="oc-127">
         <name>.text</name>
         <load_address>0x5868</load_address>
         <run_address>0x5868</run_address>
         <size>0xa8c</size>
         <input_file_ref idref="fl-1a"/>
      </object_component>
      <object_component id="oc-45">
         <name>.text</name>
         <load_address>0x62f4</load_address>
         <run_address>0x62f4</run_address>
         <size>0xa4c</size>
         <input_file_ref idref="fl-16"/>
      </object_component>
      <object_component id="oc-121">
         <name>.text</name>
         <load_address>0x6d40</load_address>
         <run_address>0x6d40</run_address>
         <size>0x918</size>
         <input_file_ref idref="fl-18"/>
      </object_component>
      <object_component id="oc-103">
         <name>.text</name>
         <load_address>0x7658</load_address>
         <run_address>0x7658</run_address>
         <size>0x8f0</size>
         <input_file_ref idref="fl-6"/>
      </object_component>
      <object_component id="oc-df">
         <name>.text</name>
         <load_address>0x7f48</load_address>
         <run_address>0x7f48</run_address>
         <size>0x8cc</size>
         <input_file_ref idref="fl-8"/>
      </object_component>
      <object_component id="oc-109">
         <name>.text</name>
         <load_address>0x8814</load_address>
         <run_address>0x8814</run_address>
         <size>0x750</size>
         <input_file_ref idref="fl-9"/>
      </object_component>
      <object_component id="oc-11b">
         <name>.text</name>
         <load_address>0x8f64</load_address>
         <run_address>0x8f64</run_address>
         <size>0x734</size>
         <input_file_ref idref="fl-19"/>
      </object_component>
      <object_component id="oc-86">
         <name>.text</name>
         <load_address>0x9698</load_address>
         <run_address>0x9698</run_address>
         <size>0x5e8</size>
         <input_file_ref idref="fl-4"/>
      </object_component>
      <object_component id="oc-fd">
         <name>.text</name>
         <load_address>0x9c80</load_address>
         <run_address>0x9c80</run_address>
         <size>0x484</size>
         <input_file_ref idref="fl-5"/>
      </object_component>
      <object_component id="oc-75">
         <name>.text</name>
         <load_address>0xa104</load_address>
         <run_address>0xa104</run_address>
         <size>0x34c</size>
         <input_file_ref idref="fl-b"/>
      </object_component>
      <object_component id="oc-44">
         <name>.text:retain</name>
         <load_address>0xa450</load_address>
         <run_address>0xa450</run_address>
         <size>0x2dc</size>
         <input_file_ref idref="fl-16"/>
      </object_component>
      <object_component id="oc-1e">
         <name>.text:retain</name>
         <load_address>0xa72c</load_address>
         <run_address>0xa72c</run_address>
         <size>0x27c</size>
         <input_file_ref idref="fl-15"/>
      </object_component>
      <object_component id="oc-33">
         <name>.text:retain</name>
         <load_address>0xa9a8</load_address>
         <run_address>0xa9a8</run_address>
         <size>0x204</size>
         <input_file_ref idref="fl-9"/>
      </object_component>
      <object_component id="oc-9f">
         <name>.text</name>
         <load_address>0xabac</load_address>
         <run_address>0xabac</run_address>
         <size>0x134</size>
         <input_file_ref idref="fl-7"/>
      </object_component>
      <object_component id="oc-2d">
         <name>.text:retain</name>
         <load_address>0xace0</load_address>
         <run_address>0xace0</run_address>
         <size>0x114</size>
         <input_file_ref idref="fl-4"/>
      </object_component>
      <object_component id="oc-24">
         <name>.text:retain</name>
         <load_address>0xadf4</load_address>
         <run_address>0xadf4</run_address>
         <size>0x100</size>
         <input_file_ref idref="fl-2"/>
      </object_component>
      <object_component id="oc-b3">
         <name>.text</name>
         <load_address>0xaef4</load_address>
         <run_address>0xaef4</run_address>
         <size>0xe8</size>
         <input_file_ref idref="fl-3"/>
      </object_component>
      <object_component id="oc-e7">
         <name>.text</name>
         <load_address>0xafdc</load_address>
         <run_address>0xafdc</run_address>
         <size>0xe0</size>
         <input_file_ref idref="fl-13"/>
      </object_component>
      <object_component id="oc-92">
         <name>.text</name>
         <load_address>0xb0bc</load_address>
         <run_address>0xb0bc</run_address>
         <size>0xb8</size>
         <input_file_ref idref="fl-e"/>
      </object_component>
      <object_component id="oc-50">
         <name>.text</name>
         <load_address>0xb174</load_address>
         <run_address>0xb174</run_address>
         <size>0x9c</size>
         <input_file_ref idref="fl-26"/>
      </object_component>
      <object_component id="oc-69">
         <name>.text</name>
         <load_address>0xb210</load_address>
         <run_address>0xb210</run_address>
         <size>0x7a</size>
         <input_file_ref idref="fl-27"/>
      </object_component>
      <object_component id="oc-8c">
         <name>.text</name>
         <load_address>0xb28c</load_address>
         <run_address>0xb28c</run_address>
         <size>0x6c</size>
         <input_file_ref idref="fl-1f"/>
      </object_component>
      <object_component id="oc-5c">
         <name>.text</name>
         <load_address>0xb2f8</load_address>
         <run_address>0xb2f8</run_address>
         <size>0x6a</size>
         <input_file_ref idref="fl-21"/>
      </object_component>
      <object_component id="oc-1c8">
         <name>.text</name>
         <load_address>0xb364</load_address>
         <run_address>0xb364</run_address>
         <size>0x54</size>
         <input_file_ref idref="fl-28"/>
      </object_component>
      <object_component id="oc-f5">
         <name>.text</name>
         <load_address>0xb3b8</load_address>
         <run_address>0xb3b8</run_address>
         <size>0x4c</size>
         <input_file_ref idref="fl-23"/>
      </object_component>
      <object_component id="oc-98">
         <name>.text</name>
         <load_address>0xb404</load_address>
         <run_address>0xb404</run_address>
         <size>0x40</size>
         <input_file_ref idref="fl-25"/>
      </object_component>
      <object_component id="oc-21d">
         <name>.text</name>
         <load_address>0xb444</load_address>
         <run_address>0xb444</run_address>
         <size>0x14</size>
         <input_file_ref idref="fl-29"/>
      </object_component>
      <object_component id="oc-c">
         <name>.text:decompress:none</name>
         <load_address>0xb458</load_address>
         <run_address>0xb458</run_address>
         <size>0xe</size>
         <input_file_ref idref="fl-20"/>
      </object_component>
      <object_component id="oc-18">
         <name>.text:decompress:ZI</name>
         <load_address>0xb466</load_address>
         <run_address>0xb466</run_address>
         <size>0xc</size>
         <input_file_ref idref="fl-22"/>
      </object_component>
      <object_component id="oc-12">
         <name>.text:decompress:rle24</name>
         <load_address>0xb472</load_address>
         <run_address>0xb472</run_address>
         <size>0x6</size>
         <input_file_ref idref="fl-21"/>
      </object_component>
      <object_component id="oc-3e">
         <name>.text:retain</name>
         <load_address>0xb478</load_address>
         <run_address>0xb478</run_address>
         <size>0x4</size>
         <input_file_ref idref="fl-11"/>
      </object_component>
      <object_component id="oc-1cd">
         <name>.const:het1PROGRAM</name>
         <load_address>0xb47c</load_address>
         <run_address>0xb47c</run_address>
         <size>0x3a0</size>
         <input_file_ref idref="fl-6"/>
      </object_component>
      <object_component id="oc-2a">
         <name>.const:s_vim_init</name>
         <load_address>0xb81c</load_address>
         <run_address>0xb81c</run_address>
         <size>0x200</size>
         <input_file_ref idref="fl-16"/>
      </object_component>
      <object_component id="oc-1ff">
         <name>.const:.string:$P$T0$1</name>
         <load_address>0xba1c</load_address>
         <run_address>0xba1c</run_address>
         <size>0x24</size>
         <input_file_ref idref="fl-1a"/>
      </object_component>
      <object_component id="oc-1db">
         <name>.const</name>
         <load_address>0xba40</load_address>
         <run_address>0xba40</run_address>
         <size>0x20</size>
         <input_file_ref idref="fl-2"/>
      </object_component>
      <object_component id="oc-1d0">
         <name>.const</name>
         <load_address>0xba60</load_address>
         <run_address>0xba60</run_address>
         <size>0x20</size>
         <input_file_ref idref="fl-6"/>
      </object_component>
      <object_component id="oc-2a9">
         <name>.cinit..data.load</name>
         <load_address>0xba80</load_address>
         <run_address>0xba80</run_address>
         <size>0x2a</size>
      </object_component>
      <object_component id="oc-2a6">
         <name>__TI_handler_table</name>
         <load_address>0xbaac</load_address>
         <run_address>0xbaac</run_address>
         <size>0xc</size>
      </object_component>
      <object_component id="oc-2a8">
         <name>.cinit..bss.load</name>
         <load_address>0xbab8</load_address>
         <run_address>0xbab8</run_address>
         <size>0x8</size>
      </object_component>
      <object_component id="oc-2a7">
         <name>__TI_cinit_table</name>
         <load_address>0xbac0</load_address>
         <run_address>0xbac0</run_address>
         <size>0x10</size>
      </object_component>
      <object_component id="oc-af">
         <name>.bss:g_sciTransfer_t</name>
         <uninitialized>true</uninitialized>
         <run_address>0x80015f0</run_address>
         <size>0x28</size>
         <input_file_ref idref="fl-9"/>
      </object_component>
      <object_component id="oc-1e4">
         <name>.bss:g_spiPacket_t</name>
         <uninitialized>true</uninitialized>
         <run_address>0x8001578</run_address>
         <size>0x78</size>
         <input_file_ref idref="fl-a"/>
      </object_component>
      <object_component id="oc-1f1">
         <name>.bss:CanRxCmdRingBuffer</name>
         <uninitialized>true</uninitialized>
         <run_address>0x8001500</run_address>
         <size>0x78</size>
         <input_file_ref idref="fl-19"/>
      </object_component>
      <object_component id="oc-1fb">
         <name>.common:dataconfig1_t</name>
         <uninitialized>true</uninitialized>
         <run_address>0x8001618</run_address>
         <size>0x4</size>
      </object_component>
      <object_component id="oc-1ee">
         <name>.data</name>
         <load_address>0x800171c</load_address>
         <run_address>0x800171c</run_address>
         <size>0x4</size>
         <input_file_ref idref="fl-19"/>
      </object_component>
      <object_component id="oc-202">
         <name>.data:_ftable</name>
         <load_address>0x800161c</load_address>
         <run_address>0x800161c</run_address>
         <size>0xf0</size>
         <input_file_ref idref="fl-24"/>
      </object_component>
      <object_component id="oc-137">
         <name>.data</name>
         <load_address>0x8001714</load_address>
         <run_address>0x8001714</run_address>
         <size>0x8</size>
         <input_file_ref idref="fl-25"/>
      </object_component>
      <object_component id="oc-134">
         <name>.data</name>
         <load_address>0x800170c</load_address>
         <run_address>0x800170c</run_address>
         <size>0x8</size>
         <input_file_ref idref="fl-29"/>
      </object_component>
      <object_component id="oc-172">
         <name>.debug_info</name>
         <load_address>0x0</load_address>
         <run_address>0x0</run_address>
         <size>0x264</size>
         <input_file_ref idref="fl-2"/>
      </object_component>
      <object_component id="oc-1dc">
         <name>.debug_info</name>
         <load_address>0x264</load_address>
         <run_address>0x264</run_address>
         <size>0x109</size>
         <input_file_ref idref="fl-2"/>
      </object_component>
      <object_component id="oc-110">
         <name>.debug_info</name>
         <load_address>0x36d</load_address>
         <run_address>0x36d</run_address>
         <size>0x18d4</size>
         <input_file_ref idref="fl-2"/>
      </object_component>
      <object_component id="oc-25">
         <name>.debug_info</name>
         <load_address>0x1c41</load_address>
         <run_address>0x1c41</run_address>
         <size>0x200</size>
         <input_file_ref idref="fl-2"/>
      </object_component>
      <object_component id="oc-a6">
         <name>.debug_info</name>
         <load_address>0x1e41</load_address>
         <run_address>0x1e41</run_address>
         <size>0x157</size>
         <input_file_ref idref="fl-2"/>
      </object_component>
      <object_component id="oc-12f">
         <name>.debug_info</name>
         <load_address>0x1f98</load_address>
         <run_address>0x1f98</run_address>
         <size>0x8b</size>
         <input_file_ref idref="fl-2"/>
      </object_component>
      <object_component id="oc-bb">
         <name>.debug_info</name>
         <load_address>0x2023</load_address>
         <run_address>0x2023</run_address>
         <size>0x18c</size>
         <input_file_ref idref="fl-2"/>
      </object_component>
      <object_component id="oc-144">
         <name>.debug_info</name>
         <load_address>0x21af</load_address>
         <run_address>0x21af</run_address>
         <size>0x18b</size>
         <input_file_ref idref="fl-2"/>
      </object_component>
      <object_component id="oc-c0">
         <name>.debug_info</name>
         <load_address>0x233a</load_address>
         <run_address>0x233a</run_address>
         <size>0x86</size>
         <input_file_ref idref="fl-2"/>
      </object_component>
      <object_component id="oc-20c">
         <name>.debug_info</name>
         <load_address>0x23c0</load_address>
         <run_address>0x23c0</run_address>
         <size>0x4e</size>
         <input_file_ref idref="fl-2"/>
      </object_component>
      <object_component id="oc-186">
         <name>.debug_info</name>
         <load_address>0x240e</load_address>
         <run_address>0x240e</run_address>
         <size>0x437</size>
         <input_file_ref idref="fl-2"/>
      </object_component>
      <object_component id="oc-1df">
         <name>.debug_info</name>
         <load_address>0x2845</load_address>
         <run_address>0x2845</run_address>
         <size>0x15f</size>
         <input_file_ref idref="fl-2"/>
      </object_component>
      <object_component id="oc-164">
         <name>.debug_info</name>
         <load_address>0x29a4</load_address>
         <run_address>0x29a4</run_address>
         <size>0x2d0</size>
         <input_file_ref idref="fl-2"/>
      </object_component>
      <object_component id="oc-b4">
         <name>.debug_info</name>
         <load_address>0x2c74</load_address>
         <run_address>0x2c74</run_address>
         <size>0x13b</size>
         <input_file_ref idref="fl-3"/>
      </object_component>
      <object_component id="oc-f4">
         <name>.debug_info</name>
         <load_address>0x2daf</load_address>
         <run_address>0x2daf</run_address>
         <size>0x197</size>
         <input_file_ref idref="fl-4"/>
      </object_component>
      <object_component id="oc-87">
         <name>.debug_info</name>
         <load_address>0x2f46</load_address>
         <run_address>0x2f46</run_address>
         <size>0xdb0</size>
         <input_file_ref idref="fl-4"/>
      </object_component>
      <object_component id="oc-2e">
         <name>.debug_info</name>
         <load_address>0x3cf6</load_address>
         <run_address>0x3cf6</run_address>
         <size>0x1d0</size>
         <input_file_ref idref="fl-4"/>
      </object_component>
      <object_component id="oc-14b">
         <name>.debug_info</name>
         <load_address>0x3ec6</load_address>
         <run_address>0x3ec6</run_address>
         <size>0x1de</size>
         <input_file_ref idref="fl-4"/>
      </object_component>
      <object_component id="oc-ef">
         <name>.debug_info</name>
         <load_address>0x40a4</load_address>
         <run_address>0x40a4</run_address>
         <size>0x129</size>
         <input_file_ref idref="fl-4"/>
      </object_component>
      <object_component id="oc-1c7">
         <name>.debug_info</name>
         <load_address>0x41cd</load_address>
         <run_address>0x41cd</run_address>
         <size>0x11a</size>
         <input_file_ref idref="fl-5"/>
      </object_component>
      <object_component id="oc-fe">
         <name>.debug_info</name>
         <load_address>0x42e7</load_address>
         <run_address>0x42e7</run_address>
         <size>0x86c</size>
         <input_file_ref idref="fl-5"/>
      </object_component>
      <object_component id="oc-155">
         <name>.debug_info</name>
         <load_address>0x4b53</load_address>
         <run_address>0x4b53</run_address>
         <size>0x1f9</size>
         <input_file_ref idref="fl-5"/>
      </object_component>
      <object_component id="oc-251">
         <name>.debug_info</name>
         <load_address>0x4d4c</load_address>
         <run_address>0x4d4c</run_address>
         <size>0x12a</size>
         <input_file_ref idref="fl-5"/>
      </object_component>
      <object_component id="oc-1d4">
         <name>.debug_info</name>
         <load_address>0x4e76</load_address>
         <run_address>0x4e76</run_address>
         <size>0x1a7</size>
         <input_file_ref idref="fl-6"/>
      </object_component>
      <object_component id="oc-1d1">
         <name>.debug_info</name>
         <load_address>0x501d</load_address>
         <run_address>0x501d</run_address>
         <size>0x10f</size>
         <input_file_ref idref="fl-6"/>
      </object_component>
      <object_component id="oc-1ce">
         <name>.debug_info</name>
         <load_address>0x512c</load_address>
         <run_address>0x512c</run_address>
         <size>0x103</size>
         <input_file_ref idref="fl-6"/>
      </object_component>
      <object_component id="oc-104">
         <name>.debug_info</name>
         <load_address>0x522f</load_address>
         <run_address>0x522f</run_address>
         <size>0xfcb</size>
         <input_file_ref idref="fl-6"/>
      </object_component>
      <object_component id="oc-d6">
         <name>.debug_info</name>
         <load_address>0x61fa</load_address>
         <run_address>0x61fa</run_address>
         <size>0x2c</size>
         <input_file_ref idref="fl-6"/>
      </object_component>
      <object_component id="oc-190">
         <name>.debug_info</name>
         <load_address>0x6226</load_address>
         <run_address>0x6226</run_address>
         <size>0x3d3</size>
         <input_file_ref idref="fl-6"/>
      </object_component>
      <object_component id="oc-1d5">
         <name>.debug_info</name>
         <load_address>0x65f9</load_address>
         <run_address>0x65f9</run_address>
         <size>0x2e3</size>
         <input_file_ref idref="fl-6"/>
      </object_component>
      <object_component id="oc-13e">
         <name>.debug_info</name>
         <load_address>0x68dc</load_address>
         <run_address>0x68dc</run_address>
         <size>0x340</size>
         <input_file_ref idref="fl-7"/>
      </object_component>
      <object_component id="oc-a0">
         <name>.debug_info</name>
         <load_address>0x6c1c</load_address>
         <run_address>0x6c1c</run_address>
         <size>0xfb7</size>
         <input_file_ref idref="fl-7"/>
      </object_component>
      <object_component id="oc-177">
         <name>.debug_info</name>
         <load_address>0x7bd3</load_address>
         <run_address>0x7bd3</run_address>
         <size>0x791</size>
         <input_file_ref idref="fl-7"/>
      </object_component>
      <object_component id="oc-17c">
         <name>.debug_info</name>
         <load_address>0x8364</load_address>
         <run_address>0x8364</run_address>
         <size>0x4de</size>
         <input_file_ref idref="fl-7"/>
      </object_component>
      <object_component id="oc-181">
         <name>.debug_info</name>
         <load_address>0x8842</load_address>
         <run_address>0x8842</run_address>
         <size>0x3ce</size>
         <input_file_ref idref="fl-7"/>
      </object_component>
      <object_component id="oc-22d">
         <name>.debug_info</name>
         <load_address>0x8c10</load_address>
         <run_address>0x8c10</run_address>
         <size>0x7cd</size>
         <input_file_ref idref="fl-7"/>
      </object_component>
      <object_component id="oc-13f">
         <name>.debug_info</name>
         <load_address>0x93dd</load_address>
         <run_address>0x93dd</run_address>
         <size>0x673</size>
         <input_file_ref idref="fl-7"/>
      </object_component>
      <object_component id="oc-1e9">
         <name>.debug_info</name>
         <load_address>0x9a50</load_address>
         <run_address>0x9a50</run_address>
         <size>0x375</size>
         <input_file_ref idref="fl-7"/>
      </object_component>
      <object_component id="oc-1b1">
         <name>.debug_info</name>
         <load_address>0x9dc5</load_address>
         <run_address>0x9dc5</run_address>
         <size>0x37b</size>
         <input_file_ref idref="fl-7"/>
      </object_component>
      <object_component id="oc-18b">
         <name>.debug_info</name>
         <load_address>0xa140</load_address>
         <run_address>0xa140</run_address>
         <size>0x1ca</size>
         <input_file_ref idref="fl-7"/>
      </object_component>
      <object_component id="oc-150">
         <name>.debug_info</name>
         <load_address>0xa30a</load_address>
         <run_address>0xa30a</run_address>
         <size>0x435</size>
         <input_file_ref idref="fl-7"/>
      </object_component>
      <object_component id="oc-1a4">
         <name>.debug_info</name>
         <load_address>0xa73f</load_address>
         <run_address>0xa73f</run_address>
         <size>0x551</size>
         <input_file_ref idref="fl-7"/>
      </object_component>
      <object_component id="oc-19a">
         <name>.debug_info</name>
         <load_address>0xac90</load_address>
         <run_address>0xac90</run_address>
         <size>0x1de</size>
         <input_file_ref idref="fl-7"/>
      </object_component>
      <object_component id="oc-213">
         <name>.debug_info</name>
         <load_address>0xae6e</load_address>
         <run_address>0xae6e</run_address>
         <size>0x243</size>
         <input_file_ref idref="fl-7"/>
      </object_component>
      <object_component id="oc-239">
         <name>.debug_info</name>
         <load_address>0xb0b1</load_address>
         <run_address>0xb0b1</run_address>
         <size>0x18e</size>
         <input_file_ref idref="fl-7"/>
      </object_component>
      <object_component id="oc-218">
         <name>.debug_info</name>
         <load_address>0xb23f</load_address>
         <run_address>0xb23f</run_address>
         <size>0x26c</size>
         <input_file_ref idref="fl-7"/>
      </object_component>
      <object_component id="oc-1a9">
         <name>.debug_info</name>
         <load_address>0xb4ab</load_address>
         <run_address>0xb4ab</run_address>
         <size>0x17a</size>
         <input_file_ref idref="fl-7"/>
      </object_component>
      <object_component id="oc-15a">
         <name>.debug_info</name>
         <load_address>0xb625</load_address>
         <run_address>0xb625</run_address>
         <size>0x6a6</size>
         <input_file_ref idref="fl-7"/>
      </object_component>
      <object_component id="oc-15f">
         <name>.debug_info</name>
         <load_address>0xbccb</load_address>
         <run_address>0xbccb</run_address>
         <size>0x13e</size>
         <input_file_ref idref="fl-7"/>
      </object_component>
      <object_component id="oc-174">
         <name>.debug_info</name>
         <load_address>0xbe09</load_address>
         <run_address>0xbe09</run_address>
         <size>0x101</size>
         <input_file_ref idref="fl-8"/>
      </object_component>
      <object_component id="oc-e0">
         <name>.debug_info</name>
         <load_address>0xbf0a</load_address>
         <run_address>0xbf0a</run_address>
         <size>0x252</size>
         <input_file_ref idref="fl-8"/>
      </object_component>
      <object_component id="oc-195">
         <name>.debug_info</name>
         <load_address>0xc15c</load_address>
         <run_address>0xc15c</run_address>
         <size>0x508</size>
         <input_file_ref idref="fl-8"/>
      </object_component>
      <object_component id="oc-242">
         <name>.debug_info</name>
         <load_address>0xc664</load_address>
         <run_address>0xc664</run_address>
         <size>0x43c</size>
         <input_file_ref idref="fl-8"/>
      </object_component>
      <object_component id="oc-170">
         <name>.debug_info</name>
         <load_address>0xcaa0</load_address>
         <run_address>0xcaa0</run_address>
         <size>0x17b</size>
         <input_file_ref idref="fl-9"/>
      </object_component>
      <object_component id="oc-b0">
         <name>.debug_info</name>
         <load_address>0xcc1b</load_address>
         <run_address>0xcc1b</run_address>
         <size>0x10b</size>
         <input_file_ref idref="fl-9"/>
      </object_component>
      <object_component id="oc-10a">
         <name>.debug_info</name>
         <load_address>0xcd26</load_address>
         <run_address>0xcd26</run_address>
         <size>0xd81</size>
         <input_file_ref idref="fl-9"/>
      </object_component>
      <object_component id="oc-34">
         <name>.debug_info</name>
         <load_address>0xdaa7</load_address>
         <run_address>0xdaa7</run_address>
         <size>0x256</size>
         <input_file_ref idref="fl-9"/>
      </object_component>
      <object_component id="oc-234">
         <name>.debug_info</name>
         <load_address>0xdcfd</load_address>
         <run_address>0xdcfd</run_address>
         <size>0x9f</size>
         <input_file_ref idref="fl-9"/>
      </object_component>
      <object_component id="oc-1e8">
         <name>.debug_info</name>
         <load_address>0xdd9c</load_address>
         <run_address>0xdd9c</run_address>
         <size>0x151</size>
         <input_file_ref idref="fl-a"/>
      </object_component>
      <object_component id="oc-1e5">
         <name>.debug_info</name>
         <load_address>0xdeed</load_address>
         <run_address>0xdeed</run_address>
         <size>0x107</size>
         <input_file_ref idref="fl-a"/>
      </object_component>
      <object_component id="oc-116">
         <name>.debug_info</name>
         <load_address>0xdff4</load_address>
         <run_address>0xdff4</run_address>
         <size>0x1388</size>
         <input_file_ref idref="fl-a"/>
      </object_component>
      <object_component id="oc-263">
         <name>.debug_info</name>
         <load_address>0xf37c</load_address>
         <run_address>0xf37c</run_address>
         <size>0xc7</size>
         <input_file_ref idref="fl-a"/>
      </object_component>
      <object_component id="oc-76">
         <name>.debug_info</name>
         <load_address>0xf443</load_address>
         <run_address>0xf443</run_address>
         <size>0xa88</size>
         <input_file_ref idref="fl-b"/>
      </object_component>
      <object_component id="oc-3a">
         <name>.debug_info</name>
         <load_address>0xfecb</load_address>
         <run_address>0xfecb</run_address>
         <size>0x143</size>
         <input_file_ref idref="fl-d"/>
      </object_component>
      <object_component id="oc-12e">
         <name>.debug_info</name>
         <load_address>0x1000e</load_address>
         <run_address>0x1000e</run_address>
         <size>0x3aa</size>
         <input_file_ref idref="fl-e"/>
      </object_component>
      <object_component id="oc-93">
         <name>.debug_info</name>
         <load_address>0x103b8</load_address>
         <run_address>0x103b8</run_address>
         <size>0x28b</size>
         <input_file_ref idref="fl-e"/>
      </object_component>
      <object_component id="oc-207">
         <name>.debug_info</name>
         <load_address>0x10643</load_address>
         <run_address>0x10643</run_address>
         <size>0xc8</size>
         <input_file_ref idref="fl-e"/>
      </object_component>
      <object_component id="oc-1f6">
         <name>.debug_info</name>
         <load_address>0x1070b</load_address>
         <run_address>0x1070b</run_address>
         <size>0x30b</size>
         <input_file_ref idref="fl-e"/>
      </object_component>
      <object_component id="oc-247">
         <name>.debug_info</name>
         <load_address>0x10a16</load_address>
         <run_address>0x10a16</run_address>
         <size>0x120</size>
         <input_file_ref idref="fl-10"/>
      </object_component>
      <object_component id="oc-27c">
         <name>.debug_info</name>
         <load_address>0x10b36</load_address>
         <run_address>0x10b36</run_address>
         <size>0x242</size>
         <input_file_ref idref="fl-10"/>
      </object_component>
      <object_component id="oc-19f">
         <name>.debug_info</name>
         <load_address>0x10d78</load_address>
         <run_address>0x10d78</run_address>
         <size>0x2af</size>
         <input_file_ref idref="fl-10"/>
      </object_component>
      <object_component id="oc-3f">
         <name>.debug_info</name>
         <load_address>0x11027</load_address>
         <run_address>0x11027</run_address>
         <size>0x181</size>
         <input_file_ref idref="fl-11"/>
      </object_component>
      <object_component id="oc-e8">
         <name>.debug_info</name>
         <load_address>0x111a8</load_address>
         <run_address>0x111a8</run_address>
         <size>0x47e</size>
         <input_file_ref idref="fl-13"/>
      </object_component>
      <object_component id="oc-ed">
         <name>.debug_info</name>
         <load_address>0x11626</load_address>
         <run_address>0x11626</run_address>
         <size>0x4f0</size>
         <input_file_ref idref="fl-14"/>
      </object_component>
      <object_component id="oc-81">
         <name>.debug_info</name>
         <load_address>0x11b16</load_address>
         <run_address>0x11b16</run_address>
         <size>0x3623</size>
         <input_file_ref idref="fl-14"/>
      </object_component>
      <object_component id="oc-1f">
         <name>.debug_info</name>
         <load_address>0x15139</load_address>
         <run_address>0x15139</run_address>
         <size>0x5ec</size>
         <input_file_ref idref="fl-15"/>
      </object_component>
      <object_component id="oc-ad">
         <name>.debug_info</name>
         <load_address>0x15725</load_address>
         <run_address>0x15725</run_address>
         <size>0x332</size>
         <input_file_ref idref="fl-16"/>
      </object_component>
      <object_component id="oc-2b">
         <name>.debug_info</name>
         <load_address>0x15a57</load_address>
         <run_address>0x15a57</run_address>
         <size>0x105</size>
         <input_file_ref idref="fl-16"/>
      </object_component>
      <object_component id="oc-46">
         <name>.debug_info</name>
         <load_address>0x15b5c</load_address>
         <run_address>0x15b5c</run_address>
         <size>0x54b</size>
         <input_file_ref idref="fl-16"/>
      </object_component>
      <object_component id="oc-4b">
         <name>.debug_info</name>
         <load_address>0x160a7</load_address>
         <run_address>0x160a7</run_address>
         <size>0x244</size>
         <input_file_ref idref="fl-16"/>
      </object_component>
      <object_component id="oc-169">
         <name>.debug_info</name>
         <load_address>0x162eb</load_address>
         <run_address>0x162eb</run_address>
         <size>0x5d</size>
         <input_file_ref idref="fl-16"/>
      </object_component>
      <object_component id="oc-e6">
         <name>.debug_info</name>
         <load_address>0x16348</load_address>
         <run_address>0x16348</run_address>
         <size>0x39d</size>
         <input_file_ref idref="fl-17"/>
      </object_component>
      <object_component id="oc-7b">
         <name>.debug_info</name>
         <load_address>0x166e5</load_address>
         <run_address>0x166e5</run_address>
         <size>0x8be</size>
         <input_file_ref idref="fl-17"/>
      </object_component>
      <object_component id="oc-1fc">
         <name>.debug_info</name>
         <load_address>0x16fa3</load_address>
         <run_address>0x16fa3</run_address>
         <size>0x1d7</size>
         <input_file_ref idref="fl-18"/>
      </object_component>
      <object_component id="oc-122">
         <name>.debug_info</name>
         <load_address>0x1717a</load_address>
         <run_address>0x1717a</run_address>
         <size>0xf58</size>
         <input_file_ref idref="fl-18"/>
      </object_component>
      <object_component id="oc-1f5">
         <name>.debug_info</name>
         <load_address>0x180d2</load_address>
         <run_address>0x180d2</run_address>
         <size>0x1e5</size>
         <input_file_ref idref="fl-19"/>
      </object_component>
      <object_component id="oc-1ef">
         <name>.debug_info</name>
         <load_address>0x182b7</load_address>
         <run_address>0x182b7</run_address>
         <size>0x1b8</size>
         <input_file_ref idref="fl-19"/>
      </object_component>
      <object_component id="oc-1f2">
         <name>.debug_info</name>
         <load_address>0x1846f</load_address>
         <run_address>0x1846f</run_address>
         <size>0x117</size>
         <input_file_ref idref="fl-19"/>
      </object_component>
      <object_component id="oc-11c">
         <name>.debug_info</name>
         <load_address>0x18586</load_address>
         <run_address>0x18586</run_address>
         <size>0xa78</size>
         <input_file_ref idref="fl-19"/>
      </object_component>
      <object_component id="oc-206">
         <name>.debug_info</name>
         <load_address>0x18ffe</load_address>
         <run_address>0x18ffe</run_address>
         <size>0x1a2</size>
         <input_file_ref idref="fl-1a"/>
      </object_component>
      <object_component id="oc-200">
         <name>.debug_info</name>
         <load_address>0x191a0</load_address>
         <run_address>0x191a0</run_address>
         <size>0xfc</size>
         <input_file_ref idref="fl-1a"/>
      </object_component>
      <object_component id="oc-128">
         <name>.debug_info</name>
         <load_address>0x1929c</load_address>
         <run_address>0x1929c</run_address>
         <size>0x1294</size>
         <input_file_ref idref="fl-1a"/>
      </object_component>
      <object_component id="oc-fc">
         <name>.debug_info</name>
         <load_address>0x1a530</load_address>
         <run_address>0x1a530</run_address>
         <size>0x2a0</size>
         <input_file_ref idref="fl-1f"/>
      </object_component>
      <object_component id="oc-90">
         <name>.debug_info</name>
         <load_address>0x1a7d0</load_address>
         <run_address>0x1a7d0</run_address>
         <size>0x15a</size>
         <input_file_ref idref="fl-1f"/>
      </object_component>
      <object_component id="oc-ce">
         <name>.debug_info</name>
         <load_address>0x1a92a</load_address>
         <run_address>0x1a92a</run_address>
         <size>0x84</size>
         <input_file_ref idref="fl-1f"/>
      </object_component>
      <object_component id="oc-1bc">
         <name>.debug_info</name>
         <load_address>0x1a9ae</load_address>
         <run_address>0x1a9ae</run_address>
         <size>0x39</size>
         <input_file_ref idref="fl-1f"/>
      </object_component>
      <object_component id="oc-1c1">
         <name>.debug_info</name>
         <load_address>0x1a9e7</load_address>
         <run_address>0x1a9e7</run_address>
         <size>0xcd</size>
         <input_file_ref idref="fl-1f"/>
      </object_component>
      <object_component id="oc-5b">
         <name>.debug_info</name>
         <load_address>0x1aab4</load_address>
         <run_address>0x1aab4</run_address>
         <size>0x123</size>
         <input_file_ref idref="fl-20"/>
      </object_component>
      <object_component id="oc-f">
         <name>.debug_info</name>
         <load_address>0x1abd7</load_address>
         <run_address>0x1abd7</run_address>
         <size>0x1c2</size>
         <input_file_ref idref="fl-20"/>
      </object_component>
      <object_component id="oc-56">
         <name>.debug_info</name>
         <load_address>0x1ad99</load_address>
         <run_address>0x1ad99</run_address>
         <size>0x46</size>
         <input_file_ref idref="fl-20"/>
      </object_component>
      <object_component id="oc-c7">
         <name>.debug_info</name>
         <load_address>0x1addf</load_address>
         <run_address>0x1addf</run_address>
         <size>0x2c</size>
         <input_file_ref idref="fl-20"/>
      </object_component>
      <object_component id="oc-63">
         <name>.debug_info</name>
         <load_address>0x1ae0b</load_address>
         <run_address>0x1ae0b</run_address>
         <size>0x117</size>
         <input_file_ref idref="fl-21"/>
      </object_component>
      <object_component id="oc-5f">
         <name>.debug_info</name>
         <load_address>0x1af22</load_address>
         <run_address>0x1af22</run_address>
         <size>0x22a</size>
         <input_file_ref idref="fl-21"/>
      </object_component>
      <object_component id="oc-15">
         <name>.debug_info</name>
         <load_address>0x1b14c</load_address>
         <run_address>0x1b14c</run_address>
         <size>0x1bc</size>
         <input_file_ref idref="fl-21"/>
      </object_component>
      <object_component id="oc-64">
         <name>.debug_info</name>
         <load_address>0x1b308</load_address>
         <run_address>0x1b308</run_address>
         <size>0x39</size>
         <input_file_ref idref="fl-21"/>
      </object_component>
      <object_component id="oc-74">
         <name>.debug_info</name>
         <load_address>0x1b341</load_address>
         <run_address>0x1b341</run_address>
         <size>0x112</size>
         <input_file_ref idref="fl-22"/>
      </object_component>
      <object_component id="oc-19">
         <name>.debug_info</name>
         <load_address>0x1b453</load_address>
         <run_address>0x1b453</run_address>
         <size>0x18d</size>
         <input_file_ref idref="fl-22"/>
      </object_component>
      <object_component id="oc-6f">
         <name>.debug_info</name>
         <load_address>0x1b5e0</load_address>
         <run_address>0x1b5e0</run_address>
         <size>0x46</size>
         <input_file_ref idref="fl-22"/>
      </object_component>
      <object_component id="oc-1b9">
         <name>.debug_info</name>
         <load_address>0x1b626</load_address>
         <run_address>0x1b626</run_address>
         <size>0x1c3</size>
         <input_file_ref idref="fl-23"/>
      </object_component>
      <object_component id="oc-f7">
         <name>.debug_info</name>
         <load_address>0x1b7e9</load_address>
         <run_address>0x1b7e9</run_address>
         <size>0x17f</size>
         <input_file_ref idref="fl-23"/>
      </object_component>
      <object_component id="oc-24a">
         <name>.debug_info</name>
         <load_address>0x1b968</load_address>
         <run_address>0x1b968</run_address>
         <size>0x2c</size>
         <input_file_ref idref="fl-23"/>
      </object_component>
      <object_component id="oc-274">
         <name>.debug_info</name>
         <load_address>0x1b994</load_address>
         <run_address>0x1b994</run_address>
         <size>0xf3</size>
         <input_file_ref idref="fl-24"/>
      </object_component>
      <object_component id="oc-203">
         <name>.debug_info</name>
         <load_address>0x1ba87</load_address>
         <run_address>0x1ba87</run_address>
         <size>0xda</size>
         <input_file_ref idref="fl-24"/>
      </object_component>
      <object_component id="oc-283">
         <name>.debug_info</name>
         <load_address>0x1bb61</load_address>
         <run_address>0x1bb61</run_address>
         <size>0xae</size>
         <input_file_ref idref="fl-24"/>
      </object_component>
      <object_component id="oc-13b">
         <name>.debug_info</name>
         <load_address>0x1bc0f</load_address>
         <run_address>0x1bc0f</run_address>
         <size>0x174</size>
         <input_file_ref idref="fl-25"/>
      </object_component>
      <object_component id="oc-138">
         <name>.debug_info</name>
         <load_address>0x1bd83</load_address>
         <run_address>0x1bd83</run_address>
         <size>0x119</size>
         <input_file_ref idref="fl-25"/>
      </object_component>
      <object_component id="oc-99">
         <name>.debug_info</name>
         <load_address>0x1be9c</load_address>
         <run_address>0x1be9c</run_address>
         <size>0x1f0</size>
         <input_file_ref idref="fl-25"/>
      </object_component>
      <object_component id="oc-52">
         <name>.debug_info</name>
         <load_address>0x1c08c</load_address>
         <run_address>0x1c08c</run_address>
         <size>0xfa</size>
         <input_file_ref idref="fl-26"/>
      </object_component>
      <object_component id="oc-6a">
         <name>.debug_info</name>
         <load_address>0x1c186</load_address>
         <run_address>0x1c186</run_address>
         <size>0x12a</size>
         <input_file_ref idref="fl-27"/>
      </object_component>
      <object_component id="oc-1c9">
         <name>.debug_info</name>
         <load_address>0x1c2b0</load_address>
         <run_address>0x1c2b0</run_address>
         <size>0x174</size>
         <input_file_ref idref="fl-28"/>
      </object_component>
      <object_component id="oc-225">
         <name>.debug_info</name>
         <load_address>0x1c424</load_address>
         <run_address>0x1c424</run_address>
         <size>0x107</size>
         <input_file_ref idref="fl-29"/>
      </object_component>
      <object_component id="oc-135">
         <name>.debug_info</name>
         <load_address>0x1c52b</load_address>
         <run_address>0x1c52b</run_address>
         <size>0xf6</size>
         <input_file_ref idref="fl-29"/>
      </object_component>
      <object_component id="oc-21e">
         <name>.debug_info</name>
         <load_address>0x1c621</load_address>
         <run_address>0x1c621</run_address>
         <size>0x202</size>
         <input_file_ref idref="fl-29"/>
      </object_component>
      <object_component id="oc-2aa">
         <name>.debug_info</name>
         <load_address>0x1c823</load_address>
         <run_address>0x1c823</run_address>
         <size>0xbc</size>
      </object_component>
      <object_component id="oc-23f">
         <name>.debug_line</name>
         <load_address>0x0</load_address>
         <run_address>0x0</run_address>
         <size>0x8c</size>
         <input_file_ref idref="fl-2"/>
      </object_component>
      <object_component id="oc-25e">
         <name>.debug_line</name>
         <load_address>0x8c</load_address>
         <run_address>0x8c</run_address>
         <size>0x45</size>
         <input_file_ref idref="fl-2"/>
      </object_component>
      <object_component id="oc-113">
         <name>.debug_line</name>
         <load_address>0xd1</load_address>
         <run_address>0xd1</run_address>
         <size>0x478</size>
         <input_file_ref idref="fl-2"/>
      </object_component>
      <object_component id="oc-28">
         <name>.debug_line</name>
         <load_address>0x549</load_address>
         <run_address>0x549</run_address>
         <size>0x7f</size>
         <input_file_ref idref="fl-2"/>
      </object_component>
      <object_component id="oc-a9">
         <name>.debug_line</name>
         <load_address>0x5c8</load_address>
         <run_address>0x5c8</run_address>
         <size>0x95</size>
         <input_file_ref idref="fl-2"/>
      </object_component>
      <object_component id="oc-132">
         <name>.debug_line</name>
         <load_address>0x65d</load_address>
         <run_address>0x65d</run_address>
         <size>0x20</size>
         <input_file_ref idref="fl-2"/>
      </object_component>
      <object_component id="oc-be">
         <name>.debug_line</name>
         <load_address>0x67d</load_address>
         <run_address>0x67d</run_address>
         <size>0x90</size>
         <input_file_ref idref="fl-2"/>
      </object_component>
      <object_component id="oc-147">
         <name>.debug_line</name>
         <load_address>0x70d</load_address>
         <run_address>0x70d</run_address>
         <size>0x75</size>
         <input_file_ref idref="fl-2"/>
      </object_component>
      <object_component id="oc-c3">
         <name>.debug_line</name>
         <load_address>0x782</load_address>
         <run_address>0x782</run_address>
         <size>0x93</size>
         <input_file_ref idref="fl-2"/>
      </object_component>
      <object_component id="oc-20f">
         <name>.debug_line</name>
         <load_address>0x815</load_address>
         <run_address>0x815</run_address>
         <size>0x75</size>
         <input_file_ref idref="fl-2"/>
      </object_component>
      <object_component id="oc-189">
         <name>.debug_line</name>
         <load_address>0x88a</load_address>
         <run_address>0x88a</run_address>
         <size>0x90</size>
         <input_file_ref idref="fl-2"/>
      </object_component>
      <object_component id="oc-1e2">
         <name>.debug_line</name>
         <load_address>0x91a</load_address>
         <run_address>0x91a</run_address>
         <size>0x8c</size>
         <input_file_ref idref="fl-2"/>
      </object_component>
      <object_component id="oc-167">
         <name>.debug_line</name>
         <load_address>0x9a6</load_address>
         <run_address>0x9a6</run_address>
         <size>0x90</size>
         <input_file_ref idref="fl-2"/>
      </object_component>
      <object_component id="oc-b7">
         <name>.debug_line</name>
         <load_address>0xa36</load_address>
         <run_address>0xa36</run_address>
         <size>0x8a</size>
         <input_file_ref idref="fl-3"/>
      </object_component>
      <object_component id="oc-1b7">
         <name>.debug_line</name>
         <load_address>0xac0</load_address>
         <run_address>0xac0</run_address>
         <size>0x8c</size>
         <input_file_ref idref="fl-4"/>
      </object_component>
      <object_component id="oc-8a">
         <name>.debug_line</name>
         <load_address>0xb4c</load_address>
         <run_address>0xb4c</run_address>
         <size>0x29b</size>
         <input_file_ref idref="fl-4"/>
      </object_component>
      <object_component id="oc-31">
         <name>.debug_line</name>
         <load_address>0xde7</load_address>
         <run_address>0xde7</run_address>
         <size>0x80</size>
         <input_file_ref idref="fl-4"/>
      </object_component>
      <object_component id="oc-14e">
         <name>.debug_line</name>
         <load_address>0xe67</load_address>
         <run_address>0xe67</run_address>
         <size>0x90</size>
         <input_file_ref idref="fl-4"/>
      </object_component>
      <object_component id="oc-f2">
         <name>.debug_line</name>
         <load_address>0xef7</load_address>
         <run_address>0xef7</run_address>
         <size>0x8c</size>
         <input_file_ref idref="fl-4"/>
      </object_component>
      <object_component id="oc-250">
         <name>.debug_line</name>
         <load_address>0xf83</load_address>
         <run_address>0xf83</run_address>
         <size>0x20</size>
         <input_file_ref idref="fl-5"/>
      </object_component>
      <object_component id="oc-101">
         <name>.debug_line</name>
         <load_address>0xfa3</load_address>
         <run_address>0xfa3</run_address>
         <size>0x1b0</size>
         <input_file_ref idref="fl-5"/>
      </object_component>
      <object_component id="oc-158">
         <name>.debug_line</name>
         <load_address>0x1153</load_address>
         <run_address>0x1153</run_address>
         <size>0x90</size>
         <input_file_ref idref="fl-5"/>
      </object_component>
      <object_component id="oc-254">
         <name>.debug_line</name>
         <load_address>0x11e3</load_address>
         <run_address>0x11e3</run_address>
         <size>0x8c</size>
         <input_file_ref idref="fl-5"/>
      </object_component>
      <object_component id="oc-25c">
         <name>.debug_line</name>
         <load_address>0x126f</load_address>
         <run_address>0x126f</run_address>
         <size>0x75</size>
         <input_file_ref idref="fl-6"/>
      </object_component>
      <object_component id="oc-25a">
         <name>.debug_line</name>
         <load_address>0x12e4</load_address>
         <run_address>0x12e4</run_address>
         <size>0x45</size>
         <input_file_ref idref="fl-6"/>
      </object_component>
      <object_component id="oc-258">
         <name>.debug_line</name>
         <load_address>0x1329</load_address>
         <run_address>0x1329</run_address>
         <size>0x45</size>
         <input_file_ref idref="fl-6"/>
      </object_component>
      <object_component id="oc-107">
         <name>.debug_line</name>
         <load_address>0x136e</load_address>
         <run_address>0x136e</run_address>
         <size>0x2b6</size>
         <input_file_ref idref="fl-6"/>
      </object_component>
      <object_component id="oc-d9">
         <name>.debug_line</name>
         <load_address>0x1624</load_address>
         <run_address>0x1624</run_address>
         <size>0x75</size>
         <input_file_ref idref="fl-6"/>
      </object_component>
      <object_component id="oc-193">
         <name>.debug_line</name>
         <load_address>0x1699</load_address>
         <run_address>0x1699</run_address>
         <size>0x90</size>
         <input_file_ref idref="fl-6"/>
      </object_component>
      <object_component id="oc-1d8">
         <name>.debug_line</name>
         <load_address>0x1729</load_address>
         <run_address>0x1729</run_address>
         <size>0x8c</size>
         <input_file_ref idref="fl-6"/>
      </object_component>
      <object_component id="oc-22c">
         <name>.debug_line</name>
         <load_address>0x17b5</load_address>
         <run_address>0x17b5</run_address>
         <size>0x20</size>
         <input_file_ref idref="fl-7"/>
      </object_component>
      <object_component id="oc-a3">
         <name>.debug_line</name>
         <load_address>0x17d5</load_address>
         <run_address>0x17d5</run_address>
         <size>0x194</size>
         <input_file_ref idref="fl-7"/>
      </object_component>
      <object_component id="oc-17a">
         <name>.debug_line</name>
         <load_address>0x1969</load_address>
         <run_address>0x1969</run_address>
         <size>0x90</size>
         <input_file_ref idref="fl-7"/>
      </object_component>
      <object_component id="oc-17f">
         <name>.debug_line</name>
         <load_address>0x19f9</load_address>
         <run_address>0x19f9</run_address>
         <size>0x93</size>
         <input_file_ref idref="fl-7"/>
      </object_component>
      <object_component id="oc-184">
         <name>.debug_line</name>
         <load_address>0x1a8c</load_address>
         <run_address>0x1a8c</run_address>
         <size>0x90</size>
         <input_file_ref idref="fl-7"/>
      </object_component>
      <object_component id="oc-230">
         <name>.debug_line</name>
         <load_address>0x1b1c</load_address>
         <run_address>0x1b1c</run_address>
         <size>0x90</size>
         <input_file_ref idref="fl-7"/>
      </object_component>
      <object_component id="oc-142">
         <name>.debug_line</name>
         <load_address>0x1bac</load_address>
         <run_address>0x1bac</run_address>
         <size>0x90</size>
         <input_file_ref idref="fl-7"/>
      </object_component>
      <object_component id="oc-1ec">
         <name>.debug_line</name>
         <load_address>0x1c3c</load_address>
         <run_address>0x1c3c</run_address>
         <size>0x8c</size>
         <input_file_ref idref="fl-7"/>
      </object_component>
      <object_component id="oc-1b4">
         <name>.debug_line</name>
         <load_address>0x1cc8</load_address>
         <run_address>0x1cc8</run_address>
         <size>0x95</size>
         <input_file_ref idref="fl-7"/>
      </object_component>
      <object_component id="oc-18e">
         <name>.debug_line</name>
         <load_address>0x1d5d</load_address>
         <run_address>0x1d5d</run_address>
         <size>0x90</size>
         <input_file_ref idref="fl-7"/>
      </object_component>
      <object_component id="oc-153">
         <name>.debug_line</name>
         <load_address>0x1ded</load_address>
         <run_address>0x1ded</run_address>
         <size>0x92</size>
         <input_file_ref idref="fl-7"/>
      </object_component>
      <object_component id="oc-1a7">
         <name>.debug_line</name>
         <load_address>0x1e7f</load_address>
         <run_address>0x1e7f</run_address>
         <size>0x8f</size>
         <input_file_ref idref="fl-7"/>
      </object_component>
      <object_component id="oc-19d">
         <name>.debug_line</name>
         <load_address>0x1f0e</load_address>
         <run_address>0x1f0e</run_address>
         <size>0x92</size>
         <input_file_ref idref="fl-7"/>
      </object_component>
      <object_component id="oc-216">
         <name>.debug_line</name>
         <load_address>0x1fa0</load_address>
         <run_address>0x1fa0</run_address>
         <size>0x90</size>
         <input_file_ref idref="fl-7"/>
      </object_component>
      <object_component id="oc-23c">
         <name>.debug_line</name>
         <load_address>0x2030</load_address>
         <run_address>0x2030</run_address>
         <size>0x8c</size>
         <input_file_ref idref="fl-7"/>
      </object_component>
      <object_component id="oc-21b">
         <name>.debug_line</name>
         <load_address>0x20bc</load_address>
         <run_address>0x20bc</run_address>
         <size>0x90</size>
         <input_file_ref idref="fl-7"/>
      </object_component>
      <object_component id="oc-1ac">
         <name>.debug_line</name>
         <load_address>0x214c</load_address>
         <run_address>0x214c</run_address>
         <size>0x90</size>
         <input_file_ref idref="fl-7"/>
      </object_component>
      <object_component id="oc-15d">
         <name>.debug_line</name>
         <load_address>0x21dc</load_address>
         <run_address>0x21dc</run_address>
         <size>0x93</size>
         <input_file_ref idref="fl-7"/>
      </object_component>
      <object_component id="oc-162">
         <name>.debug_line</name>
         <load_address>0x226f</load_address>
         <run_address>0x226f</run_address>
         <size>0x92</size>
         <input_file_ref idref="fl-7"/>
      </object_component>
      <object_component id="oc-241">
         <name>.debug_line</name>
         <load_address>0x2301</load_address>
         <run_address>0x2301</run_address>
         <size>0x20</size>
         <input_file_ref idref="fl-8"/>
      </object_component>
      <object_component id="oc-e3">
         <name>.debug_line</name>
         <load_address>0x2321</load_address>
         <run_address>0x2321</run_address>
         <size>0xea</size>
         <input_file_ref idref="fl-8"/>
      </object_component>
      <object_component id="oc-198">
         <name>.debug_line</name>
         <load_address>0x240b</load_address>
         <run_address>0x240b</run_address>
         <size>0x93</size>
         <input_file_ref idref="fl-8"/>
      </object_component>
      <object_component id="oc-245">
         <name>.debug_line</name>
         <load_address>0x249e</load_address>
         <run_address>0x249e</run_address>
         <size>0x8f</size>
         <input_file_ref idref="fl-8"/>
      </object_component>
      <object_component id="oc-233">
         <name>.debug_line</name>
         <load_address>0x252d</load_address>
         <run_address>0x252d</run_address>
         <size>0x8c</size>
         <input_file_ref idref="fl-9"/>
      </object_component>
      <object_component id="oc-16f">
         <name>.debug_line</name>
         <load_address>0x25b9</load_address>
         <run_address>0x25b9</run_address>
         <size>0x45</size>
         <input_file_ref idref="fl-9"/>
      </object_component>
      <object_component id="oc-10d">
         <name>.debug_line</name>
         <load_address>0x25fe</load_address>
         <run_address>0x25fe</run_address>
         <size>0x294</size>
         <input_file_ref idref="fl-9"/>
      </object_component>
      <object_component id="oc-37">
         <name>.debug_line</name>
         <load_address>0x2892</load_address>
         <run_address>0x2892</run_address>
         <size>0xa1</size>
         <input_file_ref idref="fl-9"/>
      </object_component>
      <object_component id="oc-237">
         <name>.debug_line</name>
         <load_address>0x2933</load_address>
         <run_address>0x2933</run_address>
         <size>0x45</size>
         <input_file_ref idref="fl-9"/>
      </object_component>
      <object_component id="oc-262">
         <name>.debug_line</name>
         <load_address>0x2978</load_address>
         <run_address>0x2978</run_address>
         <size>0x20</size>
         <input_file_ref idref="fl-a"/>
      </object_component>
      <object_component id="oc-260">
         <name>.debug_line</name>
         <load_address>0x2998</load_address>
         <run_address>0x2998</run_address>
         <size>0x45</size>
         <input_file_ref idref="fl-a"/>
      </object_component>
      <object_component id="oc-119">
         <name>.debug_line</name>
         <load_address>0x29dd</load_address>
         <run_address>0x29dd</run_address>
         <size>0x378</size>
         <input_file_ref idref="fl-a"/>
      </object_component>
      <object_component id="oc-266">
         <name>.debug_line</name>
         <load_address>0x2d55</load_address>
         <run_address>0x2d55</run_address>
         <size>0x45</size>
         <input_file_ref idref="fl-a"/>
      </object_component>
      <object_component id="oc-79">
         <name>.debug_line</name>
         <load_address>0x2d9a</load_address>
         <run_address>0x2d9a</run_address>
         <size>0x2f6</size>
         <input_file_ref idref="fl-b"/>
      </object_component>
      <object_component id="oc-3d">
         <name>.debug_line</name>
         <load_address>0x3090</load_address>
         <run_address>0x3090</run_address>
         <size>0x61</size>
         <input_file_ref idref="fl-d"/>
      </object_component>
      <object_component id="oc-212">
         <name>.debug_line</name>
         <load_address>0x30f1</load_address>
         <run_address>0x30f1</run_address>
         <size>0x44d</size>
         <input_file_ref idref="fl-e"/>
      </object_component>
      <object_component id="oc-96">
         <name>.debug_line</name>
         <load_address>0x353e</load_address>
         <run_address>0x353e</run_address>
         <size>0x85</size>
         <input_file_ref idref="fl-e"/>
      </object_component>
      <object_component id="oc-20a">
         <name>.debug_line</name>
         <load_address>0x35c3</load_address>
         <run_address>0x35c3</run_address>
         <size>0x74</size>
         <input_file_ref idref="fl-e"/>
      </object_component>
      <object_component id="oc-1f9">
         <name>.debug_line</name>
         <load_address>0x3637</load_address>
         <run_address>0x3637</run_address>
         <size>0x90</size>
         <input_file_ref idref="fl-e"/>
      </object_component>
      <object_component id="oc-27b">
         <name>.debug_line</name>
         <load_address>0x36c7</load_address>
         <run_address>0x36c7</run_address>
         <size>0x20</size>
         <input_file_ref idref="fl-10"/>
      </object_component>
      <object_component id="oc-27f">
         <name>.debug_line</name>
         <load_address>0x36e7</load_address>
         <run_address>0x36e7</run_address>
         <size>0x90</size>
         <input_file_ref idref="fl-10"/>
      </object_component>
      <object_component id="oc-1a2">
         <name>.debug_line</name>
         <load_address>0x3777</load_address>
         <run_address>0x3777</run_address>
         <size>0x90</size>
         <input_file_ref idref="fl-10"/>
      </object_component>
      <object_component id="oc-42">
         <name>.debug_line</name>
         <load_address>0x3807</load_address>
         <run_address>0x3807</run_address>
         <size>0x5d</size>
         <input_file_ref idref="fl-11"/>
      </object_component>
      <object_component id="oc-eb">
         <name>.debug_line</name>
         <load_address>0x3864</load_address>
         <run_address>0x3864</run_address>
         <size>0x137</size>
         <input_file_ref idref="fl-13"/>
      </object_component>
      <object_component id="oc-1b0">
         <name>.debug_line</name>
         <load_address>0x399b</load_address>
         <run_address>0x399b</run_address>
         <size>0x176</size>
         <input_file_ref idref="fl-14"/>
      </object_component>
      <object_component id="oc-84">
         <name>.debug_line</name>
         <load_address>0x3b11</load_address>
         <run_address>0x3b11</run_address>
         <size>0xd42</size>
         <input_file_ref idref="fl-14"/>
      </object_component>
      <object_component id="oc-22">
         <name>.debug_line</name>
         <load_address>0x4853</load_address>
         <run_address>0x4853</run_address>
         <size>0x10d</size>
         <input_file_ref idref="fl-15"/>
      </object_component>
      <object_component id="oc-14a">
         <name>.debug_line</name>
         <load_address>0x4960</load_address>
         <run_address>0x4960</run_address>
         <size>0xfc</size>
         <input_file_ref idref="fl-16"/>
      </object_component>
      <object_component id="oc-ac">
         <name>.debug_line</name>
         <load_address>0x4a5c</load_address>
         <run_address>0x4a5c</run_address>
         <size>0x49</size>
         <input_file_ref idref="fl-16"/>
      </object_component>
      <object_component id="oc-49">
         <name>.debug_line</name>
         <load_address>0x4aa5</load_address>
         <run_address>0x4aa5</run_address>
         <size>0x1c9</size>
         <input_file_ref idref="fl-16"/>
      </object_component>
      <object_component id="oc-4e">
         <name>.debug_line</name>
         <load_address>0x4c6e</load_address>
         <run_address>0x4c6e</run_address>
         <size>0xc4</size>
         <input_file_ref idref="fl-16"/>
      </object_component>
      <object_component id="oc-16c">
         <name>.debug_line</name>
         <load_address>0x4d32</load_address>
         <run_address>0x4d32</run_address>
         <size>0x49</size>
         <input_file_ref idref="fl-16"/>
      </object_component>
      <object_component id="oc-176">
         <name>.debug_line</name>
         <load_address>0x4d7b</load_address>
         <run_address>0x4d7b</run_address>
         <size>0x175</size>
         <input_file_ref idref="fl-17"/>
      </object_component>
      <object_component id="oc-7e">
         <name>.debug_line</name>
         <load_address>0x4ef0</load_address>
         <run_address>0x4ef0</run_address>
         <size>0x255</size>
         <input_file_ref idref="fl-17"/>
      </object_component>
      <object_component id="oc-26f">
         <name>.debug_line</name>
         <load_address>0x5145</load_address>
         <run_address>0x5145</run_address>
         <size>0xb2</size>
         <input_file_ref idref="fl-18"/>
      </object_component>
      <object_component id="oc-125">
         <name>.debug_line</name>
         <load_address>0x51f7</load_address>
         <run_address>0x51f7</run_address>
         <size>0x2ff</size>
         <input_file_ref idref="fl-18"/>
      </object_component>
      <object_component id="oc-26d">
         <name>.debug_line</name>
         <load_address>0x54f6</load_address>
         <run_address>0x54f6</run_address>
         <size>0xe0</size>
         <input_file_ref idref="fl-19"/>
      </object_component>
      <object_component id="oc-269">
         <name>.debug_line</name>
         <load_address>0x55d6</load_address>
         <run_address>0x55d6</run_address>
         <size>0x4a</size>
         <input_file_ref idref="fl-19"/>
      </object_component>
      <object_component id="oc-26b">
         <name>.debug_line</name>
         <load_address>0x5620</load_address>
         <run_address>0x5620</run_address>
         <size>0x4a</size>
         <input_file_ref idref="fl-19"/>
      </object_component>
      <object_component id="oc-11f">
         <name>.debug_line</name>
         <load_address>0x566a</load_address>
         <run_address>0x566a</run_address>
         <size>0x202</size>
         <input_file_ref idref="fl-19"/>
      </object_component>
      <object_component id="oc-276">
         <name>.debug_line</name>
         <load_address>0x586c</load_address>
         <run_address>0x586c</run_address>
         <size>0xe0</size>
         <input_file_ref idref="fl-1a"/>
      </object_component>
      <object_component id="oc-271">
         <name>.debug_line</name>
         <load_address>0x594c</load_address>
         <run_address>0x594c</run_address>
         <size>0x45</size>
         <input_file_ref idref="fl-1a"/>
      </object_component>
      <object_component id="oc-12b">
         <name>.debug_line</name>
         <load_address>0x5991</load_address>
         <run_address>0x5991</run_address>
         <size>0x3d8</size>
         <input_file_ref idref="fl-1a"/>
      </object_component>
      <object_component id="oc-1bb">
         <name>.debug_line</name>
         <load_address>0x5d69</load_address>
         <run_address>0x5d69</run_address>
         <size>0x81</size>
         <input_file_ref idref="fl-1f"/>
      </object_component>
      <object_component id="oc-8e">
         <name>.debug_line</name>
         <load_address>0x5dea</load_address>
         <run_address>0x5dea</run_address>
         <size>0x81</size>
         <input_file_ref idref="fl-1f"/>
      </object_component>
      <object_component id="oc-d1">
         <name>.debug_line</name>
         <load_address>0x5e6b</load_address>
         <run_address>0x5e6b</run_address>
         <size>0x20</size>
         <input_file_ref idref="fl-1f"/>
      </object_component>
      <object_component id="oc-1bf">
         <name>.debug_line</name>
         <load_address>0x5e8b</load_address>
         <run_address>0x5e8b</run_address>
         <size>0x2e</size>
         <input_file_ref idref="fl-1f"/>
      </object_component>
      <object_component id="oc-1c4">
         <name>.debug_line</name>
         <load_address>0x5eb9</load_address>
         <run_address>0x5eb9</run_address>
         <size>0x73</size>
         <input_file_ref idref="fl-1f"/>
      </object_component>
      <object_component id="oc-cd">
         <name>.debug_line</name>
         <load_address>0x5f2c</load_address>
         <run_address>0x5f2c</run_address>
         <size>0x72</size>
         <input_file_ref idref="fl-20"/>
      </object_component>
      <object_component id="oc-d">
         <name>.debug_line</name>
         <load_address>0x5f9e</load_address>
         <run_address>0x5f9e</run_address>
         <size>0x58</size>
         <input_file_ref idref="fl-20"/>
      </object_component>
      <object_component id="oc-59">
         <name>.debug_line</name>
         <load_address>0x5ff6</load_address>
         <run_address>0x5ff6</run_address>
         <size>0x3a</size>
         <input_file_ref idref="fl-20"/>
      </object_component>
      <object_component id="oc-ca">
         <name>.debug_line</name>
         <load_address>0x6030</load_address>
         <run_address>0x6030</run_address>
         <size>0x72</size>
         <input_file_ref idref="fl-20"/>
      </object_component>
      <object_component id="oc-d5">
         <name>.debug_line</name>
         <load_address>0x60a2</load_address>
         <run_address>0x60a2</run_address>
         <size>0x72</size>
         <input_file_ref idref="fl-21"/>
      </object_component>
      <object_component id="oc-5e">
         <name>.debug_line</name>
         <load_address>0x6114</load_address>
         <run_address>0x6114</run_address>
         <size>0x9e</size>
         <input_file_ref idref="fl-21"/>
      </object_component>
      <object_component id="oc-14">
         <name>.debug_line</name>
         <load_address>0x61b2</load_address>
         <run_address>0x61b2</run_address>
         <size>0x4b</size>
         <input_file_ref idref="fl-21"/>
      </object_component>
      <object_component id="oc-67">
         <name>.debug_line</name>
         <load_address>0x61fd</load_address>
         <run_address>0x61fd</run_address>
         <size>0x39</size>
         <input_file_ref idref="fl-21"/>
      </object_component>
      <object_component id="oc-dd">
         <name>.debug_line</name>
         <load_address>0x6236</load_address>
         <run_address>0x6236</run_address>
         <size>0x72</size>
         <input_file_ref idref="fl-22"/>
      </object_component>
      <object_component id="oc-1d">
         <name>.debug_line</name>
         <load_address>0x62a8</load_address>
         <run_address>0x62a8</run_address>
         <size>0x4f</size>
         <input_file_ref idref="fl-22"/>
      </object_component>
      <object_component id="oc-72">
         <name>.debug_line</name>
         <load_address>0x62f7</load_address>
         <run_address>0x62f7</run_address>
         <size>0x34</size>
         <input_file_ref idref="fl-22"/>
      </object_component>
      <object_component id="oc-249">
[...]
         <value>0x1358</value>
         <object_component_ref idref="oc-80"/>
      </symbol>
      <symbol id="sm-6b1">
         <name>cpuSelfTest</name>
         <value>0x234</value>
         <object_component_ref idref="oc-80"/>
      </symbol>
      <symbol id="sm-6b2">
         <name>htu1ParityCheck</name>
         <value>0x1004</value>
         <object_component_ref idref="oc-80"/>
      </symbol>
      <symbol id="sm-6b3">
         <name>checkFlashECC</name>
         <value>0xd18</value>
         <object_component_ref idref="oc-80"/>
      </symbol>
      <symbol id="sm-6b4">
         <name>cpuSelfTestFail</name>
         <value>0xdfc</value>
         <object_component_ref idref="oc-80"/>
      </symbol>
      <symbol id="sm-6b5">
         <name>checkPLL1Slip</name>
         <value>0x1e8c</value>
         <object_component_ref idref="oc-80"/>
      </symbol>
      <symbol id="sm-6b6">
         <name>mibspi1ParityCheck</name>
         <value>0x1684</value>
         <object_component_ref idref="oc-80"/>
      </symbol>
      <symbol id="sm-6b7">
         <name>ccmr4GetConfigValue</name>
         <value>0x26fc</value>
         <object_component_ref idref="oc-80"/>
      </symbol>
      <symbol id="sm-6b8">
         <name>htu2ParityCheck</name>
         <value>0x11bc</value>
         <object_component_ref idref="oc-80"/>
      </symbol>
      <symbol id="sm-6b9">
         <name>pbistPortTestStatus</name>
         <value>0x608</value>
         <object_component_ref idref="oc-80"/>
      </symbol>
      <symbol id="sm-6ba">
         <name>checkFlashEEPROMECC</name>
         <value>0x1cf4</value>
         <object_component_ref idref="oc-80"/>
      </symbol>
      <symbol id="sm-6bb">
         <name>pbistGetConfigValue</name>
         <value>0x2470</value>
         <object_component_ref idref="oc-80"/>
      </symbol>
      <symbol id="sm-6bc">
         <name>vimParityCheck</name>
         <value>0xe00</value>
         <object_component_ref idref="oc-80"/>
      </symbol>
      <symbol id="sm-6bd">
         <name>pbistIsTestCompleted</name>
         <value>0x5a8</value>
         <object_component_ref idref="oc-80"/>
      </symbol>
      <symbol id="sm-6be">
         <name>disableParity</name>
         <value>0x2b58</value>
         <object_component_ref idref="oc-80"/>
      </symbol>
      <symbol id="sm-6bf">
         <name>pbistRun</name>
         <value>0x4ac</value>
         <object_component_ref idref="oc-80"/>
      </symbol>
      <symbol id="sm-6c0">
         <name>pbistFail</name>
         <value>0x23ec</value>
         <object_component_ref idref="oc-80"/>
      </symbol>
      <symbol id="sm-6c1">
         <name>selftestFailNotification</name>
         <value>0x20</value>
         <object_component_ref idref="oc-80"/>
      </symbol>
      <symbol id="sm-6c2">
         <name>errata_PBIST_4</name>
         <value>0x276c</value>
         <object_component_ref idref="oc-80"/>
      </symbol>
      <symbol id="sm-6c3">
         <name>mibspi3ParityCheck</name>
         <value>0x178c</value>
         <object_component_ref idref="oc-80"/>
      </symbol>
      <symbol id="sm-6c4">
         <name>efcSelfTest</name>
         <value>0x794</value>
         <object_component_ref idref="oc-80"/>
      </symbol>
      <symbol id="sm-6c5">
         <name>checkB1RAMECC</name>
         <value>0xb28</value>
         <object_component_ref idref="oc-80"/>
      </symbol>
      <symbol id="sm-6c6">
         <name>pbistStop</name>
         <value>0x578</value>
         <object_component_ref idref="oc-80"/>
      </symbol>
      <symbol id="sm-6c7">
         <name>can3ParityCheck</name>
         <value>0x15b0</value>
         <object_component_ref idref="oc-80"/>
      </symbol>
      <symbol id="sm-6c8">
         <name>checkRAMAddrParity</name>
         <value>0x2050</value>
         <object_component_ref idref="oc-80"/>
      </symbol>
      <symbol id="sm-6c9">
         <name>mibspi5ParityCheck</name>
         <value>0x18b0</value>
         <object_component_ref idref="oc-80"/>
      </symbol>
      <symbol id="sm-6ca">
         <name>checkB0RAMECC</name>
         <value>0x938</value>
         <object_component_ref idref="oc-80"/>
      </symbol>
      <symbol id="sm-6cb">
         <name>stcGetConfigValue</name>
         <value>0x25bc</value>
         <object_component_ref idref="oc-80"/>
      </symbol>
      <symbol id="sm-6cc">
         <name>pbistIsTestPassed</name>
         <value>0x5d4</value>
         <object_component_ref idref="oc-80"/>
      </symbol>
      <symbol id="sm-6cd">
         <name>checkClockMonitor</name>
         <value>0x1c18</value>
         <object_component_ref idref="oc-80"/>
      </symbol>
      <symbol id="sm-6ce">
         <name>fmcECCcheck</name>
         <value>0x898</value>
         <object_component_ref idref="oc-80"/>
      </symbol>
      <symbol id="sm-6cf">
         <name>fmcBus2Check</name>
         <value>0x85c</value>
         <object_component_ref idref="oc-80"/>
      </symbol>
      <symbol id="sm-6d0">
         <name>checkRAMUERRTest</name>
         <value>0x215c</value>
         <object_component_ref idref="oc-80"/>
      </symbol>
      <symbol id="sm-6d1">
         <name>efcStuckZeroTest</name>
         <value>0x6e8</value>
         <object_component_ref idref="oc-80"/>
      </symbol>
      <symbol id="sm-6d2">
         <name>checkPLL2Slip</name>
         <value>0x1f8c</value>
         <object_component_ref idref="oc-80"/>
      </symbol>
      <symbol id="sm-6fa">
         <name>_c_int00</name>
         <value>0xa72c</value>
         <object_component_ref idref="oc-1e"/>
      </symbol>
      <symbol id="sm-7a8">
         <name>vimChannelMap</name>
         <value>0x63c8</value>
         <object_component_ref idref="oc-45"/>
      </symbol>
      <symbol id="sm-7a9">
         <name>vimInit</name>
         <value>0x62f4</value>
         <object_component_ref idref="oc-45"/>
      </symbol>
      <symbol id="sm-7aa">
         <name>vimEnableInterrupt</name>
         <value>0x6464</value>
         <object_component_ref idref="oc-45"/>
      </symbol>
      <symbol id="sm-7ab">
         <name>vimDisableInterrupt</name>
         <value>0x662c</value>
         <object_component_ref idref="oc-45"/>
      </symbol>
      <symbol id="sm-7ac">
         <name>vimGetConfigValue</name>
         <value>0x66d8</value>
         <object_component_ref idref="oc-45"/>
      </symbol>
      <symbol id="sm-7ad">
         <name>vimParityErrorHandler</name>
         <value>0xa450</value>
         <object_component_ref idref="oc-44"/>
      </symbol>
      <symbol id="sm-807">
         <name>systemGetConfigValue</name>
         <value>0x50a0</value>
         <object_component_ref idref="oc-7a"/>
      </symbol>
      <symbol id="sm-808">
         <name>trimLPO</name>
         <value>0x4da0</value>
         <object_component_ref idref="oc-7a"/>
      </symbol>
      <symbol id="sm-809">
         <name>systemInit</name>
         <value>0x4fa4</value>
         <object_component_ref idref="oc-7a"/>
      </symbol>
      <symbol id="sm-80a">
         <name>tcmflashGetConfigValue</name>
         <value>0x54b4</value>
         <object_component_ref idref="oc-7a"/>
      </symbol>
      <symbol id="sm-80b">
         <name>sramGetConfigValue</name>
         <value>0x5660</value>
         <object_component_ref idref="oc-7a"/>
      </symbol>
      <symbol id="sm-80c">
         <name>periphInit</name>
         <value>0x4e28</value>
         <object_component_ref idref="oc-7a"/>
      </symbol>
      <symbol id="sm-80d">
         <name>setupFlash</name>
         <value>0x4de8</value>
         <object_component_ref idref="oc-7a"/>
      </symbol>
      <symbol id="sm-80e">
         <name>setupPLL</name>
         <value>0x4d40</value>
         <object_component_ref idref="oc-7a"/>
      </symbol>
      <symbol id="sm-80f">
         <name>mapClocks</name>
         <value>0x4e7c</value>
         <object_component_ref idref="oc-7a"/>
      </symbol>
      <symbol id="sm-810">
         <name>systemPowerDown</name>
         <value>0x5070</value>
         <object_component_ref idref="oc-7a"/>
      </symbol>
      <symbol id="sm-857">
         <name>dataconfig1_t</name>
         <value>0x8001618</value>
      </symbol>
      <symbol id="sm-858">
         <name>Ads1247ReadRegisters</name>
         <value>0x6e40</value>
         <object_component_ref idref="oc-121"/>
      </symbol>
      <symbol id="sm-859">
         <name>SpiSetCs</name>
         <value>0x6d40</value>
         <object_component_ref idref="oc-121"/>
      </symbol>
      <symbol id="sm-85a">
         <name>Ads1247ReadData</name>
         <value>0x70e0</value>
         <object_component_ref idref="oc-121"/>
      </symbol>
      <symbol id="sm-85b">
         <name>Ads1247WriteRegisters</name>
         <value>0x6f30</value>
         <object_component_ref idref="oc-121"/>
      </symbol>
      <symbol id="sm-85c">
         <name>SpiClearCs</name>
         <value>0x6d6c</value>
         <object_component_ref idref="oc-121"/>
      </symbol>
      <symbol id="sm-85d">
         <name>Ads1247Init</name>
         <value>0x7018</value>
         <object_component_ref idref="oc-121"/>
      </symbol>
      <symbol id="sm-85e">
         <name>Ads1247ReadRegister</name>
         <value>0x6ed8</value>
         <object_component_ref idref="oc-121"/>
      </symbol>
      <symbol id="sm-85f">
         <name>Ads1247WriteRegister</name>
         <value>0x6fc4</value>
         <object_component_ref idref="oc-121"/>
      </symbol>
      <symbol id="sm-860">
         <name>AdcReadData</name>
         <value>0x75a8</value>
         <object_component_ref idref="oc-121"/>
      </symbol>
      <symbol id="sm-861">
         <name>AdcInit</name>
         <value>0x716c</value>
         <object_component_ref idref="oc-121"/>
      </symbol>
      <symbol id="sm-862">
         <name>Ads1247Delay</name>
         <value>0x6dd8</value>
         <object_component_ref idref="oc-121"/>
      </symbol>
      <symbol id="sm-863">
         <name>AdcChannelSet</name>
         <value>0x7184</value>
         <object_component_ref idref="oc-121"/>
      </symbol>
      <symbol id="sm-864">
         <name>SpiReadWriteData</name>
         <value>0x6d98</value>
         <object_component_ref idref="oc-121"/>
      </symbol>
      <symbol id="sm-8b1">
         <name>canSetID</name>
         <value>0x9068</value>
         <object_component_ref idref="oc-11b"/>
      </symbol>
      <symbol id="sm-8b2">
         <name>canGetIDType</name>
         <value>0x8ff4</value>
         <object_component_ref idref="oc-11b"/>
      </symbol>
      <symbol id="sm-8b3">
         <name>cansetIDType</name>
         <value>0x8f64</value>
         <object_component_ref idref="oc-11b"/>
      </symbol>
      <symbol id="sm-8b4">
         <name>CAN_MessageGet</name>
         <value>0x915c</value>
         <object_component_ref idref="oc-11b"/>
      </symbol>
      <symbol id="sm-8b5">
         <name>Can_cmd_parse</name>
         <value>0x9564</value>
         <object_component_ref idref="oc-11b"/>
      </symbol>
      <symbol id="sm-8b6">
         <name>Can_change_return_id</name>
         <value>0x936c</value>
         <object_component_ref idref="oc-11b"/>
      </symbol>
      <symbol id="sm-8b7">
         <name>CanRxCmdRingBuffer</name>
         <value>0x8001500</value>
         <object_component_ref idref="oc-1f1"/>
      </symbol>
      <symbol id="sm-8b8">
         <name>CanRxCmdButtomCounter</name>
         <value>0x800171e</value>
         <object_component_ref idref="oc-1ee"/>
      </symbol>
      <symbol id="sm-8b9">
         <name>Can_Process</name>
         <value>0x94e0</value>
         <object_component_ref idref="oc-11b"/>
      </symbol>
      <symbol id="sm-8ba">
         <name>Can_return_sn_msg</name>
         <value>0x95fc</value>
         <object_component_ref idref="oc-11b"/>
      </symbol>
      <symbol id="sm-8bb">
         <name>CanSetSrcAddr</name>
         <value>0x800171c</value>
         <object_component_ref idref="oc-1ee"/>
      </symbol>
      <symbol id="sm-8bc">
         <name>CanRxCmdTopCounter</name>
         <value>0x800171d</value>
         <object_component_ref idref="oc-1ee"/>
      </symbol>
      <symbol id="sm-8bd">
         <name>CanReceivecompleteFlg</name>
         <value>0x800171f</value>
         <object_component_ref idref="oc-1ee"/>
      </symbol>
      <symbol id="sm-917">
         <name>snprintf</name>
         <value>0x6050</value>
         <object_component_ref idref="oc-127"/>
      </symbol>
      <symbol id="sm-918">
         <name>sprintf</name>
         <value>0x61d4</value>
         <object_component_ref idref="oc-127"/>
      </symbol>
      <symbol id="sm-919">
         <name>vsnprintf</name>
         <value>0x5ccc</value>
         <object_component_ref idref="oc-127"/>
      </symbol>
      <symbol id="sm-91a">
         <name>puts</name>
         <value>0x6220</value>
         <object_component_ref idref="oc-127"/>
      </symbol>
      <symbol id="sm-91b">
         <name>vprintf</name>
         <value>0x6128</value>
         <object_component_ref idref="oc-127"/>
      </symbol>
      <symbol id="sm-91c">
         <name>PutChar</name>
         <value>0x5880</value>
         <object_component_ref idref="oc-127"/>
      </symbol>
      <symbol id="sm-91d">
         <name>PutHexa</name>
         <value>0x5b88</value>
         <object_component_ref idref="oc-127"/>
      </symbol>
      <symbol id="sm-91e">
         <name>PutString</name>
         <value>0x58a4</value>
         <object_component_ref idref="oc-127"/>
      </symbol>
      <symbol id="sm-91f">
         <name>PutUnsignedInt</name>
         <value>0x5900</value>
         <object_component_ref idref="oc-127"/>
      </symbol>
      <symbol id="sm-920">
         <name>fprintf</name>
         <value>0x6148</value>
         <object_component_ref idref="oc-127"/>
      </symbol>
      <symbol id="sm-921">
         <name>PrintChar</name>
         <value>0x5868</value>
         <object_component_ref idref="oc-127"/>
      </symbol>
      <symbol id="sm-922">
         <name>printf</name>
         <value>0x6194</value>
         <object_component_ref idref="oc-127"/>
      </symbol>
      <symbol id="sm-923">
         <name>vsprintf</name>
         <value>0x60a0</value>
         <object_component_ref idref="oc-127"/>
      </symbol>
      <symbol id="sm-924">
         <name>fputs</name>
         <value>0x627c</value>
         <object_component_ref idref="oc-127"/>
      </symbol>
      <symbol id="sm-925">
         <name>fputc</name>
         <value>0x6238</value>
         <object_component_ref idref="oc-127"/>
      </symbol>
      <symbol id="sm-926">
         <name>PutSignedInt</name>
         <value>0x59f4</value>
         <object_component_ref idref="oc-127"/>
      </symbol>
      <symbol id="sm-927">
         <name>vfprintf</name>
         <value>0x60c8</value>
         <object_component_ref idref="oc-127"/>
      </symbol>
      <symbol id="sm-952">
         <name>__TI_auto_init</name>
         <value>0xb28d</value>
         <object_component_ref idref="oc-8c"/>
      </symbol>
      <symbol id="sm-969">
         <name>__TI_decompress_none</name>
         <value>0xb459</value>
         <object_component_ref idref="oc-c"/>
      </symbol>
      <symbol id="sm-98b">
         <name>__TI_decompress_rle24</name>
         <value>0xb473</value>
         <object_component_ref idref="oc-12"/>
      </symbol>
      <symbol id="sm-99d">
         <name>__TI_zero_init</name>
         <value>0xb467</value>
         <object_component_ref idref="oc-18"/>
      </symbol>
      <symbol id="sm-9b7">
         <name>copy_in</name>
         <value>0xb3b9</value>
         <object_component_ref idref="oc-f5"/>
      </symbol>
      <symbol id="sm-9c7">
         <name>_ftable</name>
         <value>0x800161c</value>
         <object_component_ref idref="oc-202"/>
      </symbol>
      <symbol id="sm-9e6">
         <name>C$$EXIT</name>
         <value>0xb405</value>
         <object_component_ref idref="oc-98"/>
      </symbol>
      <symbol id="sm-9e7">
         <name>abort</name>
         <value>0xb409</value>
         <object_component_ref idref="oc-98"/>
      </symbol>
      <symbol id="sm-9e8">
         <name>exit</name>
         <value>0xb411</value>
         <object_component_ref idref="oc-98"/>
      </symbol>
      <symbol id="sm-9e9">
         <name>__TI_dtors_ptr</name>
         <value>0x8001718</value>
         <object_component_ref idref="oc-137"/>
      </symbol>
      <symbol id="sm-9ea">
         <name>__TI_cleanup_ptr</name>
         <value>0x8001714</value>
         <object_component_ref idref="oc-137"/>
      </symbol>
      <symbol id="sm-a05">
         <name>memcpy</name>
         <value>0xb175</value>
         <object_component_ref idref="oc-50"/>
      </symbol>
      <symbol id="sm-a06">
         <name>__aeabi_memcpy</name>
         <value>0xb175</value>
         <object_component_ref idref="oc-50"/>
      </symbol>
      <symbol id="sm-a07">
         <name>__aeabi_memcpy8</name>
         <value>0xb175</value>
         <object_component_ref idref="oc-50"/>
      </symbol>
      <symbol id="sm-a08">
         <name>__aeabi_memcpy4</name>
         <value>0xb175</value>
         <object_component_ref idref="oc-50"/>
      </symbol>
      <symbol id="sm-a17">
         <name>__aeabi_memset</name>
         <value>0xb213</value>
         <object_component_ref idref="oc-69"/>
      </symbol>
      <symbol id="sm-a18">
         <name>memset</name>
         <value>0xb219</value>
         <object_component_ref idref="oc-69"/>
      </symbol>
      <symbol id="sm-a19">
         <name>__aeabi_memset8</name>
         <value>0xb213</value>
         <object_component_ref idref="oc-69"/>
      </symbol>
      <symbol id="sm-a1a">
         <name>__aeabi_memset4</name>
         <value>0xb213</value>
         <object_component_ref idref="oc-69"/>
      </symbol>
      <symbol id="sm-a1b">
         <name>__aeabi_memclr8</name>
         <value>0xb211</value>
         <object_component_ref idref="oc-69"/>
      </symbol>
      <symbol id="sm-a1c">
         <name>__aeabi_memclr4</name>
         <value>0xb211</value>
         <object_component_ref idref="oc-69"/>
      </symbol>
      <symbol id="sm-a1d">
         <name>__aeabi_memclr</name>
         <value>0xb211</value>
         <object_component_ref idref="oc-69"/>
      </symbol>
      <symbol id="sm-a2c">
         <name>__aeabi_uidivmod</name>
         <value>0xb364</value>
         <object_component_ref idref="oc-1c8"/>
      </symbol>
      <symbol id="sm-a2d">
         <name>__aeabi_uidiv</name>
         <value>0xb364</value>
         <object_component_ref idref="oc-1c8"/>
      </symbol>
      <symbol id="sm-a46">
         <name>_nop</name>
         <value>0xb453</value>
         <object_component_ref idref="oc-21d"/>
      </symbol>
      <symbol id="sm-a47">
         <name>_lock</name>
         <value>0x800170c</value>
         <object_component_ref idref="oc-134"/>
      </symbol>
      <symbol id="sm-a48">
         <name>_unlock</name>
         <value>0x8001710</value>
         <object_component_ref idref="oc-134"/>
      </symbol>
      <symbol id="sm-a49">
         <name>_register_lock</name>
         <value>0xb44b</value>
         <object_component_ref idref="oc-21d"/>
      </symbol>
      <symbol id="sm-a4a">
         <name>_register_unlock</name>
         <value>0xb445</value>
         <object_component_ref idref="oc-21d"/>
      </symbol>
      <symbol id="sm-a4b">
         <name>__TI_static_base__</name>
         <value>0x0</value>
      </symbol>
      <symbol id="sm-a4e">
         <name>SHT$$INIT_ARRAY$$Base</name>
         <value>0x0</value>
      </symbol>
      <symbol id="sm-a4f">
         <name>SHT$$INIT_ARRAY$$Limit</name>
         <value>0x0</value>
      </symbol>
   </symbol_table>
   <title>Link successful</title>
</link_info>
