<?xml version="1.0"?>
<link_info>
   <banner>TI ARM Linker PC v5.2.2</banner>
   <copyright>Copyright (c) 1996-2015 Texas Instruments Incorporated</copyright>
   <link_time>0x571f21e6</link_time>
   <link_errors>0x0</link_errors>
   <output_file>ShcaefflerTemputureBoard.out</output_file>
   <entry_point>
      <name>_c_int00</name>
      <address>0xc304</address>
   </entry_point>
   <input_file_list>
      <input_file id="fl-2">
         <path>.\TMS570LS1227_DEMO\source\</path>
         <kind>object</kind>
         <file>can.obj</file>
         <name>can.obj</name>
      </input_file>
      <input_file id="fl-3">
         <path>.\TMS570LS1227_DEMO\source\</path>
         <kind>object</kind>
         <file>dabort.obj</file>
         <name>dabort.obj</name>
      </input_file>
      <input_file id="fl-4">
         <path>.\TMS570LS1227_DEMO\source\</path>
         <kind>object</kind>
         <file>esm.obj</file>
         <name>esm.obj</name>
      </input_file>
      <input_file id="fl-5">
         <path>.\TMS570LS1227_DEMO\source\</path>
         <kind>object</kind>
         <file>gio.obj</file>
         <name>gio.obj</name>
      </input_file>
      <input_file id="fl-6">
         <path>.\TMS570LS1227_DEMO\source\</path>
         <kind>object</kind>
         <file>het.obj</file>
         <name>het.obj</name>
      </input_file>
      <input_file id="fl-7">
         <path>.\TMS570LS1227_DEMO\source\</path>
         <kind>object</kind>
         <file>notification.obj</file>
         <name>notification.obj</name>
      </input_file>
      <input_file id="fl-8">
         <path>.\TMS570LS1227_DEMO\source\</path>
         <kind>object</kind>
         <file>pinmux.obj</file>
         <name>pinmux.obj</name>
      </input_file>
      <input_file id="fl-9">
         <path>.\TMS570LS1227_DEMO\source\</path>
         <kind>object</kind>
         <file>sci.obj</file>
         <name>sci.obj</name>
      </input_file>
      <input_file id="fl-a">
         <path>.\TMS570LS1227_DEMO\source\</path>
         <kind>object</kind>
         <file>spi.obj</file>
         <name>spi.obj</name>
      </input_file>
      <input_file id="fl-b">
         <path>.\TMS570LS1227_DEMO\source\</path>
         <kind>object</kind>
         <file>sys_core.obj</file>
         <name>sys_core.obj</name>
      </input_file>
      <input_file id="fl-c">
         <path>.\TMS570LS1227_DEMO\source\</path>
         <kind>object</kind>
         <file>sys_dma.obj</file>
         <name>sys_dma.obj</name>
      </input_file>
      <input_file id="fl-d">
         <path>.\TMS570LS1227_DEMO\source\</path>
         <kind>object</kind>
         <file>sys_intvecs.obj</file>
         <name>sys_intvecs.obj</name>
      </input_file>
      <input_file id="fl-e">
         <path>.\TMS570LS1227_DEMO\source\</path>
         <kind>object</kind>
         <file>sys_main.obj</file>
         <name>sys_main.obj</name>
      </input_file>
      <input_file id="fl-f">
         <path>.\TMS570LS1227_DEMO\source\</path>
         <kind>object</kind>
         <file>sys_mpu.obj</file>
         <name>sys_mpu.obj</name>
      </input_file>
      <input_file id="fl-10">
         <path>.\TMS570LS1227_DEMO\source\</path>
         <kind>object</kind>
         <file>sys_pcr.obj</file>
         <name>sys_pcr.obj</name>
      </input_file>
      <input_file id="fl-11">
         <path>.\TMS570LS1227_DEMO\source\</path>
         <kind>object</kind>
         <file>sys_phantom.obj</file>
         <name>sys_phantom.obj</name>
      </input_file>
      <input_file id="fl-12">
         <path>.\TMS570LS1227_DEMO\source\</path>
         <kind>object</kind>
         <file>sys_pmm.obj</file>
         <name>sys_pmm.obj</name>
      </input_file>
      <input_file id="fl-13">
         <path>.\TMS570LS1227_DEMO\source\</path>
         <kind>object</kind>
         <file>sys_pmu.obj</file>
         <name>sys_pmu.obj</name>
      </input_file>
      <input_file id="fl-14">
         <path>.\TMS570LS1227_DEMO\source\</path>
         <kind>object</kind>
         <file>sys_selftest.obj</file>
         <name>sys_selftest.obj</name>
      </input_file>
      <input_file id="fl-15">
         <path>.\TMS570LS1227_DEMO\source\</path>
         <kind>object</kind>
         <file>sys_startup.obj</file>
         <name>sys_startup.obj</name>
      </input_file>
      <input_file id="fl-16">
         <path>.\TMS570LS1227_DEMO\source\</path>
         <kind>object</kind>
         <file>sys_vim.obj</file>
         <name>sys_vim.obj</name>
      </input_file>
      <input_file id="fl-17">
         <path>.\TMS570LS1227_DEMO\source\</path>
         <kind>object</kind>
         <file>system.obj</file>
         <name>system.obj</name>
      </input_file>
      <input_file id="fl-18">
         <path>.\TMS570LS1227_DEMO\App\</path>
         <kind>object</kind>
         <file>ADS1247.obj</file>
         <name>ADS1247.obj</name>
      </input_file>
      <input_file id="fl-19">
         <path>.\TMS570LS1227_DEMO\App\</path>
         <kind>object</kind>
         <file>CanProtocol.obj</file>
         <name>CanProtocol.obj</name>
      </input_file>
      <input_file id="fl-1a">
         <path>.\TMS570LS1227_DEMO\App\</path>
         <kind>object</kind>
         <file>DS2431.obj</file>
         <name>DS2431.obj</name>
      </input_file>
      <input_file id="fl-1b">
         <path>.\TMS570LS1227_DEMO\App\</path>
         <kind>object</kind>
         <file>LED.obj</file>
         <name>LED.obj</name>
      </input_file>
      <input_file id="fl-1c">
         <path>.\TMS570LS1227_DEMO\App\</path>
         <kind>object</kind>
         <file>OneWire.obj</file>
         <name>OneWire.obj</name>
      </input_file>
      <input_file id="fl-1d">
         <path>.\TMS570LS1227_DEMO\App\</path>
         <kind>object</kind>
         <file>Version.obj</file>
         <name>Version.obj</name>
      </input_file>
      <input_file id="fl-1e">
         <path>.\TMS570LS1227_DEMO\App\</path>
         <kind>object</kind>
         <file>printf.obj</file>
         <name>printf.obj</name>
      </input_file>
      <input_file id="fl-23">
         <path>D:\Program Files (x86)\ccs\ccsv6\tools\compiler\ti-cgt-arm_5.2.2\lib\</path>
         <kind>archive</kind>
         <file>rtsv7R4_T_be_v3D16_eabi.lib</file>
         <name>autoinit.obj</name>
      </input_file>
      <input_file id="fl-24">
         <path>D:\Program Files (x86)\ccs\ccsv6\tools\compiler\ti-cgt-arm_5.2.2\lib\</path>
         <kind>archive</kind>
         <file>rtsv7R4_T_be_v3D16_eabi.lib</file>
         <name>copy_decompress_none.obj</name>
      </input_file>
      <input_file id="fl-25">
         <path>D:\Program Files (x86)\ccs\ccsv6\tools\compiler\ti-cgt-arm_5.2.2\lib\</path>
         <kind>archive</kind>
         <file>rtsv7R4_T_be_v3D16_eabi.lib</file>
         <name>copy_decompress_rle.obj</name>
      </input_file>
      <input_file id="fl-26">
         <path>D:\Program Files (x86)\ccs\ccsv6\tools\compiler\ti-cgt-arm_5.2.2\lib\</path>
         <kind>archive</kind>
         <file>rtsv7R4_T_be_v3D16_eabi.lib</file>
         <name>copy_zero_init.obj</name>
      </input_file>
      <input_file id="fl-27">
         <path>D:\Program Files (x86)\ccs\ccsv6\tools\compiler\ti-cgt-arm_5.2.2\lib\</path>
         <kind>archive</kind>
         <file>rtsv7R4_T_be_v3D16_eabi.lib</file>
         <name>cpy_tbl.obj</name>
      </input_file>
      <input_file id="fl-28">
         <path>D:\Program Files (x86)\ccs\ccsv6\tools\compiler\ti-cgt-arm_5.2.2\lib\</path>
         <kind>archive</kind>
         <file>rtsv7R4_T_be_v3D16_eabi.lib</file>
         <name>defs.obj</name>
      </input_file>
      <input_file id="fl-29">
         <path>D:\Program Files (x86)\ccs\ccsv6\tools\compiler\ti-cgt-arm_5.2.2\lib\</path>
         <kind>archive</kind>
         <file>rtsv7R4_T_be_v3D16_eabi.lib</file>
         <name>exit.obj</name>
      </input_file>
      <input_file id="fl-2a">
         <path>D:\Program Files (x86)\ccs\ccsv6\tools\compiler\ti-cgt-arm_5.2.2\lib\</path>
         <kind>archive</kind>
         <file>rtsv7R4_T_be_v3D16_eabi.lib</file>
         <name>i_div32.obj</name>
      </input_file>
      <input_file id="fl-2b">
         <path>D:\Program Files (x86)\ccs\ccsv6\tools\compiler\ti-cgt-arm_5.2.2\lib\</path>
         <kind>archive</kind>
         <file>rtsv7R4_T_be_v3D16_eabi.lib</file>
         <name>memcpy_t2.obj</name>
      </input_file>
      <input_file id="fl-2c">
         <path>D:\Program Files (x86)\ccs\ccsv6\tools\compiler\ti-cgt-arm_5.2.2\lib\</path>
         <kind>archive</kind>
         <file>rtsv7R4_T_be_v3D16_eabi.lib</file>
         <name>memset_t2.obj</name>
      </input_file>
      <input_file id="fl-2d">
         <path>D:\Program Files (x86)\ccs\ccsv6\tools\compiler\ti-cgt-arm_5.2.2\lib\</path>
         <kind>archive</kind>
         <file>rtsv7R4_T_be_v3D16_eabi.lib</file>
         <name>u_div32.obj</name>
      </input_file>
      <input_file id="fl-2e">
         <path>D:\Program Files (x86)\ccs\ccsv6\tools\compiler\ti-cgt-arm_5.2.2\lib\</path>
         <kind>archive</kind>
         <file>rtsv7R4_T_be_v3D16_eabi.lib</file>
         <name>_lock.obj</name>
      </input_file>
   </input_file_list>
   <object_component_list>
      <object_component id="oc-39">
         <name>.intvecs</name>
         <load_address>0x0</load_address>
         <run_address>0x0</run_address>
         <size>0x20</size>
         <input_file_ref idref="fl-d"/>
      </object_component>
      <object_component id="oc-80">
         <name>.text</name>
         <load_address>0x20</load_address>
         <run_address>0x20</run_address>
         <size>0x2cdc</size>
         <input_file_ref idref="fl-14"/>
      </object_component>
      <object_component id="oc-127">
         <name>.text</name>
         <load_address>0x2cfc</load_address>
         <run_address>0x2cfc</run_address>
         <size>0x11e8</size>
         <input_file_ref idref="fl-a"/>
      </object_component>
      <object_component id="oc-a5">
         <name>.text</name>
         <load_address>0x3ee4</load_address>
         <run_address>0x3ee4</run_address>
         <size>0xe5c</size>
         <input_file_ref idref="fl-2"/>
      </object_component>
      <object_component id="oc-ab">
         <name>.text</name>
         <load_address>0x4d40</load_address>
         <run_address>0x4d40</run_address>
         <size>0xe48</size>
         <input_file_ref idref="fl-19"/>
      </object_component>
      <object_component id="oc-12d">
         <name>.text</name>
         <load_address>0x5b88</load_address>
         <run_address>0x5b88</run_address>
         <size>0xe44</size>
         <input_file_ref idref="fl-18"/>
      </object_component>
      <object_component id="oc-7a">
         <name>.text</name>
         <load_address>0x69cc</load_address>
         <run_address>0x69cc</run_address>
         <size>0xb28</size>
         <input_file_ref idref="fl-17"/>
      </object_component>
      <object_component id="oc-21e">
         <name>.text</name>
         <load_address>0x74f4</load_address>
         <run_address>0x74f4</run_address>
         <size>0xa8c</size>
         <input_file_ref idref="fl-1e"/>
      </object_component>
      <object_component id="oc-45">
         <name>.text</name>
         <load_address>0x7f80</load_address>
         <run_address>0x7f80</run_address>
         <size>0xa4c</size>
         <input_file_ref idref="fl-16"/>
      </object_component>
      <object_component id="oc-251">
         <name>.text</name>
         <load_address>0x89cc</load_address>
         <run_address>0x89cc</run_address>
         <size>0x92c</size>
         <input_file_ref idref="fl-1c"/>
      </object_component>
      <object_component id="oc-11b">
         <name>.text</name>
         <load_address>0x92f8</load_address>
         <run_address>0x92f8</run_address>
         <size>0x8f0</size>
         <input_file_ref idref="fl-6"/>
      </object_component>
      <object_component id="oc-f7">
         <name>.text</name>
         <load_address>0x9be8</load_address>
         <run_address>0x9be8</run_address>
         <size>0x8d0</size>
         <input_file_ref idref="fl-8"/>
      </object_component>
      <object_component id="oc-121">
         <name>.text</name>
         <load_address>0xa4b8</load_address>
         <run_address>0xa4b8</run_address>
         <size>0x750</size>
         <input_file_ref idref="fl-9"/>
      </object_component>
      <object_component id="oc-14d">
         <name>.text</name>
         <load_address>0xac08</load_address>
         <run_address>0xac08</run_address>
         <size>0x668</size>
         <input_file_ref idref="fl-1a"/>
      </object_component>
      <object_component id="oc-86">
         <name>.text</name>
         <load_address>0xb270</load_address>
         <run_address>0xb270</run_address>
         <size>0x5e8</size>
         <input_file_ref idref="fl-4"/>
      </object_component>
      <object_component id="oc-115">
         <name>.text</name>
         <load_address>0xb858</load_address>
         <run_address>0xb858</run_address>
         <size>0x484</size>
         <input_file_ref idref="fl-5"/>
      </object_component>
      <object_component id="oc-75">
         <name>.text</name>
         <load_address>0xbcdc</load_address>
         <run_address>0xbcdc</run_address>
         <size>0x34c</size>
         <input_file_ref idref="fl-b"/>
      </object_component>
      <object_component id="oc-44">
         <name>.text:retain</name>
         <load_address>0xc028</load_address>
         <run_address>0xc028</run_address>
         <size>0x2dc</size>
         <input_file_ref idref="fl-16"/>
      </object_component>
      <object_component id="oc-1e">
         <name>.text:retain</name>
         <load_address>0xc304</load_address>
         <run_address>0xc304</run_address>
         <size>0x27c</size>
         <input_file_ref idref="fl-15"/>
      </object_component>
      <object_component id="oc-33">
         <name>.text:retain</name>
         <load_address>0xc580</load_address>
         <run_address>0xc580</run_address>
         <size>0x204</size>
         <input_file_ref idref="fl-9"/>
      </object_component>
      <object_component id="oc-24">
         <name>.text:retain</name>
         <load_address>0xc784</load_address>
         <run_address>0xc784</run_address>
         <size>0x1ec</size>
         <input_file_ref idref="fl-2"/>
      </object_component>
      <object_component id="oc-9f">
         <name>.text</name>
         <load_address>0xc970</load_address>
         <run_address>0xc970</run_address>
         <size>0x134</size>
         <input_file_ref idref="fl-7"/>
      </object_component>
      <object_component id="oc-2d">
         <name>.text:retain</name>
         <load_address>0xcaa4</load_address>
         <run_address>0xcaa4</run_address>
         <size>0x114</size>
         <input_file_ref idref="fl-4"/>
      </object_component>
      <object_component id="oc-b1">
         <name>.text</name>
         <load_address>0xcbb8</load_address>
         <run_address>0xcbb8</run_address>
         <size>0xfc</size>
         <input_file_ref idref="fl-1b"/>
      </object_component>
      <object_component id="oc-cb">
         <name>.text</name>
         <load_address>0xccb4</load_address>
         <run_address>0xccb4</run_address>
         <size>0xe8</size>
         <input_file_ref idref="fl-3"/>
      </object_component>
      <object_component id="oc-ff">
         <name>.text</name>
         <load_address>0xcd9c</load_address>
         <run_address>0xcd9c</run_address>
         <size>0xe0</size>
         <input_file_ref idref="fl-13"/>
      </object_component>
      <object_component id="oc-50">
         <name>.text</name>
         <load_address>0xce7c</load_address>
         <run_address>0xce7c</run_address>
         <size>0x9c</size>
         <input_file_ref idref="fl-2b"/>
      </object_component>
      <object_component id="oc-69">
         <name>.text</name>
         <load_address>0xcf18</load_address>
         <run_address>0xcf18</run_address>
         <size>0x7a</size>
         <input_file_ref idref="fl-2c"/>
      </object_component>
      <object_component id="oc-8c">
         <name>.text</name>
         <load_address>0xcf94</load_address>
         <run_address>0xcf94</run_address>
         <size>0x6c</size>
         <input_file_ref idref="fl-23"/>
      </object_component>
      <object_component id="oc-5c">
         <name>.text</name>
         <load_address>0xd000</load_address>
         <run_address>0xd000</run_address>
         <size>0x6a</size>
         <input_file_ref idref="fl-25"/>
      </object_component>
      <object_component id="oc-224">
         <name>.text</name>
         <load_address>0xd06c</load_address>
         <run_address>0xd06c</run_address>
         <size>0x58</size>
         <input_file_ref idref="fl-2a"/>
      </object_component>
      <object_component id="oc-201">
         <name>.text</name>
         <load_address>0xd0c4</load_address>
         <run_address>0xd0c4</run_address>
         <size>0x54</size>
         <input_file_ref idref="fl-2d"/>
      </object_component>
      <object_component id="oc-10d">
         <name>.text</name>
         <load_address>0xd118</load_address>
         <run_address>0xd118</run_address>
         <size>0x4c</size>
         <input_file_ref idref="fl-27"/>
      </object_component>
      <object_component id="oc-92">
         <name>.text</name>
         <load_address>0xd164</load_address>
         <run_address>0xd164</run_address>
         <size>0x44</size>
         <input_file_ref idref="fl-e"/>
      </object_component>
      <object_component id="oc-98">
         <name>.text</name>
         <load_address>0xd1a8</load_address>
         <run_address>0xd1a8</run_address>
         <size>0x40</size>
         <input_file_ref idref="fl-29"/>
      </object_component>
      <object_component id="oc-230">
         <name>.text</name>
         <load_address>0xd1e8</load_address>
         <run_address>0xd1e8</run_address>
         <size>0x14</size>
         <input_file_ref idref="fl-2e"/>
      </object_component>
      <object_component id="oc-c">
         <name>.text:decompress:none</name>
         <load_address>0xd1fc</load_address>
         <run_address>0xd1fc</run_address>
         <size>0xe</size>
         <input_file_ref idref="fl-24"/>
      </object_component>
      <object_component id="oc-18">
         <name>.text:decompress:ZI</name>
         <load_address>0xd20a</load_address>
         <run_address>0xd20a</run_address>
         <size>0xc</size>
         <input_file_ref idref="fl-26"/>
      </object_component>
      <object_component id="oc-12">
         <name>.text:decompress:rle24</name>
         <load_address>0xd216</load_address>
         <run_address>0xd216</run_address>
         <size>0x6</size>
         <input_file_ref idref="fl-25"/>
      </object_component>
      <object_component id="oc-3e">
         <name>.text:retain</name>
         <load_address>0xd21c</load_address>
         <run_address>0xd21c</run_address>
         <size>0x4</size>
         <input_file_ref idref="fl-11"/>
      </object_component>
      <object_component id="oc-206">
         <name>.const:het1PROGRAM</name>
         <load_address>0xd220</load_address>
         <run_address>0xd220</run_address>
         <size>0x3a0</size>
         <input_file_ref idref="fl-6"/>
      </object_component>
      <object_component id="oc-2a">
         <name>.const:s_vim_init</name>
         <load_address>0xd5c0</load_address>
         <run_address>0xd5c0</run_address>
         <size>0x200</size>
         <input_file_ref idref="fl-16"/>
      </object_component>
      <object_component id="oc-29d">
         <name>.const:.string:$P$T0$1</name>
         <load_address>0xd7c0</load_address>
         <run_address>0xd7c0</run_address>
         <size>0x24</size>
         <input_file_ref idref="fl-1e"/>
      </object_component>
      <object_component id="oc-144">
         <name>.const</name>
         <load_address>0xd7e4</load_address>
         <run_address>0xd7e4</run_address>
         <size>0x20</size>
         <input_file_ref idref="fl-2"/>
      </object_component>
      <object_component id="oc-209">
         <name>.const</name>
         <load_address>0xd804</load_address>
         <run_address>0xd804</run_address>
         <size>0x20</size>
         <input_file_ref idref="fl-6"/>
      </object_component>
      <object_component id="oc-257">
         <name>.const:.string</name>
         <load_address>0xd824</load_address>
         <run_address>0xd824</run_address>
         <size>0x7</size>
         <input_file_ref idref="fl-1a"/>
      </object_component>
      <object_component id="oc-175">
         <name>.const:.string</name>
         <load_address>0xd82b</load_address>
         <run_address>0xd82b</run_address>
         <size>0x4</size>
         <input_file_ref idref="fl-1b"/>
      </object_component>
      <object_component id="oc-2fc">
         <name>.cinit..data.load</name>
         <load_address>0xd830</load_address>
         <run_address>0xd830</run_address>
         <size>0x76</size>
      </object_component>
      <object_component id="oc-2f9">
         <name>__TI_handler_table</name>
         <load_address>0xd8a8</load_address>
         <run_address>0xd8a8</run_address>
         <size>0xc</size>
      </object_component>
      <object_component id="oc-2fb">
         <name>.cinit..bss.load</name>
         <load_address>0xd8b8</load_address>
         <run_address>0xd8b8</run_address>
         <size>0x8</size>
      </object_component>
      <object_component id="oc-2fa">
         <name>__TI_cinit_table</name>
         <load_address>0xd8c0</load_address>
         <run_address>0xd8c0</run_address>
         <size>0x10</size>
      </object_component>
      <object_component id="oc-c7">
         <name>.bss:g_sciTransfer_t</name>
         <uninitialized>true</uninitialized>
         <run_address>0x8001740</run_address>
         <size>0x28</size>
         <input_file_ref idref="fl-9"/>
      </object_component>
      <object_component id="oc-214">
         <name>.bss:g_spiPacket_t</name>
         <uninitialized>true</uninitialized>
         <run_address>0x80016c8</run_address>
         <size>0x78</size>
         <input_file_ref idref="fl-a"/>
      </object_component>
      <object_component id="oc-156">
         <name>.bss:CanRxCmdRingBuffer</name>
         <uninitialized>true</uninitialized>
         <run_address>0x8001650</run_address>
         <size>0x78</size>
         <input_file_ref idref="fl-19"/>
      </object_component>
      <object_component id="oc-b7">
         <name>.common:RxMessage</name>
         <uninitialized>true</uninitialized>
         <run_address>0x8001768</run_address>
         <size>0x14</size>
      </object_component>
      <object_component id="oc-229">
         <name>.common:dataconfig1_t</name>
         <uninitialized>true</uninitialized>
         <run_address>0x800177c</run_address>
         <size>0x4</size>
      </object_component>
      <object_component id="oc-ba">
         <name>.data</name>
         <load_address>0x800164d</load_address>
         <run_address>0x800164d</run_address>
         <size>0x1</size>
         <input_file_ref idref="fl-2"/>
      </object_component>
      <object_component id="oc-22c">
         <name>.data:Ads1247PositiveCalibration</name>
         <load_address>0x80015f0</load_address>
         <run_address>0x80015f0</run_address>
         <size>0x40</size>
         <input_file_ref idref="fl-18"/>
      </object_component>
      <object_component id="oc-153">
         <name>.data</name>
         <load_address>0x8001647</load_address>
         <run_address>0x8001647</run_address>
         <size>0x4</size>
         <input_file_ref idref="fl-19"/>
      </object_component>
      <object_component id="oc-172">
         <name>.data</name>
         <load_address>0x800164b</load_address>
         <run_address>0x800164b</run_address>
         <size>0x1</size>
         <input_file_ref idref="fl-1b"/>
      </object_component>
      <object_component id="oc-2b7">
         <name>.data</name>
         <load_address>0x800164c</load_address>
         <run_address>0x800164c</run_address>
         <size>0x1</size>
         <input_file_ref idref="fl-1c"/>
      </object_component>
      <object_component id="oc-159">
         <name>.data</name>
         <load_address>0x8001640</load_address>
         <run_address>0x8001640</run_address>
         <size>0x7</size>
         <input_file_ref idref="fl-1d"/>
      </object_component>
      <object_component id="oc-2a0">
         <name>.data:_ftable</name>
         <load_address>0x8001500</load_address>
         <run_address>0x8001500</run_address>
         <size>0xf0</size>
         <input_file_ref idref="fl-28"/>
      </object_component>
      <object_component id="oc-137">
         <name>.data</name>
         <load_address>0x8001638</load_address>
         <run_address>0x8001638</run_address>
         <size>0x8</size>
         <input_file_ref idref="fl-29"/>
      </object_component>
      <object_component id="oc-134">
         <name>.data</name>
         <load_address>0x8001630</load_address>
         <run_address>0x8001630</run_address>
         <size>0x8</size>
         <input_file_ref idref="fl-2e"/>
      </object_component>
      <object_component id="oc-b8">
         <name>.debug_info</name>
         <load_address>0x0</load_address>
         <run_address>0x0</run_address>
         <size>0x350</size>
         <input_file_ref idref="fl-2"/>
      </object_component>
      <object_component id="oc-145">
         <name>.debug_info</name>
         <load_address>0x350</load_address>
         <run_address>0x350</run_address>
         <size>0x11d</size>
         <input_file_ref idref="fl-2"/>
      </object_component>
      <object_component id="oc-bb">
         <name>.debug_info</name>
         <load_address>0x46d</load_address>
         <run_address>0x46d</run_address>
         <size>0x114</size>
         <input_file_ref idref="fl-2"/>
      </object_component>
      <object_component id="oc-a6">
         <name>.debug_info</name>
         <load_address>0x581</load_address>
         <run_address>0x581</run_address>
         <size>0x18e8</size>
         <input_file_ref idref="fl-2"/>
      </object_component>
      <object_component id="oc-25">
         <name>.debug_info</name>
         <load_address>0x1e69</load_address>
         <run_address>0x1e69</run_address>
         <size>0x2f0</size>
         <input_file_ref idref="fl-2"/>
      </object_component>
      <object_component id="oc-17a">
         <name>.debug_info</name>
         <load_address>0x2159</load_address>
         <run_address>0x2159</run_address>
         <size>0x5a</size>
         <input_file_ref idref="fl-2"/>
      </object_component>
      <object_component id="oc-15e">
         <name>.debug_info</name>
         <load_address>0x21b3</load_address>
         <run_address>0x21b3</run_address>
         <size>0x346</size>
         <input_file_ref idref="fl-2"/>
      </object_component>
      <object_component id="oc-be">
         <name>.debug_info</name>
         <load_address>0x24f9</load_address>
         <run_address>0x24f9</run_address>
         <size>0x157</size>
         <input_file_ref idref="fl-2"/>
      </object_component>
      <object_component id="oc-2a5">
         <name>.debug_info</name>
         <load_address>0x2650</load_address>
         <run_address>0x2650</run_address>
         <size>0xc8</size>
         <input_file_ref idref="fl-2"/>
      </object_component>
      <object_component id="oc-163">
         <name>.debug_info</name>
         <load_address>0x2718</load_address>
         <run_address>0x2718</run_address>
         <size>0x8b</size>
         <input_file_ref idref="fl-2"/>
      </object_component>
      <object_component id="oc-d3">
         <name>.debug_info</name>
         <load_address>0x27a3</load_address>
         <run_address>0x27a3</run_address>
         <size>0x18c</size>
         <input_file_ref idref="fl-2"/>
      </object_component>
      <object_component id="oc-168">
         <name>.debug_info</name>
         <load_address>0x292f</load_address>
         <run_address>0x292f</run_address>
         <size>0x18b</size>
         <input_file_ref idref="fl-2"/>
      </object_component>
      <object_component id="oc-d8">
         <name>.debug_info</name>
         <load_address>0x2aba</load_address>
         <run_address>0x2aba</run_address>
         <size>0x86</size>
         <input_file_ref idref="fl-2"/>
      </object_component>
      <object_component id="oc-2aa">
         <name>.debug_info</name>
         <load_address>0x2b40</load_address>
         <run_address>0x2b40</run_address>
         <size>0x4e</size>
         <input_file_ref idref="fl-2"/>
      </object_component>
      <object_component id="oc-181">
         <name>.debug_info</name>
         <load_address>0x2b8e</load_address>
         <run_address>0x2b8e</run_address>
         <size>0x437</size>
         <input_file_ref idref="fl-2"/>
      </object_component>
      <object_component id="oc-148">
         <name>.debug_info</name>
         <load_address>0x2fc5</load_address>
         <run_address>0x2fc5</run_address>
         <size>0x15f</size>
         <input_file_ref idref="fl-2"/>
      </object_component>
      <object_component id="oc-186">
         <name>.debug_info</name>
         <load_address>0x3124</load_address>
         <run_address>0x3124</run_address>
         <size>0x2d0</size>
         <input_file_ref idref="fl-2"/>
      </object_component>
      <object_component id="oc-cc">
         <name>.debug_info</name>
         <load_address>0x33f4</load_address>
         <run_address>0x33f4</run_address>
         <size>0x14f</size>
         <input_file_ref idref="fl-3"/>
      </object_component>
      <object_component id="oc-10c">
         <name>.debug_info</name>
         <load_address>0x3543</load_address>
         <run_address>0x3543</run_address>
         <size>0x1ab</size>
         <input_file_ref idref="fl-4"/>
      </object_component>
      <object_component id="oc-87">
         <name>.debug_info</name>
         <load_address>0x36ee</load_address>
         <run_address>0x36ee</run_address>
         <size>0xdc4</size>
         <input_file_ref idref="fl-4"/>
      </object_component>
      <object_component id="oc-2e">
         <name>.debug_info</name>
         <load_address>0x44b2</load_address>
         <run_address>0x44b2</run_address>
         <size>0x1e4</size>
         <input_file_ref idref="fl-4"/>
      </object_component>
      <object_component id="oc-18f">
         <name>.debug_info</name>
         <load_address>0x4696</load_address>
         <run_address>0x4696</run_address>
         <size>0x1de</size>
         <input_file_ref idref="fl-4"/>
      </object_component>
      <object_component id="oc-107">
         <name>.debug_info</name>
         <load_address>0x4874</load_address>
         <run_address>0x4874</run_address>
         <size>0x129</size>
         <input_file_ref idref="fl-4"/>
      </object_component>
      <object_component id="oc-200">
         <name>.debug_info</name>
         <load_address>0x499d</load_address>
         <run_address>0x499d</run_address>
         <size>0x12e</size>
         <input_file_ref idref="fl-5"/>
      </object_component>
      <object_component id="oc-116">
         <name>.debug_info</name>
         <load_address>0x4acb</load_address>
         <run_address>0x4acb</run_address>
         <size>0x880</size>
         <input_file_ref idref="fl-5"/>
      </object_component>
      <object_component id="oc-199">
         <name>.debug_info</name>
         <load_address>0x534b</load_address>
         <run_address>0x534b</run_address>
         <size>0x1f9</size>
         <input_file_ref idref="fl-5"/>
      </object_component>
      <object_component id="oc-288">
         <name>.debug_info</name>
         <load_address>0x5544</load_address>
         <run_address>0x5544</run_address>
         <size>0x12a</size>
         <input_file_ref idref="fl-5"/>
      </object_component>
      <object_component id="oc-20d">
         <name>.debug_info</name>
         <load_address>0x566e</load_address>
         <run_address>0x566e</run_address>
         <size>0x1bb</size>
         <input_file_ref idref="fl-6"/>
      </object_component>
      <object_component id="oc-20a">
         <name>.debug_info</name>
         <load_address>0x5829</load_address>
         <run_address>0x5829</run_address>
         <size>0x123</size>
         <input_file_ref idref="fl-6"/>
      </object_component>
      <object_component id="oc-207">
         <name>.debug_info</name>
         <load_address>0x594c</load_address>
         <run_address>0x594c</run_address>
         <size>0x117</size>
         <input_file_ref idref="fl-6"/>
      </object_component>
      <object_component id="oc-11c">
         <name>.debug_info</name>
         <load_address>0x5a63</load_address>
         <run_address>0x5a63</run_address>
         <size>0xfdf</size>
         <input_file_ref idref="fl-6"/>
      </object_component>
      <object_component id="oc-ee">
         <name>.debug_info</name>
         <load_address>0x6a42</load_address>
         <run_address>0x6a42</run_address>
         <size>0x2c</size>
         <input_file_ref idref="fl-6"/>
      </object_component>
      <object_component id="oc-1c9">
         <name>.debug_info</name>
         <load_address>0x6a6e</load_address>
         <run_address>0x6a6e</run_address>
         <size>0x3d3</size>
         <input_file_ref idref="fl-6"/>
      </object_component>
      <object_component id="oc-20e">
         <name>.debug_info</name>
         <load_address>0x6e41</load_address>
         <run_address>0x6e41</run_address>
         <size>0x2e3</size>
         <input_file_ref idref="fl-6"/>
      </object_component>
      <object_component id="oc-13e">
         <name>.debug_info</name>
         <load_address>0x7124</load_address>
         <run_address>0x7124</run_address>
         <size>0x354</size>
         <input_file_ref idref="fl-7"/>
      </object_component>
      <object_component id="oc-a0">
         <name>.debug_info</name>
         <load_address>0x7478</load_address>
         <run_address>0x7478</run_address>
         <size>0xfcb</size>
         <input_file_ref idref="fl-7"/>
      </object_component>
      <object_component id="oc-1b5">
         <name>.debug_info</name>
         <load_address>0x8443</load_address>
         <run_address>0x8443</run_address>
         <size>0x791</size>
         <input_file_ref idref="fl-7"/>
      </object_component>
      <object_component id="oc-1ba">
         <name>.debug_info</name>
         <load_address>0x8bd4</load_address>
         <run_address>0x8bd4</run_address>
         <size>0x4de</size>
         <input_file_ref idref="fl-7"/>
      </object_component>
      <object_component id="oc-1bf">
         <name>.debug_info</name>
         <load_address>0x90b2</load_address>
         <run_address>0x90b2</run_address>
         <size>0x3ce</size>
         <input_file_ref idref="fl-7"/>
      </object_component>
      <object_component id="oc-240">
         <name>.debug_info</name>
         <load_address>0x9480</load_address>
         <run_address>0x9480</run_address>
         <size>0x7cd</size>
         <input_file_ref idref="fl-7"/>
      </object_component>
      <object_component id="oc-13f">
         <name>.debug_info</name>
         <load_address>0x9c4d</load_address>
         <run_address>0x9c4d</run_address>
         <size>0x673</size>
         <input_file_ref idref="fl-7"/>
      </object_component>
      <object_component id="oc-219">
         <name>.debug_info</name>
         <load_address>0xa2c0</load_address>
         <run_address>0xa2c0</run_address>
         <size>0x375</size>
         <input_file_ref idref="fl-7"/>
      </object_component>
      <object_component id="oc-1ea">
         <name>.debug_info</name>
         <load_address>0xa635</load_address>
         <run_address>0xa635</run_address>
         <size>0x37b</size>
         <input_file_ref idref="fl-7"/>
      </object_component>
      <object_component id="oc-1c4">
         <name>.debug_info</name>
         <load_address>0xa9b0</load_address>
         <run_address>0xa9b0</run_address>
         <size>0x1ca</size>
         <input_file_ref idref="fl-7"/>
      </object_component>
      <object_component id="oc-194">
         <name>.debug_info</name>
         <load_address>0xab7a</load_address>
         <run_address>0xab7a</run_address>
         <size>0x435</size>
         <input_file_ref idref="fl-7"/>
      </object_component>
      <object_component id="oc-1dd">
         <name>.debug_info</name>
         <load_address>0xafaf</load_address>
         <run_address>0xafaf</run_address>
         <size>0x551</size>
         <input_file_ref idref="fl-7"/>
      </object_component>
      <object_component id="oc-1d3">
         <name>.debug_info</name>
         <load_address>0xb500</load_address>
         <run_address>0xb500</run_address>
         <size>0x1de</size>
         <input_file_ref idref="fl-7"/>
      </object_component>
      <object_component id="oc-245">
         <name>.debug_info</name>
         <load_address>0xb6de</load_address>
         <run_address>0xb6de</run_address>
         <size>0x243</size>
         <input_file_ref idref="fl-7"/>
      </object_component>
      <object_component id="oc-272">
         <name>.debug_info</name>
         <load_address>0xb921</load_address>
         <run_address>0xb921</run_address>
         <size>0x18e</size>
         <input_file_ref idref="fl-7"/>
      </object_component>
      <object_component id="oc-24a">
         <name>.debug_info</name>
         <load_address>0xbaaf</load_address>
         <run_address>0xbaaf</run_address>
         <size>0x26c</size>
         <input_file_ref idref="fl-7"/>
      </object_component>
      <object_component id="oc-1e2">
         <name>.debug_info</name>
         <load_address>0xbd1b</load_address>
         <run_address>0xbd1b</run_address>
         <size>0x17a</size>
         <input_file_ref idref="fl-7"/>
      </object_component>
      <object_component id="oc-19e">
         <name>.debug_info</name>
         <load_address>0xbe95</load_address>
         <run_address>0xbe95</run_address>
         <size>0x6a6</size>
         <input_file_ref idref="fl-7"/>
      </object_component>
      <object_component id="oc-1a3">
         <name>.debug_info</name>
         <load_address>0xc53b</load_address>
         <run_address>0xc53b</run_address>
         <size>0x13e</size>
         <input_file_ref idref="fl-7"/>
      </object_component>
      <object_component id="oc-1b2">
         <name>.debug_info</name>
         <load_address>0xc679</load_address>
         <run_address>0xc679</run_address>
         <size>0x115</size>
         <input_file_ref idref="fl-8"/>
      </object_component>
      <object_component id="oc-f8">
         <name>.debug_info</name>
         <load_address>0xc78e</load_address>
         <run_address>0xc78e</run_address>
         <size>0x266</size>
         <input_file_ref idref="fl-8"/>
      </object_component>
      <object_component id="oc-1ce">
         <name>.debug_info</name>
         <load_address>0xc9f4</load_address>
         <run_address>0xc9f4</run_address>
         <size>0x508</size>
         <input_file_ref idref="fl-8"/>
      </object_component>
      <object_component id="oc-279">
         <name>.debug_info</name>
         <load_address>0xcefc</load_address>
         <run_address>0xcefc</run_address>
         <size>0x43c</size>
         <input_file_ref idref="fl-8"/>
      </object_component>
      <object_component id="oc-1af">
         <name>.debug_info</name>
         <load_address>0xd338</load_address>
         <run_address>0xd338</run_address>
         <size>0x18f</size>
         <input_file_ref idref="fl-9"/>
      </object_component>
      <object_component id="oc-c8">
         <name>.debug_info</name>
         <load_address>0xd4c7</load_address>
         <run_address>0xd4c7</run_address>
         <size>0x11f</size>
         <input_file_ref idref="fl-9"/>
      </object_component>
      <object_component id="oc-122">
         <name>.debug_info</name>
         <load_address>0xd5e6</load_address>
         <run_address>0xd5e6</run_address>
         <size>0xd95</size>
         <input_file_ref idref="fl-9"/>
      </object_component>
      <object_component id="oc-34">
         <name>.debug_info</name>
         <load_address>0xe37b</load_address>
         <run_address>0xe37b</run_address>
         <size>0x26a</size>
         <input_file_ref idref="fl-9"/>
      </object_component>
      <object_component id="oc-26d">
         <name>.debug_info</name>
         <load_address>0xe5e5</load_address>
         <run_address>0xe5e5</run_address>
         <size>0x9f</size>
         <input_file_ref idref="fl-9"/>
      </object_component>
      <object_component id="oc-218">
         <name>.debug_info</name>
         <load_address>0xe684</load_address>
         <run_address>0xe684</run_address>
         <size>0x165</size>
         <input_file_ref idref="fl-a"/>
      </object_component>
      <object_component id="oc-215">
         <name>.debug_info</name>
         <load_address>0xe7e9</load_address>
         <run_address>0xe7e9</run_address>
         <size>0x11b</size>
         <input_file_ref idref="fl-a"/>
      </object_component>
      <object_component id="oc-128">
         <name>.debug_info</name>
         <load_address>0xe904</load_address>
         <run_address>0xe904</run_address>
         <size>0x139c</size>
         <input_file_ref idref="fl-a"/>
      </object_component>
      <object_component id="oc-298">
         <name>.debug_info</name>
         <load_address>0xfca0</load_address>
         <run_address>0xfca0</run_address>
         <size>0xc7</size>
         <input_file_ref idref="fl-a"/>
      </object_component>
      <object_component id="oc-76">
         <name>.debug_info</name>
         <load_address>0xfd67</load_address>
         <run_address>0xfd67</run_address>
         <size>0xa9c</size>
         <input_file_ref idref="fl-b"/>
      </object_component>
      <object_component id="oc-3a">
         <name>.debug_info</name>
         <load_address>0x10803</load_address>
         <run_address>0x10803</run_address>
         <size>0x157</size>
         <input_file_ref idref="fl-d"/>
      </object_component>
      <object_component id="oc-93">
         <name>.debug_info</name>
         <load_address>0x1095a</load_address>
         <run_address>0x1095a</run_address>
         <size>0x21b</size>
         <input_file_ref idref="fl-e"/>
      </object_component>
      <object_component id="oc-16d">
         <name>.debug_info</name>
         <load_address>0x10b75</load_address>
         <run_address>0x10b75</run_address>
         <size>0x5e</size>
         <input_file_ref idref="fl-e"/>
      </object_component>
      <object_component id="oc-27e">
         <name>.debug_info</name>
         <load_address>0x10bd3</load_address>
         <run_address>0x10bd3</run_address>
         <size>0x134</size>
         <input_file_ref idref="fl-10"/>
      </object_component>
      <object_component id="oc-2c3">
         <name>.debug_info</name>
         <load_address>0x10d07</load_address>
         <run_address>0x10d07</run_address>
         <size>0x242</size>
         <input_file_ref idref="fl-10"/>
      </object_component>
      <object_component id="oc-1d8">
         <name>.debug_info</name>
         <load_address>0x10f49</load_address>
         <run_address>0x10f49</run_address>
         <size>0x2af</size>
         <input_file_ref idref="fl-10"/>
      </object_component>
      <object_component id="oc-3f">
         <name>.debug_info</name>
         <load_address>0x111f8</load_address>
         <run_address>0x111f8</run_address>
         <size>0x195</size>
         <input_file_ref idref="fl-11"/>
      </object_component>
      <object_component id="oc-100">
         <name>.debug_info</name>
         <load_address>0x1138d</load_address>
         <run_address>0x1138d</run_address>
         <size>0x492</size>
         <input_file_ref idref="fl-13"/>
      </object_component>
      <object_component id="oc-105">
         <name>.debug_info</name>
         <load_address>0x1181f</load_address>
         <run_address>0x1181f</run_address>
         <size>0x504</size>
         <input_file_ref idref="fl-14"/>
      </object_component>
      <object_component id="oc-81">
         <name>.debug_info</name>
         <load_address>0x11d23</load_address>
         <run_address>0x11d23</run_address>
         <size>0x3637</size>
         <input_file_ref idref="fl-14"/>
      </object_component>
      <object_component id="oc-1f">
         <name>.debug_info</name>
         <load_address>0x1535a</load_address>
         <run_address>0x1535a</run_address>
         <size>0x600</size>
         <input_file_ref idref="fl-15"/>
      </object_component>
      <object_component id="oc-c5">
         <name>.debug_info</name>
         <load_address>0x1595a</load_address>
         <run_address>0x1595a</run_address>
         <size>0x346</size>
         <input_file_ref idref="fl-16"/>
      </object_component>
      <object_component id="oc-2b">
         <name>.debug_info</name>
         <load_address>0x15ca0</load_address>
         <run_address>0x15ca0</run_address>
         <size>0x119</size>
         <input_file_ref idref="fl-16"/>
      </object_component>
      <object_component id="oc-46">
         <name>.debug_info</name>
         <load_address>0x15db9</load_address>
         <run_address>0x15db9</run_address>
         <size>0x55f</size>
         <input_file_ref idref="fl-16"/>
      </object_component>
      <object_component id="oc-4b">
         <name>.debug_info</name>
         <load_address>0x16318</load_address>
         <run_address>0x16318</run_address>
         <size>0x258</size>
         <input_file_ref idref="fl-16"/>
      </object_component>
      <object_component id="oc-1a8">
         <name>.debug_info</name>
         <load_address>0x16570</load_address>
         <run_address>0x16570</run_address>
         <size>0x5d</size>
         <input_file_ref idref="fl-16"/>
      </object_component>
      <object_component id="oc-fe">
         <name>.debug_info</name>
         <load_address>0x165cd</load_address>
         <run_address>0x165cd</run_address>
         <size>0x3b1</size>
         <input_file_ref idref="fl-17"/>
      </object_component>
      <object_component id="oc-7b">
         <name>.debug_info</name>
         <load_address>0x1697e</load_address>
         <run_address>0x1697e</run_address>
         <size>0x8d2</size>
         <input_file_ref idref="fl-17"/>
      </object_component>
      <object_component id="oc-22a">
         <name>.debug_info</name>
         <load_address>0x17250</load_address>
         <run_address>0x17250</run_address>
         <size>0x23b</size>
         <input_file_ref idref="fl-18"/>
      </object_component>
      <object_component id="oc-22d">
         <name>.debug_info</name>
         <load_address>0x1748b</load_address>
         <run_address>0x1748b</run_address>
         <size>0x137</size>
         <input_file_ref idref="fl-18"/>
      </object_component>
      <object_component id="oc-12e">
         <name>.debug_info</name>
         <load_address>0x175c2</load_address>
         <run_address>0x175c2</run_address>
         <size>0x166f</size>
         <input_file_ref idref="fl-18"/>
      </object_component>
      <object_component id="oc-15d">
         <name>.debug_info</name>
         <load_address>0x18c31</load_address>
         <run_address>0x18c31</run_address>
         <size>0x3e2</size>
         <input_file_ref idref="fl-19"/>
      </object_component>
      <object_component id="oc-154">
         <name>.debug_info</name>
         <load_address>0x19013</load_address>
         <run_address>0x19013</run_address>
         <size>0x1cc</size>
         <input_file_ref idref="fl-19"/>
      </object_component>
      <object_component id="oc-157">
         <name>.debug_info</name>
         <load_address>0x191df</load_address>
         <run_address>0x191df</run_address>
         <size>0x12b</size>
         <input_file_ref idref="fl-19"/>
      </object_component>
      <object_component id="oc-ac">
         <name>.debug_info</name>
         <load_address>0x1930a</load_address>
         <run_address>0x1930a</run_address>
         <size>0x1346</size>
         <input_file_ref idref="fl-19"/>
      </object_component>
      <object_component id="oc-25b">
         <name>.debug_info</name>
         <load_address>0x1a650</load_address>
         <run_address>0x1a650</run_address>
         <size>0x24c</size>
         <input_file_ref idref="fl-1a"/>
      </object_component>
      <object_component id="oc-258">
         <name>.debug_info</name>
         <load_address>0x1a89c</load_address>
         <run_address>0x1a89c</run_address>
         <size>0x12d</size>
         <input_file_ref idref="fl-1a"/>
      </object_component>
      <object_component id="oc-14e">
         <name>.debug_info</name>
         <load_address>0x1a9c9</load_address>
         <run_address>0x1a9c9</run_address>
         <size>0xd5b</size>
         <input_file_ref idref="fl-1a"/>
      </object_component>
      <object_component id="oc-e6">
         <name>.debug_info</name>
         <load_address>0x1b724</load_address>
         <run_address>0x1b724</run_address>
         <size>0x84</size>
         <input_file_ref idref="fl-1a"/>
      </object_component>
      <object_component id="oc-179">
         <name>.debug_info</name>
         <load_address>0x1b7a8</load_address>
         <run_address>0x1b7a8</run_address>
         <size>0x1af</size>
         <input_file_ref idref="fl-1b"/>
      </object_component>
      <object_component id="oc-173">
         <name>.debug_info</name>
         <load_address>0x1b957</load_address>
         <run_address>0x1b957</run_address>
         <size>0x111</size>
         <input_file_ref idref="fl-1b"/>
      </object_component>
      <object_component id="oc-176">
         <name>.debug_info</name>
         <load_address>0x1ba68</load_address>
         <run_address>0x1ba68</run_address>
         <size>0x10c</size>
         <input_file_ref idref="fl-1b"/>
      </object_component>
      <object_component id="oc-b2">
         <name>.debug_info</name>
         <load_address>0x1bb74</load_address>
         <run_address>0x1bb74</run_address>
         <size>0x351</size>
         <input_file_ref idref="fl-1b"/>
      </object_component>
      <object_component id="oc-2d1">
         <name>.debug_info</name>
         <load_address>0x1bec5</load_address>
         <run_address>0x1bec5</run_address>
         <size>0x15c</size>
         <input_file_ref idref="fl-1c"/>
      </object_component>
      <object_component id="oc-2b8">
         <name>.debug_info</name>
         <load_address>0x1c021</load_address>
         <run_address>0x1c021</run_address>
         <size>0x124</size>
         <input_file_ref idref="fl-1c"/>
      </object_component>
      <object_component id="oc-252">
         <name>.debug_info</name>
         <load_address>0x1c145</load_address>
         <run_address>0x1c145</run_address>
         <size>0xa5e</size>
         <input_file_ref idref="fl-1c"/>
      </object_component>
      <object_component id="oc-262">
         <name>.debug_info</name>
         <load_address>0x1cba3</load_address>
         <run_address>0x1cba3</run_address>
         <size>0x112</size>
         <input_file_ref idref="fl-1d"/>
      </object_component>
      <object_component id="oc-15a">
         <name>.debug_info</name>
         <load_address>0x1ccb5</load_address>
         <run_address>0x1ccb5</run_address>
         <size>0x10d</size>
         <input_file_ref idref="fl-1d"/>
      </object_component>
      <object_component id="oc-2a4">
         <name>.debug_info</name>
         <load_address>0x1cdc2</load_address>
         <run_address>0x1cdc2</run_address>
         <size>0x1b6</size>
         <input_file_ref idref="fl-1e"/>
      </object_component>
      <object_component id="oc-29e">
         <name>.debug_info</name>
         <load_address>0x1cf78</load_address>
         <run_address>0x1cf78</run_address>
         <size>0x110</size>
         <input_file_ref idref="fl-1e"/>
      </object_component>
      <object_component id="oc-21f">
         <name>.debug_info</name>
         <load_address>0x1d088</load_address>
         <run_address>0x1d088</run_address>
         <size>0x12a8</size>
         <input_file_ref idref="fl-1e"/>
      </object_component>
      <object_component id="oc-114">
         <name>.debug_info</name>
         <load_address>0x1e330</load_address>
         <run_address>0x1e330</run_address>
         <size>0x2a0</size>
         <input_file_ref idref="fl-23"/>
      </object_component>
      <object_component id="oc-90">
         <name>.debug_info</name>
         <load_address>0x1e5d0</load_address>
         <run_address>0x1e5d0</run_address>
         <size>0x15a</size>
         <input_file_ref idref="fl-23"/>
      </object_component>
      <object_component id="oc-1f5">
         <name>.debug_info</name>
         <load_address>0x1e72a</load_address>
         <run_address>0x1e72a</run_address>
         <size>0x39</size>
         <input_file_ref idref="fl-23"/>
      </object_component>
      <object_component id="oc-1fa">
         <name>.debug_info</name>
         <load_address>0x1e763</load_address>
         <run_address>0x1e763</run_address>
         <size>0xcd</size>
         <input_file_ref idref="fl-23"/>
      </object_component>
      <object_component id="oc-5b">
         <name>.debug_info</name>
         <load_address>0x1e830</load_address>
         <run_address>0x1e830</run_address>
         <size>0x123</size>
         <input_file_ref idref="fl-24"/>
      </object_component>
      <object_component id="oc-f">
         <name>.debug_info</name>
         <load_address>0x1e953</load_address>
         <run_address>0x1e953</run_address>
         <size>0x1c2</size>
         <input_file_ref idref="fl-24"/>
      </object_component>
      <object_component id="oc-56">
         <name>.debug_info</name>
         <load_address>0x1eb15</load_address>
         <run_address>0x1eb15</run_address>
         <size>0x46</size>
         <input_file_ref idref="fl-24"/>
      </object_component>
      <object_component id="oc-df">
         <name>.debug_info</name>
         <load_address>0x1eb5b</load_address>
         <run_address>0x1eb5b</run_address>
         <size>0x2c</size>
         <input_file_ref idref="fl-24"/>
      </object_component>
      <object_component id="oc-63">
         <name>.debug_info</name>
         <load_address>0x1eb87</load_address>
         <run_address>0x1eb87</run_address>
         <size>0x117</size>
         <input_file_ref idref="fl-25"/>
      </object_component>
      <object_component id="oc-60">
         <name>.debug_info</name>
         <load_address>0x1ec9e</load_address>
         <run_address>0x1ec9e</run_address>
         <size>0x22a</size>
         <input_file_ref idref="fl-25"/>
      </object_component>
      <object_component id="oc-13">
         <name>.debug_info</name>
         <load_address>0x1eec8</load_address>
         <run_address>0x1eec8</run_address>
         <size>0x1bc</size>
         <input_file_ref idref="fl-25"/>
      </object_component>
      <object_component id="oc-64">
         <name>.debug_info</name>
         <load_address>0x1f084</load_address>
         <run_address>0x1f084</run_address>
         <size>0x39</size>
         <input_file_ref idref="fl-25"/>
      </object_component>
      <object_component id="oc-74">
         <name>.debug_info</name>
         <load_address>0x1f0bd</load_address>
         <run_address>0x1f0bd</run_address>
         <size>0x112</size>
         <input_file_ref idref="fl-26"/>
      </object_component>
      <object_component id="oc-19">
         <name>.debug_info</name>
         <load_address>0x1f1cf</load_address>
         <run_address>0x1f1cf</run_address>
         <size>0x18d</size>
         <input_file_ref idref="fl-26"/>
      </object_component>
      <object_component id="oc-6f">
         <name>.debug_info</name>
         <load_address>0x1f35c</load_address>
         <run_address>0x1f35c</run_address>
         <size>0x46</size>
         <input_file_ref idref="fl-26"/>
      </object_component>
      <object_component id="oc-1f2">
         <name>.debug_info</name>
         <load_address>0x1f3a2</load_address>
         <run_address>0x1f3a2</run_address>
         <size>0x1c3</size>
         <input_file_ref idref="fl-27"/>
      </object_component>
      <object_component id="oc-10e">
         <name>.debug_info</name>
         <load_address>0x1f565</load_address>
         <run_address>0x1f565</run_address>
         <size>0x17f</size>
         <input_file_ref idref="fl-27"/>
      </object_component>
      <object_component id="oc-281">
         <name>.debug_info</name>
         <load_address>0x1f6e4</load_address>
         <run_address>0x1f6e4</run_address>
         <size>0x2c</size>
         <input_file_ref idref="fl-27"/>
      </object_component>
      <object_component id="oc-2cc">
         <name>.debug_info</name>
         <load_address>0x1f710</load_address>
         <run_address>0x1f710</run_address>
         <size>0xf3</size>
         <input_file_ref idref="fl-28"/>
      </object_component>
      <object_component id="oc-2a1">
         <name>.debug_info</name>
         <load_address>0x1f803</load_address>
         <run_address>0x1f803</run_address>
         <size>0xda</size>
         <input_file_ref idref="fl-28"/>
      </object_component>
      <object_component id="oc-2d4">
         <name>.debug_info</name>
         <load_address>0x1f8dd</load_address>
         <run_address>0x1f8dd</run_address>
         <size>0xae</size>
         <input_file_ref idref="fl-28"/>
      </object_component>
      <object_component id="oc-13b">
         <name>.debug_info</name>
         <load_address>0x1f98b</load_address>
         <run_address>0x1f98b</run_address>
         <size>0x174</size>
         <input_file_ref idref="fl-29"/>
      </object_component>
      <object_component id="oc-138">
         <name>.debug_info</name>
         <load_address>0x1faff</load_address>
         <run_address>0x1faff</run_address>
         <size>0x119</size>
         <input_file_ref idref="fl-29"/>
      </object_component>
      <object_component id="oc-99">
         <name>.debug_info</name>
         <load_address>0x1fc18</load_address>
         <run_address>0x1fc18</run_address>
         <size>0x1f0</size>
         <input_file_ref idref="fl-29"/>
      </object_component>
      <object_component id="oc-227">
         <name>.debug_info</name>
         <load_address>0x1fe08</load_address>
         <run_address>0x1fe08</run_address>
         <size>0x172</size>
         <input_file_ref idref="fl-2a"/>
      </object_component>
      <object_component id="oc-51">
         <name>.debug_info</name>
         <load_address>0x1ff7a</load_address>
         <run_address>0x1ff7a</run_address>
         <size>0xfa</size>
         <input_file_ref idref="fl-2b"/>
      </object_component>
      <object_component id="oc-6a">
         <name>.debug_info</name>
         <load_address>0x20074</load_address>
         <run_address>0x20074</run_address>
         <size>0x12a</size>
         <input_file_ref idref="fl-2c"/>
      </object_component>
      <object_component id="oc-202">
         <name>.debug_info</name>
         <load_address>0x2019e</load_address>
         <run_address>0x2019e</run_address>
         <size>0x174</size>
         <input_file_ref idref="fl-2d"/>
      </object_component>
      <object_component id="oc-238">
         <name>.debug_info</name>
         <load_address>0x20312</load_address>
         <run_address>0x20312</run_address>
         <size>0x107</size>
         <input_file_ref idref="fl-2e"/>
      </object_component>
      <object_component id="oc-135">
         <name>.debug_info</name>
         <load_address>0x20419</load_address>
         <run_address>0x20419</run_address>
         <size>0xf6</size>
         <input_file_ref idref="fl-2e"/>
      </object_component>
      <object_component id="oc-233">
         <name>.debug_info</name>
         <load_address>0x2050f</load_address>
         <run_address>0x2050f</run_address>
         <size>0x202</size>
         <input_file_ref idref="fl-2e"/>
      </object_component>
      <object_component id="oc-2fd">
         <name>.debug_info</name>
         <load_address>0x20711</load_address>
         <run_address>0x20711</run_address>
         <size>0xd0</size>
      </object_component>
      <object_component id="oc-180">
         <name>.debug_line</name>
         <load_address>0x0</load_address>
         <run_address>0x0</run_address>
         <size>0x1c5</size>
         <input_file_ref idref="fl-2"/>
      </object_component>
      <object_component id="oc-250">
         <name>.debug_line</name>
         <load_address>0x1c5</load_address>
         <run_address>0x1c5</run_address>
         <size>0x45</size>
         <input_file_ref idref="fl-2"/>
      </object_component>
      <object_component id="oc-18c">
         <name>.debug_line</name>
         <load_address>0x20a</load_address>
         <run_address>0x20a</run_address>
         <size>0x45</size>
         <input_file_ref idref="fl-2"/>
      </object_component>
      <object_component id="oc-a9">
         <name>.debug_line</name>
         <load_address>0x24f</load_address>
         <run_address>0x24f</run_address>
         <size>0x478</size>
         <input_file_ref idref="fl-2"/>
      </object_component>
      <object_component id="oc-28">
         <name>.debug_line</name>
         <load_address>0x6c7</load_address>
         <run_address>0x6c7</run_address>
         <size>0xa8</size>
         <input_file_ref idref="fl-2"/>
      </object_component>
      <object_component id="oc-17d">
         <name>.debug_line</name>
         <load_address>0x76f</load_address>
         <run_address>0x76f</run_address>
         <size>0x9c</size>
         <input_file_ref idref="fl-2"/>
      </object_component>
      <object_component id="oc-161">
         <name>.debug_line</name>
         <load_address>0x80b</load_address>
         <run_address>0x80b</run_address>
         <size>0xa4</size>
         <input_file_ref idref="fl-2"/>
      </object_component>
      <object_component id="oc-c1">
         <name>.debug_line</name>
         <load_address>0x8af</load_address>
         <run_address>0x8af</run_address>
         <size>0xa9</size>
         <input_file_ref idref="fl-2"/>
      </object_component>
      <object_component id="oc-2a8">
         <name>.debug_line</name>
         <load_address>0x958</load_address>
         <run_address>0x958</run_address>
         <size>0x74</size>
         <input_file_ref idref="fl-2"/>
      </object_component>
      <object_component id="oc-166">
         <name>.debug_line</name>
         <load_address>0x9cc</load_address>
         <run_address>0x9cc</run_address>
         <size>0x20</size>
         <input_file_ref idref="fl-2"/>
      </object_component>
      <object_component id="oc-d6">
         <name>.debug_line</name>
         <load_address>0x9ec</load_address>
         <run_address>0x9ec</run_address>
         <size>0xa4</size>
         <input_file_ref idref="fl-2"/>
      </object_component>
      <object_component id="oc-16b">
         <name>.debug_line</name>
         <load_address>0xa90</load_address>
         <run_address>0xa90</run_address>
         <size>0x75</size>
         <input_file_ref idref="fl-2"/>
      </object_component>
      <object_component id="oc-db">
         <name>.debug_line</name>
         <load_address>0xb05</load_address>
         <run_address>0xb05</run_address>
         <size>0xa7</size>
         <input_file_ref idref="fl-2"/>
      </object_component>
      <object_component id="oc-2ad">
         <name>.debug_line</name>
         <load_address>0xbac</load_address>
         <run_address>0xbac</run_address>
         <size>0x75</size>
         <input_file_ref idref="fl-2"/>
      </object_component>
      <object_component id="oc-184">
         <name>.debug_line</name>
         <load_address>0xc21</load_address>
         <run_address>0xc21</run_address>
         <size>0xa4</size>
         <input_file_ref idref="fl-2"/>
      </object_component>
      <object_component id="oc-14b">
         <name>.debug_line</name>
         <load_address>0xcc5</load_address>
         <run_address>0xcc5</run_address>
         <size>0xa0</size>
         <input_file_ref idref="fl-2"/>
      </object_component>
      <object_component id="oc-189">
         <name>.debug_line</name>
         <load_address>0xd65</load_address>
         <run_address>0xd65</run_address>
         <size>0xa4</size>
         <input_file_ref idref="fl-2"/>
      </object_component>
      <object_component id="oc-cf">
         <name>.debug_line</name>
         <load_address>0xe09</load_address>
         <run_address>0xe09</run_address>
         <size>0x8a</size>
         <input_file_ref idref="fl-3"/>
      </object_component>
      <object_component id="oc-1f0">
         <name>.debug_line</name>
         <load_address>0xe93</load_address>
         <run_address>0xe93</run_address>
         <size>0xa0</size>
         <input_file_ref idref="fl-4"/>
      </object_component>
      <object_component id="oc-8a">
         <name>.debug_line</name>
         <load_address>0xf33</load_address>
         <run_address>0xf33</run_address>
         <size>0x29b</size>
         <input_file_ref idref="fl-4"/>
      </object_component>
      <object_component id="oc-31">
         <name>.debug_line</name>
         <load_address>0x11ce</load_address>
         <run_address>0x11ce</run_address>
         <size>0x80</size>
         <input_file_ref idref="fl-4"/>
      </object_component>
      <object_component id="oc-192">
         <name>.debug_line</name>
         <load_address>0x124e</load_address>
         <run_address>0x124e</run_address>
         <size>0xa4</size>
         <input_file_ref idref="fl-4"/>
      </object_component>
      <object_component id="oc-10a">
         <name>.debug_line</name>
         <load_address>0x12f2</load_address>
         <run_address>0x12f2</run_address>
         <size>0xa0</size>
         <input_file_ref idref="fl-4"/>
      </object_component>
      <object_component id="oc-287">
         <name>.debug_line</name>
         <load_address>0x1392</load_address>
         <run_address>0x1392</run_address>
         <size>0x20</size>
         <input_file_ref idref="fl-5"/>
      </object_component>
      <object_component id="oc-119">
         <name>.debug_line</name>
         <load_address>0x13b2</load_address>
         <run_address>0x13b2</run_address>
         <size>0x1b0</size>
         <input_file_ref idref="fl-5"/>
      </object_component>
      <object_component id="oc-19c">
         <name>.debug_line</name>
         <load_address>0x1562</load_address>
         <run_address>0x1562</run_address>
         <size>0xa4</size>
         <input_file_ref idref="fl-5"/>
      </object_component>
      <object_component id="oc-28b">
         <name>.debug_line</name>
         <load_address>0x1606</load_address>
         <run_address>0x1606</run_address>
         <size>0xa0</size>
         <input_file_ref idref="fl-5"/>
      </object_component>
      <object_component id="oc-293">
         <name>.debug_line</name>
         <load_address>0x16a6</load_address>
         <run_address>0x16a6</run_address>
         <size>0x75</size>
         <input_file_ref idref="fl-6"/>
      </object_component>
      <object_component id="oc-291">
         <name>.debug_line</name>
         <load_address>0x171b</load_address>
         <run_address>0x171b</run_address>
         <size>0x45</size>
         <input_file_ref idref="fl-6"/>
      </object_component>
      <object_component id="oc-28f">
         <name>.debug_line</name>
         <load_address>0x1760</load_address>
         <run_address>0x1760</run_address>
         <size>0x45</size>
         <input_file_ref idref="fl-6"/>
      </object_component>
      <object_component id="oc-11f">
         <name>.debug_line</name>
         <load_address>0x17a5</load_address>
         <run_address>0x17a5</run_address>
         <size>0x2b6</size>
         <input_file_ref idref="fl-6"/>
      </object_component>
      <object_component id="oc-f1">
         <name>.debug_line</name>
         <load_address>0x1a5b</load_address>
         <run_address>0x1a5b</run_address>
         <size>0x75</size>
         <input_file_ref idref="fl-6"/>
      </object_component>
      <object_component id="oc-1cc">
         <name>.debug_line</name>
         <load_address>0x1ad0</load_address>
         <run_address>0x1ad0</run_address>
         <size>0xa4</size>
         <input_file_ref idref="fl-6"/>
      </object_component>
      <object_component id="oc-211">
         <name>.debug_line</name>
         <load_address>0x1b74</load_address>
         <run_address>0x1b74</run_address>
         <size>0xa0</size>
         <input_file_ref idref="fl-6"/>
      </object_component>
      <object_component id="oc-23f">
         <name>.debug_line</name>
         <load_address>0x1c14</load_address>
         <run_address>0x1c14</run_address>
         <size>0x20</size>
         <input_file_ref idref="fl-7"/>
      </object_component>
      <object_component id="oc-a3">
         <name>.debug_line</name>
         <load_address>0x1c34</load_address>
         <run_address>0x1c34</run_address>
         <size>0x194</size>
         <input_file_ref idref="fl-7"/>
      </object_component>
      <object_component id="oc-1b8">
         <name>.debug_line</name>
         <load_address>0x1dc8</load_address>
         <run_address>0x1dc8</run_address>
         <size>0xa4</size>
         <input_file_ref idref="fl-7"/>
      </object_component>
      <object_component id="oc-1bd">
         <name>.debug_line</name>
         <load_address>0x1e6c</load_address>
         <run_address>0x1e6c</run_address>
         <size>0xa7</size>
         <input_file_ref idref="fl-7"/>
      </object_component>
      <object_component id="oc-1c2">
         <name>.debug_line</name>
         <load_address>0x1f13</load_address>
         <run_address>0x1f13</run_address>
         <size>0xa4</size>
         <input_file_ref idref="fl-7"/>
      </object_component>
      <object_component id="oc-243">
         <name>.debug_line</name>
         <load_address>0x1fb7</load_address>
         <run_address>0x1fb7</run_address>
         <size>0xa4</size>
         <input_file_ref idref="fl-7"/>
      </object_component>
      <object_component id="oc-142">
         <name>.debug_line</name>
         <load_address>0x205b</load_address>
         <run_address>0x205b</run_address>
         <size>0xa4</size>
         <input_file_ref idref="fl-7"/>
      </object_component>
      <object_component id="oc-21c">
         <name>.debug_line</name>
         <load_address>0x20ff</load_address>
         <run_address>0x20ff</run_address>
         <size>0xa0</size>
         <input_file_ref idref="fl-7"/>
      </object_component>
      <object_component id="oc-1ed">
         <name>.debug_line</name>
         <load_address>0x219f</load_address>
         <run_address>0x219f</run_address>
         <size>0xa9</size>
         <input_file_ref idref="fl-7"/>
      </object_component>
      <object_component id="oc-1c7">
         <name>.debug_line</name>
         <load_address>0x2248</load_address>
         <run_address>0x2248</run_address>
         <size>0xa4</size>
         <input_file_ref idref="fl-7"/>
      </object_component>
      <object_component id="oc-197">
         <name>.debug_line</name>
         <load_address>0x22ec</load_address>
         <run_address>0x22ec</run_address>
         <size>0xa6</size>
         <input_file_ref idref="fl-7"/>
      </object_component>
      <object_component id="oc-1e0">
         <name>.debug_line</name>
         <load_address>0x2392</load_address>
         <run_address>0x2392</run_address>
         <size>0xa3</size>
         <input_file_ref idref="fl-7"/>
      </object_component>
      <object_component id="oc-1d6">
         <name>.debug_line</name>
         <load_address>0x2435</load_address>
         <run_address>0x2435</run_address>
         <size>0xa6</size>
         <input_file_ref idref="fl-7"/>
      </object_component>
      <object_component id="oc-248">
         <name>.debug_line</name>
         <load_address>0x24db</load_address>
         <run_address>0x24db</run_address>
         <size>0xa4</size>
         <input_file_ref idref="fl-7"/>
      </object_component>
      <object_component id="oc-275">
         <name>.debug_line</name>
         <load_address>0x257f</load_address>
         <run_address>0x257f</run_address>
         <size>0xa0</size>
         <input_file_ref idref="fl-7"/>
      </object_component>
      <object_component id="oc-24d">
         <name>.debug_line</name>
         <load_address>0x261f</load_address>
         <run_address>0x261f</run_address>
         <size>0xa4</size>
         <input_file_ref idref="fl-7"/>
      </object_component>
      <object_component id="oc-1e5">
         <name>.debug_line</name>
         <load_address>0x26c3</load_address>
         <run_address>0x26c3</run_address>
         <size>0xa4</size>
         <input_file_ref idref="fl-7"/>
      </object_component>
      <object_component id="oc-1a1">
         <name>.debug_line</name>
         <load_address>0x2767</load_address>
         <run_address>0x2767</run_address>
         <size>0xa7</size>
         <input_file_ref idref="fl-7"/>
      </object_component>
      <object_component id="oc-1a6">
         <name>.debug_line</name>
         <load_address>0x280e</load_address>
         <run_address>0x280e</run_address>
         <size>0xa6</size>
         <input_file_ref idref="fl-7"/>
      </object_component>
      <object_component id="oc-278">
         <name>.debug_line</name>
         <load_address>0x28b4</load_address>
         <run_address>0x28b4</run_address>
         <size>0x20</size>
         <input_file_ref idref="fl-8"/>
      </object_component>
      <object_component id="oc-fb">
         <name>.debug_line</name>
         <load_address>0x28d4</load_address>
         <run_address>0x28d4</run_address>
         <size>0xea</size>
         <input_file_ref idref="fl-8"/>
      </object_component>
      <object_component id="oc-1d1">
         <name>.debug_line</name>
         <load_address>0x29be</load_address>
         <run_address>0x29be</run_address>
         <size>0xa7</size>
         <input_file_ref idref="fl-8"/>
      </object_component>
      <object_component id="oc-27c">
         <name>.debug_line</name>
         <load_address>0x2a65</load_address>
         <run_address>0x2a65</run_address>
         <size>0xa3</size>
         <input_file_ref idref="fl-8"/>
      </object_component>
      <object_component id="oc-26c">
         <name>.debug_line</name>
         <load_address>0x2b08</load_address>
         <run_address>0x2b08</run_address>
         <size>0xa0</size>
         <input_file_ref idref="fl-9"/>
      </object_component>
      <object_component id="oc-1ae">
         <name>.debug_line</name>
         <load_address>0x2ba8</load_address>
         <run_address>0x2ba8</run_address>
         <size>0x45</size>
         <input_file_ref idref="fl-9"/>
      </object_component>
      <object_component id="oc-125">
         <name>.debug_line</name>
         <load_address>0x2bed</load_address>
         <run_address>0x2bed</run_address>
         <size>0x294</size>
         <input_file_ref idref="fl-9"/>
      </object_component>
      <object_component id="oc-37">
         <name>.debug_line</name>
         <load_address>0x2e81</load_address>
         <run_address>0x2e81</run_address>
         <size>0xa1</size>
         <input_file_ref idref="fl-9"/>
      </object_component>
      <object_component id="oc-270">
         <name>.debug_line</name>
         <load_address>0x2f22</load_address>
         <run_address>0x2f22</run_address>
         <size>0x45</size>
         <input_file_ref idref="fl-9"/>
      </object_component>
      <object_component id="oc-297">
         <name>.debug_line</name>
         <load_address>0x2f67</load_address>
         <run_address>0x2f67</run_address>
         <size>0x20</size>
         <input_file_ref idref="fl-a"/>
      </object_component>
      <object_component id="oc-295">
         <name>.debug_line</name>
         <load_address>0x2f87</load_address>
         <run_address>0x2f87</run_address>
         <size>0x45</size>
         <input_file_ref idref="fl-a"/>
      </object_component>
      <object_component id="oc-12b">
         <name>.debug_line</name>
         <load_address>0x2fcc</load_address>
         <run_address>0x2fcc</run_address>
         <size>0x378</size>
         <input_file_ref idref="fl-a"/>
      </object_component>
      <object_component id="oc-29b">
         <name>.debug_line</name>
         <load_address>0x3344</load_address>
         <run_address>0x3344</run_address>
         <size>0x45</size>
         <input_file_ref idref="fl-a"/>
      </object_component>
      <object_component id="oc-79">
         <name>.debug_line</name>
         <load_address>0x3389</load_address>
         <run_address>0x3389</run_address>
         <size>0x2f6</size>
         <input_file_ref idref="fl-b"/>
      </object_component>
      <object_component id="oc-3d">
         <name>.debug_line</name>
         <load_address>0x367f</load_address>
         <run_address>0x367f</run_address>
         <size>0x61</size>
         <input_file_ref idref="fl-d"/>
      </object_component>
      <object_component id="oc-96">
         <name>.debug_line</name>
         <load_address>0x36e0</load_address>
         <run_address>0x36e0</run_address>
         <size>0x73</size>
         <input_file_ref idref="fl-e"/>
      </object_component>
      <object_component id="oc-170">
         <name>.debug_line</name>
         <load_address>0x3753</load_address>
         <run_address>0x3753</run_address>
         <size>0xa0</size>
         <input_file_ref idref="fl-e"/>
      </object_component>
      <object_component id="oc-2c2">
         <name>.debug_line</name>
         <load_address>0x37f3</load_address>
         <run_address>0x37f3</run_address>
         <size>0x20</size>
         <input_file_ref idref="fl-10"/>
      </object_component>
      <object_component id="oc-2c6">
         <name>.debug_line</name>
         <load_address>0x3813</load_address>
         <run_address>0x3813</run_address>
         <size>0xa4</size>
         <input_file_ref idref="fl-10"/>
      </object_component>
      <object_component id="oc-1db">
         <name>.debug_line</name>
         <load_address>0x38b7</load_address>
         <run_address>0x38b7</run_address>
         <size>0xa4</size>
         <input_file_ref idref="fl-10"/>
      </object_component>
      <object_component id="oc-42">
         <name>.debug_line</name>
         <load_address>0x395b</load_address>
         <run_address>0x395b</run_address>
         <size>0x5d</size>
         <input_file_ref idref="fl-11"/>
      </object_component>
      <object_component id="oc-103">
         <name>.debug_line</name>
         <load_address>0x39b8</load_address>
         <run_address>0x39b8</run_address>
         <size>0x137</size>
         <input_file_ref idref="fl-13"/>
      </object_component>
      <object_component id="oc-1e9">
         <name>.debug_line</name>
         <load_address>0x3aef</load_address>
         <run_address>0x3aef</run_address>
         <size>0x1b2</size>
         <input_file_ref idref="fl-14"/>
      </object_component>
[...]
      </symbol>
      <symbol id="sm-6e0">
         <name>mibspi5ParityCheck</name>
         <value>0x18b0</value>
         <object_component_ref idref="oc-80"/>
      </symbol>
      <symbol id="sm-6e1">
         <name>checkB0RAMECC</name>
         <value>0x938</value>
         <object_component_ref idref="oc-80"/>
      </symbol>
      <symbol id="sm-6e2">
         <name>stcGetConfigValue</name>
         <value>0x25bc</value>
         <object_component_ref idref="oc-80"/>
      </symbol>
      <symbol id="sm-6e3">
         <name>pbistIsTestPassed</name>
         <value>0x5d4</value>
         <object_component_ref idref="oc-80"/>
      </symbol>
      <symbol id="sm-6e4">
         <name>checkClockMonitor</name>
         <value>0x1c18</value>
         <object_component_ref idref="oc-80"/>
      </symbol>
      <symbol id="sm-6e5">
         <name>fmcECCcheck</name>
         <value>0x898</value>
         <object_component_ref idref="oc-80"/>
      </symbol>
      <symbol id="sm-6e6">
         <name>fmcBus2Check</name>
         <value>0x85c</value>
         <object_component_ref idref="oc-80"/>
      </symbol>
      <symbol id="sm-6e7">
         <name>checkRAMUERRTest</name>
         <value>0x215c</value>
         <object_component_ref idref="oc-80"/>
      </symbol>
      <symbol id="sm-6e8">
         <name>efcStuckZeroTest</name>
         <value>0x6e8</value>
         <object_component_ref idref="oc-80"/>
      </symbol>
      <symbol id="sm-6e9">
         <name>checkPLL2Slip</name>
         <value>0x1f8c</value>
         <object_component_ref idref="oc-80"/>
      </symbol>
      <symbol id="sm-711">
         <name>_c_int00</name>
         <value>0xc304</value>
         <object_component_ref idref="oc-1e"/>
      </symbol>
      <symbol id="sm-7bf">
         <name>vimChannelMap</name>
         <value>0x8054</value>
         <object_component_ref idref="oc-45"/>
      </symbol>
      <symbol id="sm-7c0">
         <name>vimInit</name>
         <value>0x7f80</value>
         <object_component_ref idref="oc-45"/>
      </symbol>
      <symbol id="sm-7c1">
         <name>vimEnableInterrupt</name>
         <value>0x80f0</value>
         <object_component_ref idref="oc-45"/>
      </symbol>
      <symbol id="sm-7c2">
         <name>vimDisableInterrupt</name>
         <value>0x82b8</value>
         <object_component_ref idref="oc-45"/>
      </symbol>
      <symbol id="sm-7c3">
         <name>vimGetConfigValue</name>
         <value>0x8364</value>
         <object_component_ref idref="oc-45"/>
      </symbol>
      <symbol id="sm-7c4">
         <name>vimParityErrorHandler</name>
         <value>0xc028</value>
         <object_component_ref idref="oc-44"/>
      </symbol>
      <symbol id="sm-81e">
         <name>systemGetConfigValue</name>
         <value>0x6d2c</value>
         <object_component_ref idref="oc-7a"/>
      </symbol>
      <symbol id="sm-81f">
         <name>trimLPO</name>
         <value>0x6a2c</value>
         <object_component_ref idref="oc-7a"/>
      </symbol>
      <symbol id="sm-820">
         <name>systemInit</name>
         <value>0x6c30</value>
         <object_component_ref idref="oc-7a"/>
      </symbol>
      <symbol id="sm-821">
         <name>tcmflashGetConfigValue</name>
         <value>0x7140</value>
         <object_component_ref idref="oc-7a"/>
      </symbol>
      <symbol id="sm-822">
         <name>sramGetConfigValue</name>
         <value>0x72ec</value>
         <object_component_ref idref="oc-7a"/>
      </symbol>
      <symbol id="sm-823">
         <name>periphInit</name>
         <value>0x6ab4</value>
         <object_component_ref idref="oc-7a"/>
      </symbol>
      <symbol id="sm-824">
         <name>setupFlash</name>
         <value>0x6a74</value>
         <object_component_ref idref="oc-7a"/>
      </symbol>
      <symbol id="sm-825">
         <name>setupPLL</name>
         <value>0x69cc</value>
         <object_component_ref idref="oc-7a"/>
      </symbol>
      <symbol id="sm-826">
         <name>mapClocks</name>
         <value>0x6b08</value>
         <object_component_ref idref="oc-7a"/>
      </symbol>
      <symbol id="sm-827">
         <name>systemPowerDown</name>
         <value>0x6cfc</value>
         <object_component_ref idref="oc-7a"/>
      </symbol>
      <symbol id="sm-896">
         <name>dataconfig1_t</name>
         <value>0x800177c</value>
      </symbol>
      <symbol id="sm-897">
         <name>ResistanceToTemperature</name>
         <value>0x689c</value>
         <object_component_ref idref="oc-12d"/>
      </symbol>
      <symbol id="sm-898">
         <name>Ads1247PositiveCalibration</name>
         <value>0x80015f0</value>
         <object_component_ref idref="oc-22c"/>
      </symbol>
      <symbol id="sm-899">
         <name>AdcFilterReadData</name>
         <value>0x66bc</value>
         <object_component_ref idref="oc-12d"/>
      </symbol>
      <symbol id="sm-89a">
         <name>GetTempCalibrationParameter</name>
         <value>0x6978</value>
         <object_component_ref idref="oc-12d"/>
      </symbol>
      <symbol id="sm-89b">
         <name>Ads1247ReadRegisters</name>
         <value>0x5c88</value>
         <object_component_ref idref="oc-12d"/>
      </symbol>
      <symbol id="sm-89c">
         <name>SpiSetCs</name>
         <value>0x5b88</value>
         <object_component_ref idref="oc-12d"/>
      </symbol>
      <symbol id="sm-89d">
         <name>Ads1247ReadData</name>
         <value>0x6058</value>
         <object_component_ref idref="oc-12d"/>
      </symbol>
      <symbol id="sm-89e">
         <name>Ads1247WriteRegisters</name>
         <value>0x5d78</value>
         <object_component_ref idref="oc-12d"/>
      </symbol>
      <symbol id="sm-89f">
         <name>SpiClearCs</name>
         <value>0x5bb4</value>
         <object_component_ref idref="oc-12d"/>
      </symbol>
      <symbol id="sm-8a0">
         <name>AdcSpiInit</name>
         <value>0x60fc</value>
         <object_component_ref idref="oc-12d"/>
      </symbol>
      <symbol id="sm-8a1">
         <name>Ads1247Init</name>
         <value>0x5e60</value>
         <object_component_ref idref="oc-12d"/>
      </symbol>
      <symbol id="sm-8a2">
         <name>Ads1247ReadRegister</name>
         <value>0x5d20</value>
         <object_component_ref idref="oc-12d"/>
      </symbol>
      <symbol id="sm-8a3">
         <name>Ads1247WriteRegister</name>
         <value>0x5e0c</value>
         <object_component_ref idref="oc-12d"/>
      </symbol>
      <symbol id="sm-8a4">
         <name>AdcReadData</name>
         <value>0x6614</value>
         <object_component_ref idref="oc-12d"/>
      </symbol>
      <symbol id="sm-8a5">
         <name>AdcInit</name>
         <value>0x6168</value>
         <object_component_ref idref="oc-12d"/>
      </symbol>
      <symbol id="sm-8a6">
         <name>Ads1247Delay</name>
         <value>0x5c20</value>
         <object_component_ref idref="oc-12d"/>
      </symbol>
      <symbol id="sm-8a7">
         <name>SetTempCalibrationParameter</name>
         <value>0x6954</value>
         <object_component_ref idref="oc-12d"/>
      </symbol>
      <symbol id="sm-8a8">
         <name>AdcChannelSet</name>
         <value>0x61f0</value>
         <object_component_ref idref="oc-12d"/>
      </symbol>
      <symbol id="sm-8a9">
         <name>SpiReadWriteData</name>
         <value>0x5be0</value>
         <object_component_ref idref="oc-12d"/>
      </symbol>
      <symbol id="sm-921">
         <name>canSetID</name>
         <value>0x4e44</value>
         <object_component_ref idref="oc-ab"/>
      </symbol>
      <symbol id="sm-922">
         <name>canGetIDType</name>
         <value>0x4dd0</value>
         <object_component_ref idref="oc-ab"/>
      </symbol>
      <symbol id="sm-923">
         <name>cansetIDType</name>
         <value>0x4d40</value>
         <object_component_ref idref="oc-ab"/>
      </symbol>
      <symbol id="sm-924">
         <name>CAN_MessageGet</name>
         <value>0x4f68</value>
         <object_component_ref idref="oc-ab"/>
      </symbol>
      <symbol id="sm-925">
         <name>Can_cmd_parse</name>
         <value>0x537c</value>
         <object_component_ref idref="oc-ab"/>
      </symbol>
      <symbol id="sm-926">
         <name>Can_change_return_id</name>
         <value>0x5150</value>
         <object_component_ref idref="oc-ab"/>
      </symbol>
      <symbol id="sm-927">
         <name>CanRxCmdRingBuffer</name>
         <value>0x8001650</value>
         <object_component_ref idref="oc-156"/>
      </symbol>
      <symbol id="sm-928">
         <name>Can_return_Calibration_temp_msg</name>
         <value>0x59c0</value>
         <object_component_ref idref="oc-ab"/>
      </symbol>
      <symbol id="sm-929">
         <name>CanRxCmdButtomCounter</name>
         <value>0x8001649</value>
         <object_component_ref idref="oc-153"/>
      </symbol>
      <symbol id="sm-92a">
         <name>Can_Process</name>
         <value>0x52f8</value>
         <object_component_ref idref="oc-ab"/>
      </symbol>
      <symbol id="sm-92b">
         <name>Can_return_sn_msg</name>
         <value>0x5428</value>
         <object_component_ref idref="oc-ab"/>
      </symbol>
      <symbol id="sm-92c">
         <name>CanSetSrcAddr</name>
         <value>0x8001647</value>
         <object_component_ref idref="oc-153"/>
      </symbol>
      <symbol id="sm-92d">
         <name>Can_return_ad_msg</name>
         <value>0x555c</value>
         <object_component_ref idref="oc-ab"/>
      </symbol>
      <symbol id="sm-92e">
         <name>CanRxCmdTopCounter</name>
         <value>0x8001648</value>
         <object_component_ref idref="oc-153"/>
      </symbol>
      <symbol id="sm-92f">
         <name>Can_return_board_msg</name>
         <value>0x58f8</value>
         <object_component_ref idref="oc-ab"/>
      </symbol>
      <symbol id="sm-930">
         <name>CanReceivecompleteFlg</name>
         <value>0x800164a</value>
         <object_component_ref idref="oc-153"/>
      </symbol>
      <symbol id="sm-931">
         <name>Can_return_eeprom_msg</name>
         <value>0x568c</value>
         <object_component_ref idref="oc-ab"/>
      </symbol>
      <symbol id="sm-97c">
         <name>DS2341_Write_8Byte</name>
         <value>0xb0d8</value>
         <object_component_ref idref="oc-14d"/>
      </symbol>
      <symbol id="sm-97d">
         <name>DS2431_ReadData</name>
         <value>0xb1b4</value>
         <object_component_ref idref="oc-14d"/>
      </symbol>
      <symbol id="sm-9a1">
         <name>LEDInit</name>
         <value>0xcbb8</value>
         <object_component_ref idref="oc-b1"/>
      </symbol>
      <symbol id="sm-9a2">
         <name>LEDOff</name>
         <value>0xcc74</value>
         <object_component_ref idref="oc-b1"/>
      </symbol>
      <symbol id="sm-9a3">
         <name>LEDOn</name>
         <value>0xcc44</value>
         <object_component_ref idref="oc-b1"/>
      </symbol>
      <symbol id="sm-9a4">
         <name>LEDFlash</name>
         <value>0xcbd0</value>
         <object_component_ref idref="oc-b1"/>
      </symbol>
      <symbol id="sm-9a5">
         <name>LEdStatus</name>
         <value>0x800164b</value>
         <object_component_ref idref="oc-172"/>
      </symbol>
      <symbol id="sm-a59">
         <name>OneWireDevice_Selection</name>
         <value>0x9198</value>
         <object_component_ref idref="oc-251"/>
      </symbol>
      <symbol id="sm-a5a">
         <name>OneWire_Init</name>
         <value>0x91e4</value>
         <object_component_ref idref="oc-251"/>
      </symbol>
      <symbol id="sm-a5b">
         <name>OneWire_TxByte</name>
         <value>0x9054</value>
         <object_component_ref idref="oc-251"/>
      </symbol>
      <symbol id="sm-a5c">
         <name>OneWire_RxByte</name>
         <value>0x912c</value>
         <object_component_ref idref="oc-251"/>
      </symbol>
      <symbol id="sm-a67">
         <name>SN_ID</name>
         <value>0x8001640</value>
         <object_component_ref idref="oc-159"/>
      </symbol>
      <symbol id="sm-ac1">
         <name>snprintf</name>
         <value>0x7cdc</value>
         <object_component_ref idref="oc-21e"/>
      </symbol>
      <symbol id="sm-ac2">
         <name>sprintf</name>
         <value>0x7e60</value>
         <object_component_ref idref="oc-21e"/>
      </symbol>
      <symbol id="sm-ac3">
         <name>vsnprintf</name>
         <value>0x7958</value>
         <object_component_ref idref="oc-21e"/>
      </symbol>
      <symbol id="sm-ac4">
         <name>puts</name>
         <value>0x7eac</value>
         <object_component_ref idref="oc-21e"/>
      </symbol>
      <symbol id="sm-ac5">
         <name>vprintf</name>
         <value>0x7db4</value>
         <object_component_ref idref="oc-21e"/>
      </symbol>
      <symbol id="sm-ac6">
         <name>PutChar</name>
         <value>0x750c</value>
         <object_component_ref idref="oc-21e"/>
      </symbol>
      <symbol id="sm-ac7">
         <name>PutHexa</name>
         <value>0x7814</value>
         <object_component_ref idref="oc-21e"/>
      </symbol>
      <symbol id="sm-ac8">
         <name>PutString</name>
         <value>0x7530</value>
         <object_component_ref idref="oc-21e"/>
      </symbol>
      <symbol id="sm-ac9">
         <name>PutUnsignedInt</name>
         <value>0x758c</value>
         <object_component_ref idref="oc-21e"/>
      </symbol>
      <symbol id="sm-aca">
         <name>fprintf</name>
         <value>0x7dd4</value>
         <object_component_ref idref="oc-21e"/>
      </symbol>
      <symbol id="sm-acb">
         <name>PrintChar</name>
         <value>0x74f4</value>
         <object_component_ref idref="oc-21e"/>
      </symbol>
      <symbol id="sm-acc">
         <name>printf</name>
         <value>0x7e20</value>
         <object_component_ref idref="oc-21e"/>
      </symbol>
      <symbol id="sm-acd">
         <name>vsprintf</name>
         <value>0x7d2c</value>
         <object_component_ref idref="oc-21e"/>
      </symbol>
      <symbol id="sm-ace">
         <name>fputs</name>
         <value>0x7f08</value>
         <object_component_ref idref="oc-21e"/>
      </symbol>
      <symbol id="sm-acf">
         <name>fputc</name>
         <value>0x7ec4</value>
         <object_component_ref idref="oc-21e"/>
      </symbol>
      <symbol id="sm-ad0">
         <name>PutSignedInt</name>
         <value>0x7680</value>
         <object_component_ref idref="oc-21e"/>
      </symbol>
      <symbol id="sm-ad1">
         <name>vfprintf</name>
         <value>0x7d54</value>
         <object_component_ref idref="oc-21e"/>
      </symbol>
      <symbol id="sm-af7">
         <name>__TI_auto_init</name>
         <value>0xcf95</value>
         <object_component_ref idref="oc-8c"/>
      </symbol>
      <symbol id="sm-b0e">
         <name>__TI_decompress_none</name>
         <value>0xd1fd</value>
         <object_component_ref idref="oc-c"/>
      </symbol>
      <symbol id="sm-b30">
         <name>__TI_decompress_rle24</name>
         <value>0xd217</value>
         <object_component_ref idref="oc-12"/>
      </symbol>
      <symbol id="sm-b42">
         <name>__TI_zero_init</name>
         <value>0xd20b</value>
         <object_component_ref idref="oc-18"/>
      </symbol>
      <symbol id="sm-b5c">
         <name>copy_in</name>
         <value>0xd119</value>
         <object_component_ref idref="oc-10d"/>
      </symbol>
      <symbol id="sm-b6c">
         <name>_ftable</name>
         <value>0x8001500</value>
         <object_component_ref idref="oc-2a0"/>
      </symbol>
      <symbol id="sm-b8b">
         <name>C$$EXIT</name>
         <value>0xd1a9</value>
         <object_component_ref idref="oc-98"/>
      </symbol>
      <symbol id="sm-b8c">
         <name>abort</name>
         <value>0xd1ad</value>
         <object_component_ref idref="oc-98"/>
      </symbol>
      <symbol id="sm-b8d">
         <name>exit</name>
         <value>0xd1b5</value>
         <object_component_ref idref="oc-98"/>
      </symbol>
      <symbol id="sm-b8e">
         <name>__TI_dtors_ptr</name>
         <value>0x800163c</value>
         <object_component_ref idref="oc-137"/>
      </symbol>
      <symbol id="sm-b8f">
         <name>__TI_cleanup_ptr</name>
         <value>0x8001638</value>
         <object_component_ref idref="oc-137"/>
      </symbol>
      <symbol id="sm-b9f">
         <name>__aeabi_idivmod</name>
         <value>0xd06c</value>
         <object_component_ref idref="oc-224"/>
      </symbol>
      <symbol id="sm-ba0">
         <name>__aeabi_idiv</name>
         <value>0xd06c</value>
         <object_component_ref idref="oc-224"/>
      </symbol>
      <symbol id="sm-bbb">
         <name>memcpy</name>
         <value>0xce7d</value>
         <object_component_ref idref="oc-50"/>
      </symbol>
      <symbol id="sm-bbc">
         <name>__aeabi_memcpy</name>
         <value>0xce7d</value>
         <object_component_ref idref="oc-50"/>
      </symbol>
      <symbol id="sm-bbd">
         <name>__aeabi_memcpy8</name>
         <value>0xce7d</value>
         <object_component_ref idref="oc-50"/>
      </symbol>
      <symbol id="sm-bbe">
         <name>__aeabi_memcpy4</name>
         <value>0xce7d</value>
         <object_component_ref idref="oc-50"/>
      </symbol>
      <symbol id="sm-bcd">
         <name>__aeabi_memset</name>
         <value>0xcf1b</value>
         <object_component_ref idref="oc-69"/>
      </symbol>
      <symbol id="sm-bce">
         <name>memset</name>
         <value>0xcf21</value>
         <object_component_ref idref="oc-69"/>
      </symbol>
      <symbol id="sm-bcf">
         <name>__aeabi_memset8</name>
         <value>0xcf1b</value>
         <object_component_ref idref="oc-69"/>
      </symbol>
      <symbol id="sm-bd0">
         <name>__aeabi_memset4</name>
         <value>0xcf1b</value>
         <object_component_ref idref="oc-69"/>
      </symbol>
      <symbol id="sm-bd1">
         <name>__aeabi_memclr8</name>
         <value>0xcf19</value>
         <object_component_ref idref="oc-69"/>
      </symbol>
      <symbol id="sm-bd2">
         <name>__aeabi_memclr4</name>
         <value>0xcf19</value>
         <object_component_ref idref="oc-69"/>
      </symbol>
      <symbol id="sm-bd3">
         <name>__aeabi_memclr</name>
         <value>0xcf19</value>
         <object_component_ref idref="oc-69"/>
      </symbol>
      <symbol id="sm-be2">
         <name>__aeabi_uidivmod</name>
         <value>0xd0c4</value>
         <object_component_ref idref="oc-201"/>
      </symbol>
      <symbol id="sm-be3">
         <name>__aeabi_uidiv</name>
         <value>0xd0c4</value>
         <object_component_ref idref="oc-201"/>
      </symbol>
      <symbol id="sm-bfc">
         <name>_nop</name>
         <value>0xd1f7</value>
         <object_component_ref idref="oc-230"/>
      </symbol>
      <symbol id="sm-bfd">
         <name>_lock</name>
         <value>0x8001630</value>
         <object_component_ref idref="oc-134"/>
      </symbol>
      <symbol id="sm-bfe">
         <name>_unlock</name>
         <value>0x8001634</value>
         <object_component_ref idref="oc-134"/>
      </symbol>
      <symbol id="sm-bff">
         <name>_register_lock</name>
         <value>0xd1ef</value>
         <object_component_ref idref="oc-230"/>
      </symbol>
      <symbol id="sm-c00">
         <name>_register_unlock</name>
         <value>0xd1e9</value>
         <object_component_ref idref="oc-230"/>
      </symbol>
      <symbol id="sm-c01">
         <name>__TI_static_base__</name>
         <value>0x0</value>
      </symbol>
      <symbol id="sm-c04">
         <name>SHT$$INIT_ARRAY$$Base</name>
         <value>0x0</value>
      </symbol>
      <symbol id="sm-c05">
         <name>SHT$$INIT_ARRAY$$Limit</name>
         <value>0x0</value>
      </symbol>
   </symbol_table>
   <title>Link successful</title>
</link_info>
